鐢熸垚鍚姩鏃堕棿涓?2025/12/8 14:22:13銆?
     1>椤圭洰鈥淔:\ProjectCode\OrlanFackeMicro\FakeMicro.sln鈥濆湪鑺傜偣 1 涓?Restore 涓洰鏍?銆?
     1>ValidateSolutionConfiguration:
         姝ｅ湪鐢熸垚瑙ｅ喅鏂规閰嶇疆鈥淒ebug|Any CPU鈥濄€?
       _GetAllRestoreProjectPathItems:
         姝ｅ湪纭畾瑕佽繕鍘熺殑椤圭洰鈥?
       Restore:
         X.509 璇佷功閾鹃獙璇佸皢浣跨敤 .NET 閫夋嫨鐨勯粯璁や俊浠诲瓨鍌ㄨ繘琛屼唬鐮佺鍚嶃€?
         X.509 璇佷功閾鹃獙璇佸皢浣跨敤 .NET 閫夋嫨鐨勯粯璁や俊浠诲瓨鍌ㄨ繘琛屾椂闂存埑銆?
         璧勪骇鏂囦欢鏈敼鍙樸€傝烦杩囪祫浜ф枃浠跺啓鍏ャ€傝矾寰? F:\ProjectCode\OrlanFackeMicro\src\FakeMicro.Utilities\obj\project.assets.json
         璧勪骇鏂囦欢鏈敼鍙樸€傝烦杩囪祫浜ф枃浠跺啓鍏ャ€傝矾寰? F:\ProjectCode\OrlanFackeMicro\src\FakeMicro.DatabaseAccess\obj\project.assets.json
         璧勪骇鏂囦欢鏈敼鍙樸€傝烦杩囪祫浜ф枃浠跺啓鍏ャ€傝矾寰? F:\ProjectCode\OrlanFackeMicro\src\FakeMicro.Silo\obj\project.assets.json
         璧勪骇鏂囦欢鏈敼鍙樸€傝烦杩囪祫浜ф枃浠跺啓鍏ャ€傝矾寰? F:\ProjectCode\OrlanFackeMicro\src\FakeMicro.Grains\obj\project.assets.json
         璧勪骇鏂囦欢鏈敼鍙樸€傝烦杩囪祫浜ф枃浠跺啓鍏ャ€傝矾寰? F:\ProjectCode\OrlanFackeMicro\src\FakeMicro.Api\obj\project.assets.json
         璧勪骇鏂囦欢鏈敼鍙樸€傝烦杩囪祫浜ф枃浠跺啓鍏ャ€傝矾寰? F:\ProjectCode\OrlanFackeMicro\src\FakeMicro.Interfaces\obj\project.assets.json
         璧勪骇鏂囦欢鏈敼鍙樸€傝烦杩囪祫浜ф枃浠跺啓鍏ャ€傝矾寰? F:\ProjectCode\OrlanFackeMicro\src\FakeMicro.Entities\obj\project.assets.json
         宸茶繕鍘?F:\ProjectCode\OrlanFackeMicro\src\FakeMicro.Api\FakeMicro.Api.csproj (鐢ㄦ椂 82 姣)銆?
         宸茶繕鍘?F:\ProjectCode\OrlanFackeMicro\src\FakeMicro.Silo\FakeMicro.Silo.csproj (鐢ㄦ椂 82 姣)銆?
         宸茶繕鍘?F:\ProjectCode\OrlanFackeMicro\src\FakeMicro.Entities\FakeMicro.Entities.csproj (鐢ㄦ椂 82 姣)銆?
         宸茶繕鍘?F:\ProjectCode\OrlanFackeMicro\src\FakeMicro.Utilities\FakeMicro.Utilities.csproj (鐢ㄦ椂 82 姣)銆?
         宸茶繕鍘?F:\ProjectCode\OrlanFackeMicro\src\FakeMicro.DatabaseAccess\FakeMicro.DatabaseAccess.csproj (鐢ㄦ椂 82 姣)銆?
         宸茶繕鍘?F:\ProjectCode\OrlanFackeMicro\src\FakeMicro.Interfaces\FakeMicro.Interfaces.csproj (鐢ㄦ椂 82 姣)銆?
         宸茶繕鍘?F:\ProjectCode\OrlanFackeMicro\src\FakeMicro.Grains\FakeMicro.Grains.csproj (鐢ㄦ椂 82 姣)銆?
         
         浣跨敤鐨?NuGet 閰嶇疆鏂囦欢:
             C:\Users\kenjt\AppData\Roaming\NuGet\NuGet.Config
             C:\Program Files (x86)\NuGet\Config\Microsoft.VisualStudio.FallbackLocation.config
             C:\Program Files (x86)\NuGet\Config\Microsoft.VisualStudio.Offline.config
         
         浣跨敤鐨勬簮:
             https://api.nuget.org/v3/index.json
             https://www.nuget.org/api/v2
             C:\Program Files (x86)\Microsoft SDKs\NuGetPackages\
         鎵€鏈夐」鐩潎鏄渶鏂扮殑锛屾棤娉曡繕鍘熴€?
     1>宸插畬鎴愮敓鎴愰」鐩€淔:\ProjectCode\OrlanFackeMicro\FakeMicro.sln鈥?Restore 涓洰鏍?鐨勬搷浣溿€?
   1:2>鑺傜偣 1 涓婄殑椤圭洰鈥淔:\ProjectCode\OrlanFackeMicro\FakeMicro.sln鈥?榛樿鐩爣)銆?
     1>ValidateSolutionConfiguration:
         姝ｅ湪鐢熸垚瑙ｅ喅鏂规閰嶇疆鈥淒ebug|Any CPU鈥濄€?
   1:2>椤圭洰鈥淔:\ProjectCode\OrlanFackeMicro\FakeMicro.sln鈥?1:2)姝ｅ湪鑺傜偣 7 涓婄敓鎴愨€淔:\ProjectCode\OrlanFackeMicro\src\FakeMicro.Entities\FakeMicro.Entities.csproj鈥?8:10) (榛樿鐩爣)銆?
     8>GenerateTargetFrameworkMonikerAttribute:
       姝ｅ湪璺宠繃鐩爣鈥淕enerateTargetFrameworkMonikerAttribute鈥濓紝鍥犱负鎵€鏈夎緭鍑烘枃浠剁浉瀵逛簬杈撳叆鏂囦欢鑰岃█閮芥槸鏈€鏂扮殑銆?
       CoreGenerateAssemblyInfo:
       姝ｅ湪璺宠繃鐩爣鈥淐oreGenerateAssemblyInfo鈥濓紝鍥犱负鎵€鏈夎緭鍑烘枃浠剁浉瀵逛簬杈撳叆鏂囦欢鑰岃█閮芥槸鏈€鏂扮殑銆?
       _GenerateSourceLinkFile:
         Source Link 鏂囦欢 "obj\Debug\net9.0\FakeMicro.Entities.sourcelink.json" 鏄渶鏂扮殑銆?
       CoreCompile:
       姝ｅ湪璺宠繃鐩爣鈥淐oreCompile鈥濓紝鍥犱负鎵€鏈夎緭鍑烘枃浠剁浉瀵逛簬杈撳叆鏂囦欢鑰岃█閮芥槸鏈€鏂扮殑銆?
       GenerateBuildDependencyFile:
       姝ｅ湪璺宠繃鐩爣鈥淕enerateBuildDependencyFile鈥濓紝鍥犱负鎵€鏈夎緭鍑烘枃浠剁浉瀵逛簬杈撳叆鏂囦欢鑰岃█閮芥槸鏈€鏂扮殑銆?
       CopyFilesToOutputDirectory:
         FakeMicro.Entities -> F:\ProjectCode\OrlanFackeMicro\src\FakeMicro.Entities\bin\Debug\net9.0\FakeMicro.Entities.dll
     8>宸插畬鎴愮敓鎴愰」鐩€淔:\ProjectCode\OrlanFackeMicro\src\FakeMicro.Entities\FakeMicro.Entities.csproj鈥?榛樿鐩爣)鐨勬搷浣溿€?
   1:2>椤圭洰鈥淔:\ProjectCode\OrlanFackeMicro\FakeMicro.sln鈥?1:2)姝ｅ湪鑺傜偣 5 涓婄敓鎴愨€淔:\ProjectCode\OrlanFackeMicro\src\FakeMicro.Utilities\FakeMicro.Utilities.csproj鈥?6:11) (榛樿鐩爣)銆?
     6>_GenerateSourceLinkFile:
         Source Link 鏂囦欢 "obj\Debug\net9.0\FakeMicro.Utilities.sourcelink.json" 鏄渶鏂扮殑銆?
       CoreCompile:
       姝ｅ湪璺宠繃鐩爣鈥淐oreCompile鈥濓紝鍥犱负鎵€鏈夎緭鍑烘枃浠剁浉瀵逛簬杈撳叆鏂囦欢鑰岃█閮芥槸鏈€鏂扮殑銆?
       GenerateBuildDependencyFile:
       姝ｅ湪璺宠繃鐩爣鈥淕enerateBuildDependencyFile鈥濓紝鍥犱负鎵€鏈夎緭鍑烘枃浠剁浉瀵逛簬杈撳叆鏂囦欢鑰岃█閮芥槸鏈€鏂扮殑銆?
       CopyFilesToOutputDirectory:
         FakeMicro.Utilities -> F:\ProjectCode\OrlanFackeMicro\src\FakeMicro.Utilities\bin\Debug\net9.0\FakeMicro.Utilities.dll
     6>宸插畬鎴愮敓鎴愰」鐩€淔:\ProjectCode\OrlanFackeMicro\src\FakeMicro.Utilities\FakeMicro.Utilities.csproj鈥?榛樿鐩爣)鐨勬搷浣溿€?
   1:2>椤圭洰鈥淔:\ProjectCode\OrlanFackeMicro\FakeMicro.sln鈥?1:2)姝ｅ湪鑺傜偣 3 涓婄敓鎴愨€淔:\ProjectCode\OrlanFackeMicro\src\FakeMicro.Interfaces\FakeMicro.Interfaces.csproj鈥?5:10) (榛樿鐩爣)銆?
     5>GenerateTargetFrameworkMonikerAttribute:
       姝ｅ湪璺宠繃鐩爣鈥淕enerateTargetFrameworkMonikerAttribute鈥濓紝鍥犱负鎵€鏈夎緭鍑烘枃浠剁浉瀵逛簬杈撳叆鏂囦欢鑰岃█閮芥槸鏈€鏂扮殑銆?
       CoreGenerateAssemblyInfo:
       姝ｅ湪璺宠繃鐩爣鈥淐oreGenerateAssemblyInfo鈥濓紝鍥犱负鎵€鏈夎緭鍑烘枃浠剁浉瀵逛簬杈撳叆鏂囦欢鑰岃█閮芥槸鏈€鏂扮殑銆?
       _GenerateSourceLinkFile:
         Source Link 鏂囦欢 "obj\Debug\net9.0\FakeMicro.Interfaces.sourcelink.json" 鏄渶鏂扮殑銆?
       CoreCompile:
       姝ｅ湪璺宠繃鐩爣鈥淐oreCompile鈥濓紝鍥犱负鎵€鏈夎緭鍑烘枃浠剁浉瀵逛簬杈撳叆鏂囦欢鑰岃█閮芥槸鏈€鏂扮殑銆?
       GenerateBuildDependencyFile:
       姝ｅ湪璺宠繃鐩爣鈥淕enerateBuildDependencyFile鈥濓紝鍥犱负鎵€鏈夎緭鍑烘枃浠剁浉瀵逛簬杈撳叆鏂囦欢鑰岃█閮芥槸鏈€鏂扮殑銆?
       CopyFilesToOutputDirectory:
         FakeMicro.Interfaces -> F:\ProjectCode\OrlanFackeMicro\src\FakeMicro.Interfaces\bin\Debug\net9.0\FakeMicro.Interfaces.dll
     5>宸插畬鎴愮敓鎴愰」鐩€淔:\ProjectCode\OrlanFackeMicro\src\FakeMicro.Interfaces\FakeMicro.Interfaces.csproj鈥?榛樿鐩爣)鐨勬搷浣溿€?
   1:2>椤圭洰鈥淔:\ProjectCode\OrlanFackeMicro\FakeMicro.sln鈥?1:2)姝ｅ湪鑺傜偣 6 涓婄敓鎴愨€淔:\ProjectCode\OrlanFackeMicro\src\FakeMicro.DatabaseAccess\FakeMicro.DatabaseAccess.csproj鈥?4:9) (榛樿鐩爣)銆?
     4>GenerateTargetFrameworkMonikerAttribute:
       姝ｅ湪璺宠繃鐩爣鈥淕enerateTargetFrameworkMonikerAttribute鈥濓紝鍥犱负鎵€鏈夎緭鍑烘枃浠剁浉瀵逛簬杈撳叆鏂囦欢鑰岃█閮芥槸鏈€鏂扮殑銆?
       CoreGenerateAssemblyInfo:
       姝ｅ湪璺宠繃鐩爣鈥淐oreGenerateAssemblyInfo鈥濓紝鍥犱负鎵€鏈夎緭鍑烘枃浠剁浉瀵逛簬杈撳叆鏂囦欢鑰岃█閮芥槸鏈€鏂扮殑銆?
       _GenerateSourceLinkFile:
         Source Link 鏂囦欢 "obj\Debug\net9.0\FakeMicro.DatabaseAccess.sourcelink.json" 鏄渶鏂扮殑銆?
       CoreCompile:
         Setting DOTNET_ROOT to 'C:\Program Files\dotnet'
         C:\Program Files\dotnet\sdk\10.0.100\Roslyn\bincore\csc.exe /noconfig /unsafe- /checked- /nowarn:NU1701,1701,1702 /fullpaths /nostdlib+ /errorreport:prompt /warn:9 /define:TRACE;DEBUG;NET;NET9_0;NETCOREAPP;NET5_0_OR_GREATER;NET6_0_OR_GREATER;NET7_0_OR_GREATER;NET8_0_OR_GREATER;NET9_0_OR_GREATER;NETCOREAPP1_0_OR_GREATER;NETCOREAPP1_1_OR_GREATER;NETCOREAPP2_0_OR_GREATER;NETCOREAPP2_1_OR_GREATER;NETCOREAPP2_2_OR_GREATER;NETCOREAPP3_0_OR_GREATER;NETCOREAPP3_1_OR_GREATER /highentropyva+ /nullable:enable /reference:C:\Users\kenjt\.nuget\packages\azure.core\1.38.0\lib\net6.0\Azure.Core.dll /reference:C:\Users\kenjt\.nuget\packages\azure.identity\1.11.4\lib\netstandard2.0\Azure.Identity.dll /reference:C:\Users\kenjt\.nuget\packages\sqlsugarcore.dm\8.8.1\lib\netstandard2.0\DM.DmProvider.dll /reference:C:\Users\kenjt\.nuget\packages\dnsclient\1.6.1\lib\net5.0\DnsClient.dll /reference:F:\ProjectCode\OrlanFackeMicro\src\FakeMicro.Entities\obj\Debug\net9.0\ref\FakeMicro.Entities.dll /reference:F:\ProjectCode\OrlanFackeMicro\src\FakeMicro.Interfaces\obj\Debug\net9.0\ref\FakeMicro.Interfaces.dll /reference:F:\ProjectCode\OrlanFackeMicro\src\FakeMicro.Utilities\obj\Debug\net9.0\ref\FakeMicro.Utilities.dll /reference:C:\Users\kenjt\.nuget\packages\sqlsugarcore.kdbndp\9.3.7.1032\lib\netstandard2.1\Kdbndp.dll /reference:C:\Users\kenjt\.nuget\packages\mapster.core\1.2.1\lib\net7.0\Mapster.Core.dll /reference:C:\Users\kenjt\.nuget\packages\mapster\7.4.0\lib\net7.0\Mapster.dll /reference:C:\Users\kenjt\.nuget\packages\microsoft.aspnetcore.connections.abstractions\8.0.11\lib\net8.0\Microsoft.AspNetCore.Connections.Abstractions.dll /reference:C:\Users\kenjt\.nuget\packages\microsoft.aspnetcore.hosting.abstractions\2.3.0\lib\netstandard2.0\Microsoft.AspNetCore.Hosting.Abstractions.dll /reference:C:\Users\kenjt\.nuget\packages\microsoft.aspnetcore.hosting\2.3.0\lib\netstandard2.0\Microsoft.AspNetCore.Hosting.dll /reference:C:\Users\kenjt\.nuget\packages\microsoft.aspnetcore.hosting.server.abstractions\2.3.0\lib\netstandard2.0\Microsoft.AspNetCore.Hosting.Server.Abstractions.dll /reference:C:\Users\kenjt\.nuget\packages\microsoft.aspnetcore.http.abstractions\2.3.0\lib\netstandard2.0\Microsoft.AspNetCore.Http.Abstractions.dll /reference:C:\Users\kenjt\.nuget\packages\microsoft.aspnetcore.http\2.3.0\lib\netstandard2.0\Microsoft.AspNetCore.Http.dll /reference:C:\Users\kenjt\.nuget\packages\microsoft.aspnetcore.http.extensions\2.3.0\lib\netstandard2.0\Microsoft.AspNetCore.Http.Extensions.dll /reference:C:\Users\kenjt\.nuget\packages\microsoft.aspnetcore.http.features\2.3.0\lib\netstandard2.0\Microsoft.AspNetCore.Http.Features.dll /reference:C:\Users\kenjt\.nuget\packages\microsoft.aspnetcore.webutilities\2.3.0\lib\netstandard2.0\Microsoft.AspNetCore.WebUtilities.dll /reference:C:\Users\kenjt\.nuget\packages\microsoft.bcl.asyncinterfaces\6.0.0\lib\netstandard2.1\Microsoft.Bcl.AsyncInterfaces.dll /reference:C:\Users\kenjt\.nuget\packages\microsoft.codeanalysis.common\4.5.0\lib\netcoreapp3.1\Microsoft.CodeAnalysis.dll /reference:C:\Users\kenjt\.nuget\packages\microsoft.codeanalysis.workspaces.common\4.5.0\lib\netcoreapp3.1\Microsoft.CodeAnalysis.Workspaces.dll /reference:"C:\Program Files\dotnet\packs\Microsoft.NETCore.App.Ref\9.0.11\ref\net9.0\Microsoft.CSharp.dll" /reference:C:\Users\kenjt\.nuget\packages\microsoft.data.sqlclient\5.2.2\ref\net8.0\Microsoft.Data.SqlClient.dll /reference:C:\Users\kenjt\.nuget\packages\microsoft.data.sqlite.core\9.0.0\lib\net8.0\Microsoft.Data.Sqlite.dll /reference:C:\Users\kenjt\.nuget\packages\microsoft.extensions.caching.abstractions\10.0.0\lib\net9.0\Microsoft.Extensions.Caching.Abstractions.dll /reference:C:\Users\kenjt\.nuget\packages\microsoft.extensions.caching.memory\10.0.0\lib\net9.0\Microsoft.Extensions.Caching.Memory.dll /reference:C:\Users\kenjt\.nuget\packages\microsoft.extensions.configuration.abstractions\10.0.0\lib\net9.0\Microsoft.Extensions.Configuration.Abstractions.dll /reference:C:\Users\kenjt\.nuget\packages\microsoft.extensions.configuration.binder\10.0.0\lib\net9.0\Microsoft.Extensions.Configuration.Binder.dll /reference:C:\Users\kenjt\.nuget\packages\microsoft.extensions.configuration.commandline\8.0.0\lib\net8.0\Microsoft.Extensions.Configuration.CommandLine.dll /reference:C:\Users\kenjt\.nuget\packages\microsoft.extensions.configuration\10.0.0\lib\net9.0\Microsoft.Extensions.Configuration.dll /reference:C:\Users\kenjt\.nuget\packages\microsoft.extensions.configuration.environmentvariables\8.0.0\lib\net8.0\Microsoft.Extensions.Configuration.EnvironmentVariables.dll /reference:C:\Users\kenjt\.nuget\packages\microsoft.extensions.configuration.fileextensions\10.0.0\lib\net9.0\Microsoft.Extensions.Configuration.FileExtensions.dll /reference:C:\Users\kenjt\.nuget\packages\microsoft.extensions.configuration.json\10.0.0\lib\net9.0\Microsoft.Extensions.Configuration.Json.dll /reference:C:\Users\kenjt\.nuget\packages\microsoft.extensions.configuration.usersecrets\8.0.1\lib\net8.0\Microsoft.Extensions.Configuration.UserSecrets.dll /reference:C:\Users\kenjt\.nuget\packages\microsoft.extensions.dependencyinjection.abstractions\10.0.0\lib\net9.0\Microsoft.Extensions.DependencyInjection.Abstractions.dll /reference:C:\Users\kenjt\.nuget\packages\microsoft.extensions.dependencyinjection\10.0.0\lib\net9.0\Microsoft.Extensions.DependencyInjection.dll /reference:C:\Users\kenjt\.nuget\packages\microsoft.extensions.dependencymodel\8.0.2\lib\net8.0\Microsoft.Extensions.DependencyModel.dll /reference:C:\Users\kenjt\.nuget\packages\microsoft.extensions.diagnostics.abstractions\8.0.1\lib\net8.0\Microsoft.Extensions.Diagnostics.Abstractions.dll /reference:C:\Users\kenjt\.nuget\packages\microsoft.extensions.diagnostics\8.0.1\lib\net8.0\Microsoft.Extensions.Diagnostics.dll /reference:C:\Users\kenjt\.nuget\packages\microsoft.extensions.features\8.0.11\lib\net8.0\Microsoft.Extensions.Features.dll /reference:C:\Users\kenjt\.nuget\packages\microsoft.extensions.fileproviders.abstractions\10.0.0\lib\net9.0\Microsoft.Extensions.FileProviders.Abstractions.dll /reference:C:\Users\kenjt\.nuget\packages\microsoft.extensions.fileproviders.physical\10.0.0\lib\net9.0\Microsoft.Extensions.FileProviders.Physical.dll /reference:C:\Users\kenjt\.nuget\packages\microsoft.extensions.filesystemglobbing\10.0.0\lib\net9.0\Microsoft.Extensions.FileSystemGlobbing.dll /reference:C:\Users\kenjt\.nuget\packages\microsoft.extensions.hosting.abstractions\8.0.1\lib\net8.0\Microsoft.Extensions.Hosting.Abstractions.dll /reference:C:\Users\kenjt\.nuget\packages\microsoft.extensions.hosting\8.0.1\lib\net8.0\Microsoft.Extensions.Hosting.dll /reference:C:\Users\kenjt\.nuget\packages\microsoft.extensions.logging.abstractions\10.0.0\lib\net9.0\Microsoft.Extensions.Logging.Abstractions.dll /reference:C:\Users\kenjt\.nuget\packages\microsoft.extensions.logging.configuration\8.0.1\lib\net8.0\Microsoft.Extensions.Logging.Configuration.dll /reference:C:\Users\kenjt\.nuget\packages\microsoft.extensions.logging.console\8.0.1\lib\net8.0\Microsoft.Extensions.Logging.Console.dll /reference:C:\Users\kenjt\.nuget\packages\microsoft.extensions.logging.debug\8.0.1\lib\net8.0\Microsoft.Extensions.Logging.Debug.dll /reference:C:\Users\kenjt\.nuget\packages\microsoft.extensions.logging\10.0.0\lib\net9.0\Microsoft.Extensions.Logging.dll /reference:C:\Users\kenjt\.nuget\packages\microsoft.extensions.logging.eventlog\8.0.1\lib\net8.0\Microsoft.Extensions.Logging.EventLog.dll /reference:C:\Users\kenjt\.nuget\packages\microsoft.extensions.logging.eventsource\8.0.1\lib\net8.0\Microsoft.Extensions.Logging.EventSource.dll /reference:C:\Users\kenjt\.nuget\packages\microsoft.extensions.objectpool\8.0.11\lib\net8.0\Microsoft.Extensions.ObjectPool.dll /reference:C:\Users\kenjt\.nuget\packages\microsoft.extensions.options.configurationextensions\10.0.0\lib\net9.0\Microsoft.Extensions.Options.ConfigurationExtensions.dll /reference:C:\Users\kenjt\.nuget\packages\microsoft.extensions.options\10.0.0\lib\net9.0\Microsoft.Extensions.Options.dll /reference:C:\Users\kenjt\.nuget\packages\microsoft.extensions.primitives\10.0.0\lib\net9.0\Microsoft.Extensions.Primitives.dll /reference:C:\Users\kenjt\.nuget\packages\microsoft.identity.client\4.61.3\lib\net6.0\Microsoft.Identity.Client.dll /reference:C:\Users\kenjt\.nuget\packages\microsoft.identity.client.extensions.msal\4.61.3\lib\net6.0\Microsoft.Identity.Client.Extensions.Msal.dll /reference:C:\Users\kenjt\.nuget\packages\microsoft.identitymodel.abstractions\6.35.0\lib\net6.0\Microsoft.IdentityModel.Abstractions.dll /reference:C:\Users\kenjt\.nuget\packages\microsoft.identitymodel.jsonwebtokens\6.35.0\lib\net6.0\Microsoft.IdentityModel.JsonWebTokens.dll /reference:C:\Users\kenjt\.nuget\packages\microsoft.identitymodel.logging\6.35.0\lib\net6.0\Microsoft.IdentityModel.Logging.dll /reference:C:\Users\kenjt\.nuget\packages\microsoft.identitymodel.protocols\6.35.0\lib\net6.0\Microsoft.IdentityModel.Protocols.dll /reference:C:\Users\kenjt\.nuget\packages\microsoft.identitymodel.protocols.openidconnect\6.35.0\lib\net6.0\Microsoft.IdentityModel.Protocols.OpenIdConnect.dll /reference:C:\Users\kenjt\.nuget\packages\microsoft.identitymodel.tokens\6.35.0\lib\net6.0\Microsoft.IdentityModel.Tokens.dll /reference:C:\Users\kenjt\.nuget\packages\microsoft.net.http.headers\2.3.0\lib\netstandard2.0\Microsoft.Net.Http.Headers.dll /reference:C:\Users\kenjt\.nuget\packages\microsoft.sqlserver.server\1.0.0\lib\netstandard2.0\Microsoft.SqlServer.Server.dll /reference:"C:\Program Files\dotnet\packs\Microsoft.NETCore.App.Ref\9.0.11\ref\net9.0\Microsoft.VisualBasic.Core.dll" /reference:"C:\Program Files\dotnet\packs\Microsoft.NETCore.App.Ref\9.0.11\ref\net9.0\Microsoft.VisualBasic.dll" /reference:"C:\Program Files\dotnet\packs\Microsoft.NETCore.App.Ref\9.0.11\ref\net9.0\Microsoft.Win32.Primitives.dll" /reference:"C:\Program Files\dotnet\packs\Microsoft.NETCore.App.Ref\9.0.11\ref\net9.0\Microsoft.Win32.Registry.dll" /reference:C:\Users\kenjt\.nuget\packages\sqlsugar.mongodbcore\5.1.4.277\lib\netstandard2.1\MongoDb.Ado.Data.dll /reference:C:\Users\kenjt\.nuget\packages\mongodb.bson\3.5.2\lib\net6.0\MongoDB.Bson.dll /reference:C:\Users\kenjt\.nuget\packages\mongodb.driver\3.5.2\lib\net6.0\MongoDB.Driver.dll /reference:"C:\Program Files\dotnet\packs\Microsoft.NETCore.App.Ref\9.0.11\ref\net9.0\mscorlib.dll" /reference:C:\Users\kenjt\.nuget\packages\mysqlconnector\2.2.5\lib\net7.0\MySqlConnector.dll /reference:"C:\Program Files\dotnet\packs\Microsoft.NETCore.App.Ref\9.0.11\ref\net9.0\netstandard.dll" /reference:C:\Users\kenjt\.nuget\packages\newtonsoft.json\13.0.3\lib\net6.0\Newtonsoft.Json.dll /reference:C:\Users\kenjt\.nuget\packages\npgsql\9.0.4\lib\net8.0\Npgsql.dll /reference:C:\Users\kenjt\.nuget\packages\oracle.manageddataaccess.core\23.8.0\lib\net8.0\Oracle.ManagedDataAccess.dll /reference:C:\Users\kenjt\.nuget\packages\microsoft.orleans.core.abstractions\9.2.1\lib\net8.0\Orleans.Core.Abstractions.dll /reference:C:\Users\kenjt\.nuget\packages\microsoft.orleans.core\9.2.1\lib\net8.0\Orleans.Core.dll /reference:C:\Users\kenjt\.nuget\packages\microsoft.orleans.serialization.abstractions\9.2.1\lib\net8.0\Orleans.Serialization.Abstractions.dll /reference:C:\Users\kenjt\.nuget\packages\microsoft.orleans.serialization\9.2.1\lib\net8.0\Orleans.Serialization.dll /reference:C:\Users\kenjt\.nuget\packages\oscar.data.sqlclient\4.0.4\lib\netstandard2.0\Oscar.Data.SqlClient.dll /reference:C:\Users\kenjt\.nuget\packages\sharpcompress\0.30.1\lib\net5.0\SharpCompress.dll /reference:C:\Users\kenjt\.nuget\packages\snappier\1.0.0\lib\net5.0\Snappier.dll /reference:C:\Users\kenjt\.nuget\packages\sqlitepclraw.bundle_e_sqlite3\2.1.10\lib\netstandard2.0\SQLitePCLRaw.batteries_v2.dll /reference:C:\Users\kenjt\.nuget\packages\sqlitepclraw.core\2.1.10\lib\netstandard2.0\SQLitePCLRaw.core.dll /reference:C:\Users\kenjt\.nuget\packages\sqlitepclraw.provider.e_sqlite3\2.1.10\lib\net6.0\SQLitePCLRaw.provider.e_sqlite3.dll /reference:C:\Users\kenjt\.nuget\packages\sqlsugarcore\5.1.4.210\lib\netstandard2.1\SqlSugar.dll /reference:C:\Users\kenjt\.nuget\packages\sqlsugar.mongodbcore\5.1.4.277\lib\netstandard2.1\SqlSugar.MongoDbCore.dll /reference:"C:\Program Files\dotnet\packs\Microsoft.NETCore.App.Ref\9.0.11\ref\net9.0\System.AppContext.dll" /reference:"C:\Program Files\dotnet\packs\Microsoft.NETCore.App.Ref\9.0.11\ref\net9.0\System.Buffers.dll" /reference:C:\Users\kenjt\.nuget\packages\system.clientmodel\1.0.0\lib\net6.0\System.ClientModel.dll /reference:"C:\Program Files\dotnet\packs\Microsoft.NETCore.App.Ref\9.0.11\ref\net9.0\System.Collections.Concurrent.dll" /reference:"C:\Program Files\dotnet\packs\Microsoft.NETCore.App.Ref\9.0.11\ref\net9.0\System.Collections.dll" /reference:"C:\Program Files\dotnet\packs\Microsoft.NETCore.App.Ref\9.0.11\ref\net9.0\System.Collections.Immutable.dll" /reference:"C:\Program Files\dotnet\packs\Microsoft.NETCore.App.Ref\9.0.11\ref\net9.0\System.Collections.NonGeneric.dll" /reference:"C:\Program Files\dotnet\packs\Microsoft.NETCore.App.Ref\9.0.11\ref\net9.0\System.Collections.Specialized.dll" /reference:C:\Users\kenjt\.nuget\packages\system.commandline\2.0.0-beta4.22272.1\lib\net6.0\System.CommandLine.dll /reference:"C:\Program Files\dotnet\packs\Microsoft.NETCore.App.Ref\9.0.11\ref\net9.0\System.ComponentModel.Annotations.dll" /reference:"C:\Program Files\dotnet\packs\Microsoft.NETCore.App.Ref\9.0.11\ref\net9.0\System.ComponentModel.DataAnnotations.dll" /reference:"C:\Program Files\dotnet\packs\Microsoft.NETCore.App.Ref\9.0.11\ref\net9.0\System.ComponentModel.dll" /reference:"C:\Program Files\dotnet\packs\Microsoft.NETCore.App.Ref\9.0.11\ref\net9.0\System.ComponentModel.EventBasedAsync.dll" /reference:"C:\Program Files\dotnet\packs\Microsoft.NETCore.App.Ref\9.0.11\ref\net9.0\System.ComponentModel.Primitives.dll" /reference:"C:\Program Files\dotnet\packs\Microsoft.NETCore.App.Ref\9.0.11\ref\net9.0\System.ComponentModel.TypeConverter.dll" /reference:C:\Users\kenjt\.nuget\packages\system.composition.attributedmodel\6.0.0\lib\net6.0\System.Composition.AttributedModel.dll /reference:C:\Users\kenjt\.nuget\packages\system.composition.convention\6.0.0\lib\net6.0\System.Composition.Convention.dll /reference:C:\Users\kenjt\.nuget\packages\system.composition.hosting\6.0.0\lib\net6.0\System.Composition.Hosting.dll /reference:C:\Users\kenjt\.nuget\packages\system.composition.runtime\6.0.0\lib\net6.0\System.Composition.Runtime.dll /reference:C:\Users\kenjt\.nuget\packages\system.composition.typedparts\6.0.0\lib\net6.0\System.Composition.TypedParts.dll /reference:C:\Users\kenjt\.nuget\packages\system.configuration.configurationmanager\10.0.0\lib\net9.0\System.Configuration.ConfigurationManager.dll /reference:"C:\Program Files\dotnet\packs\Microsoft.NETCore.App.Ref\9.0.11\ref\net9.0\System.Configuration.dll" /reference:"C:\Program Files\dotnet\packs\Microsoft.NETCore.App.Ref\9.0.11\ref\net9.0\System.Console.dll" /reference:"C:\Program Files\dotnet\packs\Microsoft.NETCore.App.Ref\9.0.11\ref\net9.0\System.Core.dll" /reference:"C:\Program Files\dotnet\packs\Microsoft.NETCore.App.Ref\9.0.11\ref\net9.0\System.Data.Common.dll" /reference:"C:\Program Files\dotnet\packs\Microsoft.NETCore.App.Ref\9.0.11\ref\net9.0\System.Data.DataSetExtensions.dll" /reference:"C:\Program Files\dotnet\packs\Microsoft.NETCore.App.Ref\9.0.11\ref\net9.0\System.Data.dll" /reference:"C:\Program Files\dotnet\packs\Microsoft.NETCore.App.Ref\9.0.11\ref\net9.0\System.Diagnostics.Contracts.dll" /reference:"C:\Program Files\dotnet\packs\Microsoft.NETCore.App.Ref\9.0.11\ref\net9.0\System.Diagnostics.Debug.dll" /reference:C:\Users\kenjt\.nuget\packages\system.diagnostics.diagnosticsource\10.0.0\lib\net9.0\System.Diagnostics.DiagnosticSource.dll /reference:C:\Users\kenjt\.nuget\packages\system.diagnostics.eventlog\10.0.0\lib\net9.0\System.Diagnostics.EventLog.dll /reference:"C:\Program Files\dotnet\packs\Microsoft.NETCore.App.Ref\9.0.11\ref\net9.0\System.Diagnostics.FileVersionInfo.dll" /reference:C:\Users\kenjt\.nuget\packages\system.diagnostics.performancecounter\10.0.0\lib\net9.0\System.Diagnostics.PerformanceCounter.dll /reference:"C:\Program Files\dotnet\packs\Microsoft.NETCore.App.Ref\9.0.11\ref\net9.0\System.Diagnostics.Process.dll" /reference:"C:\Program Files\dotnet\packs\Microsoft.NETCore.App.Ref\9.0.11\ref\net9.0\System.Diagnostics.StackTrace.dll" /reference:"C:\Program Files\dotnet\packs\Microsoft.NETCore.App.Ref\9.0.11\ref\net9.0\System.Diagnostics.TextWriterTraceListener.dll" /reference:"C:\Program Files\dotnet\packs\Microsoft.NETCore.App.Ref\9.0.11\ref\net9.0\System.Diagnostics.Tools.dll" /reference:"C:\Program Files\dotnet\packs\Microsoft.NETCore.App.Ref\9.0.11\ref\net9.0\System.Diagnostics.TraceSource.dll" /reference:"C:\Program Files\dotnet\packs\Microsoft.NETCore.App.Ref\9.0.11\ref\net9.0\System.Diagnostics.Tracing.dll" /reference:C:\Users\kenjt\.nuget\packages\system.directoryservices.protocols\8.0.0\lib\net8.0\System.DirectoryServices.Protocols.dll /reference:"C:\Program Files\dotnet\packs\Microsoft.NETCore.App.Ref\9.0.11\ref\net9.0\System.dll" /reference:"C:\Program Files\dotnet\packs\Microsoft.NETCore.App.Ref\9.0.11\ref\net9.0\System.Drawing.dll" /reference:"C:\Program Files\dotnet\packs\Microsoft.NETCore.App.Ref\9.0.11\ref\net9.0\System.Drawing.Primitives.dll" /reference:"C:\Program Files\dotnet\packs\Microsoft.NETCore.App.Ref\9.0.11\ref\net9.0\System.Dynamic.Runtime.dll" /reference:"C:\Program Files\dotnet\packs\Microsoft.NETCore.App.Ref\9.0.11\ref\net9.0\System.Formats.Asn1.dll" /reference:"C:\Program Files\dotnet\packs\Microsoft.NETCore.App.Ref\9.0.11\ref\net9.0\System.Formats.Tar.dll" /reference:"C:\Program Files\dotnet\packs\Microsoft.NETCore.App.Ref\9.0.11\ref\net9.0\System.Globalization.Calendars.dll" /reference:"C:\Program Files\dotnet\packs\Microsoft.NETCore.App.Ref\9.0.11\ref\net9.0\System.Globalization.dll" /reference:"C:\Program Files\dotnet\packs\Microsoft.NETCore.App.Ref\9.0.11\ref\net9.0\System.Globalization.Extensions.dll" /reference:C:\Users\kenjt\.nuget\packages\system.identitymodel.tokens.jwt\6.35.0\lib\net6.0\System.IdentityModel.Tokens.Jwt.dll /reference:"C:\Program Files\dotnet\packs\Microsoft.NETCore.App.Ref\9.0.11\ref\net9.0\System.IO.Compression.Brotli.dll" /reference:"C:\Program Files\dotnet\packs\Microsoft.NETCore.App.Ref\9.0.11\ref\net9.0\System.IO.Compression.dll" /reference:"C:\Program Files\dotnet\packs\Microsoft.NETCore.App.Ref\9.0.11\ref\net9.0\System.IO.Compression.FileSystem.dll" /reference:"C:\Program Files\dotnet\packs\Microsoft.NETCore.App.Ref\9.0.11\ref\net9.0\System.IO.Compression.ZipFile.dll" /reference:"C:\Program Files\dotnet\packs\Microsoft.NETCore.App.Ref\9.0.11\ref\net9.0\System.IO.dll" /reference:"C:\Program Files\dotnet\packs\Microsoft.NETCore.App.Ref\9.0.11\ref\net9.0\System.IO.FileSystem.AccessControl.dll" /reference:"C:\Program Files\dotnet\packs\Microsoft.NETCore.App.Ref\9.0.11\ref\net9.0\System.IO.FileSystem.dll" /reference:"C:\Program Files\dotnet\packs\Microsoft.NETCore.App.Ref\9.0.11\ref\net9.0\System.IO.FileSystem.DriveInfo.dll" /reference:"C:\Program Files\dotnet\packs\Microsoft.NETCore.App.Ref\9.0.11\ref\net9.0\System.IO.FileSystem.Primitives.dll" /reference:"C:\Program Files\dotnet\packs\Microsoft.NETCore.App.Ref\9.0.11\ref\net9.0\System.IO.FileSystem.Watcher.dll" /reference:C:\Users\kenjt\.nuget\packages\system.io.hashing\8.0.0\lib\net8.0\System.IO.Hashing.dll /reference:"C:\Program Files\dotnet\packs\Microsoft.NETCore.App.Ref\9.0.11\ref\net9.0\System.IO.IsolatedStorage.dll" /reference:"C:\Program Files\dotnet\packs\Microsoft.NETCore.App.Ref\9.0.11\ref\net9.0\System.IO.MemoryMappedFiles.dll" /reference:C:\Users\kenjt\.nuget\packages\system.io.pipelines\10.0.0\lib\net9.0\System.IO.Pipelines.dll /reference:"C:\Program Files\dotnet\packs\Microsoft.NETCore.App.Ref\9.0.11\ref\net9.0\System.IO.Pipes.AccessControl.dll" /reference:"C:\Program Files\dotnet\packs\Microsoft.NETCore.App.Ref\9.0.11\ref\net9.0\System.IO.Pipes.dll" /reference:"C:\Program Files\dotnet\packs\Microsoft.NETCore.App.Ref\9.0.11\ref\net9.0\System.IO.UnmanagedMemoryStream.dll" /reference:"C:\Program Files\dotnet\packs\Microsoft.NETCore.App.Ref\9.0.11\ref\net9.0\System.Linq.dll" /reference:"C:\Program Files\dotnet\packs\Microsoft.NETCore.App.Ref\9.0.11\ref\net9.0\System.Linq.Expressions.dll" /reference:"C:\Program Files\dotnet\packs\Microsoft.NETCore.App.Ref\9.0.11\ref\net9.0\System.Linq.Parallel.dll" /reference:"C:\Program Files\dotnet\packs\Microsoft.NETCore.App.Ref\9.0.11\ref\net9.0\System.Linq.Queryable.dll" /reference:C:\Users\kenjt\.nuget\packages\system.memory.data\8.0.1\lib\net8.0\System.Memory.Data.dll /reference:"C:\Program Files\dotnet\packs\Microsoft.NETCore.App.Ref\9.0.11\ref\net9.0\System.Memory.dll" /reference:"C:\Program Files\dotnet\packs\Microsoft.NETCore.App.Ref\9.0.11\ref\net9.0\System.Net.dll" /reference:"C:\Program Files\dotnet\packs\Microsoft.NETCore.App.Ref\9.0.11\ref\net9.0\System.Net.Http.dll" /reference:"C:\Program Files\dotnet\packs\Microsoft.NETCore.App.Ref\9.0.11\ref\net9.0\System.Net.Http.Json.dll" /reference:"C:\Program Files\dotnet\packs\Microsoft.NETCore.App.Ref\9.0.11\ref\net9.0\System.Net.HttpListener.dll" /reference:"C:\Program Files\dotnet\packs\Microsoft.NETCore.App.Ref\9.0.11\ref\net9.0\System.Net.Mail.dll" /reference:"C:\Program Files\dotnet\packs\Microsoft.NETCore.App.Ref\9.0.11\ref\net9.0\System.Net.NameResolution.dll" /reference:"C:\Program Files\dotnet\packs\Microsoft.NETCore.App.Ref\9.0.11\ref\net9.0\System.Net.NetworkInformation.dll" /reference:"C:\Program Files\dotnet\packs\Microsoft.NETCore.App.Ref\9.0.11\ref\net9.0\System.Net.Ping.dll" /reference:"C:\Program Files\dotnet\packs\Microsoft.NETCore.App.Ref\9.0.11\ref\net9.0\System.Net.Primitives.dll" /reference:"C:\Program Files\dotnet\packs\Microsoft.NETCore.App.Ref\9.0.11\ref\net9.0\System.Net.Quic.dll" /reference:"C:\Program Files\dotnet\packs\Microsoft.NETCore.App.Ref\9.0.11\ref\net9.0\System.Net.Requests.dll" /reference:"C:\Program Files\dotnet\packs\Microsoft.NETCore.App.Ref\9.0.11\ref\net9.0\System.Net.Security.dll" /reference:"C:\Program Files\dotnet\packs\Microsoft.NETCore.App.Ref\9.0.11\ref\net9.0\System.Net.ServicePoint.dll" /reference:"C:\Program Files\dotnet\packs\Microsoft.NETCore.App.Ref\9.0.11\ref\net9.0\System.Net.Sockets.dll" /reference:"C:\Program Files\dotnet\packs\Microsoft.NETCore.App.Ref\9.0.11\ref\net9.0\System.Net.WebClient.dll" /reference:"C:\Program Files\dotnet\packs\Microsoft.NETCore.App.Ref\9.0.11\ref\net9.0\System.Net.WebHeaderCollection.dll" /reference:"C:\Program Files\dotnet\packs\Microsoft.NETCore.App.Ref\9.0.11\ref\net9.0\System.Net.WebProxy.dll" /reference:"C:\Program Files\dotnet\packs\Microsoft.NETCore.App.Ref\9.0.11\ref\net9.0\System.Net.WebSockets.Client.dll" /reference:"C:\Program Files\dotnet\packs\Microsoft.NETCore.App.Ref\9.0.11\ref\net9.0\System.Net.WebSockets.dll" /reference:"C:\Program Files\dotnet\packs\Microsoft.NETCore.App.Ref\9.0.11\ref\net9.0\System.Numerics.dll" /reference:"C:\Program Files\dotnet\packs\Microsoft.NETCore.App.Ref\9.0.11\ref\net9.0\System.Numerics.Vectors.dll" /reference:"C:\Program Files\dotnet\packs\Microsoft.NETCore.App.Ref\9.0.11\ref\net9.0\System.ObjectModel.dll" /reference:"C:\Program Files\dotnet\packs\Microsoft.NETCore.App.Ref\9.0.11\ref\net9.0\System.Reflection.DispatchProxy.dll" /reference:"C:\Program Files\dotnet\packs\Microsoft.NETCore.App.Ref\9.0.11\ref\net9.0\System.Reflection.dll" /reference:"C:\Program Files\dotnet\packs\Microsoft.NETCore.App.Ref\9.0.11\ref\net9.0\System.Reflection.Emit.dll" /reference:"C:\Program Files\dotnet\packs\Microsoft.NETCore.App.Ref\9.0.11\ref\net9.0\System.Reflection.Emit.ILGeneration.dll" /reference:"C:\Program Files\dotnet\packs\Microsoft.NETCore.App.Ref\9.0.11\ref\net9.0\System.Reflection.Emit.Lightweight.dll" /reference:"C:\Program Files\dotnet\packs\Microsoft.NETCore.App.Ref\9.0.11\ref\net9.0\System.Reflection.Extensions.dll" /reference:"C:\Program Files\dotnet\packs\Microsoft.NETCore.App.Ref\9.0.11\ref\net9.0\System.Reflection.Metadata.dll" /reference:"C:\Program Files\dotnet\packs\Microsoft.NETCore.App.Ref\9.0.11\ref\net9.0\System.Reflection.Primitives.dll" /reference:"C:\Program Files\dotnet\packs\Microsoft.NETCore.App.Ref\9.0.11\ref\net9.0\System.Reflection.TypeExtensions.dll" /reference:"C:\Program Files\dotnet\packs\Microsoft.NETCore.App.Ref\9.0.11\ref\net9.0\System.Resources.Reader.dll" /reference:"C:\Program Files\dotnet\packs\Microsoft.NETCore.App.Ref\9.0.11\ref\net9.0\System.Resources.ResourceManager.dll" /reference:"C:\Program Files\dotnet\packs\Microsoft.NETCore.App.Ref\9.0.11\ref\net9.0\System.Resources.Writer.dll" /reference:"C:\Program Files\dotnet\packs\Microsoft.NETCore.App.Ref\9.0.11\ref\net9.0\System.Runtime.CompilerServices.Unsafe.dll" /reference:"C:\Program Files\dotnet\packs\Microsoft.NETCore.App.Ref\9.0.11\ref\net9.0\System.Runtime.CompilerServices.VisualC.dll" /reference:"C:\Program Files\dotnet\packs\Microsoft.NETCore.App.Ref\9.0.11\ref\net9.0\System.Runtime.dll" /reference:"C:\Program Files\dotnet\packs\Microsoft.NETCore.App.Ref\9.0.11\ref\net9.0\System.Runtime.Extensions.dll" /reference:"C:\Program Files\dotnet\packs\Microsoft.NETCore.App.Ref\9.0.11\ref\net9.0\System.Runtime.Handles.dll" /reference:"C:\Program Files\dotnet\packs\Microsoft.NETCore.App.Ref\9.0.11\ref\net9.0\System.Runtime.InteropServices.dll" /reference:"C:\Program Files\dotnet\packs\Microsoft.NETCore.App.Ref\9.0.11\ref\net9.0\System.Runtime.InteropServices.JavaScript.dll" /reference:"C:\Program Files\dotnet\packs\Microsoft.NETCore.App.Ref\9.0.11\ref\net9.0\System.Runtime.InteropServices.RuntimeInformation.dll" /reference:"C:\Program Files\dotnet\packs\Microsoft.NETCore.App.Ref\9.0.11\ref\net9.0\System.Runtime.Intrinsics.dll" /reference:"C:\Program Files\dotnet\packs\Microsoft.NETCore.App.Ref\9.0.11\ref\net9.0\System.Runtime.Loader.dll" /reference:"C:\Program Files\dotnet\packs\Microsoft.NETCore.App.Ref\9.0.11\ref\net9.0\System.Runtime.Numerics.dll" /reference:"C:\Program Files\dotnet\packs\Microsoft.NETCore.App.Ref\9.0.11\ref\net9.0\System.Runtime.Serialization.dll" /reference:"C:\Program Files\dotnet\packs\Microsoft.NETCore.App.Ref\9.0.11\ref\net9.0\System.Runtime.Serialization.Formatters.dll" /reference:"C:\Program Files\dotnet\packs\Microsoft.NETCore.App.Ref\9.0.11\ref\net9.0\System.Runtime.Serialization.Json.dll" /reference:"C:\Program Files\dotnet\packs\Microsoft.NETCore.App.Ref\9.0.11\ref\net9.0\System.Runtime.Serialization.Primitives.dll" /reference:"C:\Program Files\dotnet\packs\Microsoft.NETCore.App.Ref\9.0.11\ref\net9.0\System.Runtime.Serialization.Xml.dll" /reference:"C:\Program Files\dotnet\packs\Microsoft.NETCore.App.Ref\9.0.11\ref\net9.0\System.Security.AccessControl.dll" /reference:"C:\Program Files\dotnet\packs\Microsoft.NETCore.App.Ref\9.0.11\ref\net9.0\System.Security.Claims.dll" /reference:"C:\Program Files\dotnet\packs\Microsoft.NETCore.App.Ref\9.0.11\ref\net9.0\System.Security.Cryptography.Algorithms.dll" /reference:"C:\Program Files\dotnet\packs\Microsoft.NETCore.App.Ref\9.0.11\ref\net9.0\System.Security.Cryptography.Cng.dll" /reference:"C:\Program Files\dotnet\packs\Microsoft.NETCore.App.Ref\9.0.11\ref\net9.0\System.Security.Cryptography.Csp.dll" /reference:"C:\Program Files\dotnet\packs\Microsoft.NETCore.App.Ref\9.0.11\ref\net9.0\System.Security.Cryptography.dll" /reference:"C:\Program Files\dotnet\packs\Microsoft.NETCore.App.Ref\9.0.11\ref\net9.0\System.Security.Cryptography.Encoding.dll" /reference:"C:\Program Files\dotnet\packs\Microsoft.NETCore.App.Ref\9.0.11\ref\net9.0\System.Security.Cryptography.OpenSsl.dll" /reference:C:\Users\kenjt\.nuget\packages\system.security.cryptography.pkcs\8.0.1\lib\net8.0\System.Security.Cryptography.Pkcs.dll /reference:"C:\Program Files\dotnet\packs\Microsoft.NETCore.App.Ref\9.0.11\ref\net9.0\System.Security.Cryptography.Primitives.dll" /reference:C:\Users\kenjt\.nuget\packages\system.security.cryptography.protecteddata\10.0.0\lib\net9.0\System.Security.Cryptography.ProtectedData.dll /reference:"C:\Program Files\dotnet\packs\Microsoft.NETCore.App.Ref\9.0.11\ref\net9.0\System.Security.Cryptography.X509Certificates.dll" /reference:"C:\Program Files\dotnet\packs\Microsoft.NETCore.App.Ref\9.0.11\ref\net9.0\System.Security.dll" /reference:"C:\Program Files\dotnet\packs\Microsoft.NETCore.App.Ref\9.0.11\ref\net9.0\System.Security.Principal.dll" /reference:"C:\Program Files\dotnet\packs\Microsoft.NETCore.App.Ref\9.0.11\ref\net9.0\System.Security.Principal.Windows.dll" /reference:"C:\Program Files\dotnet\packs\Microsoft.NETCore.App.Ref\9.0.11\ref\net9.0\System.Security.SecureString.dll" /reference:"C:\Program Files\dotnet\packs\Microsoft.NETCore.App.Ref\9.0.11\ref\net9.0\System.ServiceModel.Web.dll" /reference:"C:\Program Files\dotnet\packs\Microsoft.NETCore.App.Ref\9.0.11\ref\net9.0\System.ServiceProcess.dll" /reference:"C:\Program Files\dotnet\packs\Microsoft.NETCore.App.Ref\9.0.11\ref\net9.0\System.Text.Encoding.CodePages.dll" /reference:"C:\Program Files\dotnet\packs\Microsoft.NETCore.App.Ref\9.0.11\ref\net9.0\System.Text.Encoding.dll" /reference:"C:\Program Files\dotnet\packs\Microsoft.NETCore.App.Ref\9.0.11\ref\net9.0\System.Text.Encoding.Extensions.dll" /reference:C:\Users\kenjt\.nuget\packages\system.text.encodings.web\10.0.0\lib\net9.0\System.Text.Encodings.Web.dll /reference:C:\Users\kenjt\.nuget\packages\system.text.json\10.0.0\lib\net9.0\System.Text.Json.dll /reference:"C:\Program Files\dotnet\packs\Microsoft.NETCore.App.Ref\9.0.11\ref\net9.0\System.Text.RegularExpressions.dll" /reference:C:\Users\kenjt\.nuget\packages\system.threading.accesscontrol\10.0.0\lib\net9.0\System.Threading.AccessControl.dll /reference:"C:\Program Files\dotnet\packs\Microsoft.NETCore.App.Ref\9.0.11\ref\net9.0\System.Threading.Channels.dll" /reference:"C:\Program Files\dotnet\packs\Microsoft.NETCore.App.Ref\9.0.11\ref\net9.0\System.Threading.dll" /reference:"C:\Program Files\dotnet\packs\Microsoft.NETCore.App.Ref\9.0.11\ref\net9.0\System.Threading.Overlapped.dll" /reference:"C:\Program Files\dotnet\packs\Microsoft.NETCore.App.Ref\9.0.11\ref\net9.0\System.Threading.Tasks.Dataflow.dll" /reference:"C:\Program Files\dotnet\packs\Microsoft.NETCore.App.Ref\9.0.11\ref\net9.0\System.Threading.Tasks.dll" /reference:"C:\Program Files\dotnet\packs\Microsoft.NETCore.App.Ref\9.0.11\ref\net9.0\System.Threading.Tasks.Extensions.dll" /reference:"C:\Program Files\dotnet\packs\Microsoft.NETCore.App.Ref\9.0.11\ref\net9.0\System.Threading.Tasks.Parallel.dll" /reference:"C:\Program Files\dotnet\packs\Microsoft.NETCore.App.Ref\9.0.11\ref\net9.0\System.Threading.Thread.dll" /reference:"C:\Program Files\dotnet\packs\Microsoft.NETCore.App.Ref\9.0.11\ref\net9.0\System.Threading.ThreadPool.dll" /reference:"C:\Program Files\dotnet\packs\Microsoft.NETCore.App.Ref\9.0.11\ref\net9.0\System.Threading.Timer.dll" /reference:"C:\Program Files\dotnet\packs\Microsoft.NETCore.App.Ref\9.0.11\ref\net9.0\System.Transactions.dll" /reference:"C:\Program Files\dotnet\packs\Microsoft.NETCore.App.Ref\9.0.11\ref\net9.0\System.Transactions.Local.dll" /reference:"C:\Program Files\dotnet\packs\Microsoft.NETCore.App.Ref\9.0.11\ref\net9.0\System.ValueTuple.dll" /reference:"C:\Program Files\dotnet\packs\Microsoft.NETCore.App.Ref\9.0.11\ref\net9.0\System.Web.dll" /reference:"C:\Program Files\dotnet\packs\Microsoft.NETCore.App.Ref\9.0.11\ref\net9.0\System.Web.HttpUtility.dll" /reference:"C:\Program Files\dotnet\packs\Microsoft.NETCore.App.Ref\9.0.11\ref\net9.0\System.Windows.dll" /reference:"C:\Program Files\dotnet\packs\Microsoft.NETCore.App.Ref\9.0.11\ref\net9.0\System.Xml.dll" /reference:"C:\Program Files\dotnet\packs\Microsoft.NETCore.App.Ref\9.0.11\ref\net9.0\System.Xml.Linq.dll" /reference:"C:\Program Files\dotnet\packs\Microsoft.NETCore.App.Ref\9.0.11\ref\net9.0\System.Xml.ReaderWriter.dll" /reference:"C:\Program Files\dotnet\packs\Microsoft.NETCore.App.Ref\9.0.11\ref\net9.0\System.Xml.Serialization.dll" /reference:"C:\Program Files\dotnet\packs\Microsoft.NETCore.App.Ref\9.0.11\ref\net9.0\System.Xml.XDocument.dll" /reference:"C:\Program Files\dotnet\packs\Microsoft.NETCore.App.Ref\9.0.11\ref\net9.0\System.Xml.XmlDocument.dll" /reference:"C:\Program Files\dotnet\packs\Microsoft.NETCore.App.Ref\9.0.11\ref\net9.0\System.Xml.XmlSerializer.dll" /reference:"C:\Program Files\dotnet\packs\Microsoft.NETCore.App.Ref\9.0.11\ref\net9.0\System.Xml.XPath.dll" /reference:"C:\Program Files\dotnet\packs\Microsoft.NETCore.App.Ref\9.0.11\ref\net9.0\System.Xml.XPath.XDocument.dll" /reference:"C:\Program Files\dotnet\packs\Microsoft.NETCore.App.Ref\9.0.11\ref\net9.0\WindowsBase.dll" /reference:C:\Users\kenjt\.nuget\packages\zstdsharp.port\0.7.3\lib\net7.0\ZstdSharp.dll /debug+ /debug:portable /filealign:512 /optimize- /out:obj\Debug\net9.0\FakeMicro.DatabaseAccess.dll /refout:obj\Debug\net9.0\refint\FakeMicro.DatabaseAccess.dll /target:library /warnaserror- /utf8output /deterministic+ /sourcelink:obj\Debug\net9.0\FakeMicro.DatabaseAccess.sourcelink.json /langversion:13.0 /embed:obj\Debug\net9.0\FakeMicro.DatabaseAccess.GlobalUsings.g.cs /embed:"obj\Debug\net9.0\.NETCoreApp,Version=v9.0.AssemblyAttributes.cs" /embed:obj\Debug\net9.0\FakeMicro.DatabaseAccess.AssemblyInfo.cs /analyzerconfig:obj\Debug\net9.0\FakeMicro.DatabaseAccess.GeneratedMSBuildEditorConfig.editorconfig /analyzerconfig:"C:\Program Files\dotnet\sdk\10.0.100\Sdks\Microsoft.NET.Sdk\analyzers\build\config\analysislevel_9_default.globalconfig" /analyzer:"C:\Program Files\dotnet\sdk\10.0.100\Sdks\Microsoft.NET.Sdk\targets\..\analyzers\Microsoft.CodeAnalysis.CSharp.NetAnalyzers.dll" /analyzer:"C:\Program Files\dotnet\sdk\10.0.100\Sdks\Microsoft.NET.Sdk\targets\..\analyzers\Microsoft.CodeAnalysis.NetAnalyzers.dll" /analyzer:C:\Users\kenjt\.nuget\packages\microsoft.codeanalysis.analyzers\3.11.0\analyzers\dotnet\cs\Microsoft.CodeAnalysis.Analyzers.dll /analyzer:C:\Users\kenjt\.nuget\packages\microsoft.codeanalysis.analyzers\3.11.0\analyzers\dotnet\cs\Microsoft.CodeAnalysis.CSharp.Analyzers.dll /analyzer:C:\Users\kenjt\.nuget\packages\microsoft.extensions.logging.abstractions\10.0.0\analyzers\dotnet\roslyn4.4\cs\Microsoft.Extensions.Logging.Generators.dll /analyzer:C:\Users\kenjt\.nuget\packages\microsoft.extensions.options\10.0.0\analyzers\dotnet\roslyn4.4\cs\Microsoft.Extensions.Options.SourceGeneration.dll /analyzer:C:\Users\kenjt\.nuget\packages\microsoft.orleans.analyzers\9.2.1\analyzers\dotnet\cs\Orleans.Analyzers.dll /analyzer:C:\Users\kenjt\.nuget\packages\microsoft.orleans.codegenerator\9.2.1\analyzers\dotnet\cs\Orleans.CodeGenerator.dll /analyzer:C:\Users\kenjt\.nuget\packages\system.text.json\10.0.0\analyzers\dotnet\roslyn4.4\cs\System.Text.Json.SourceGeneration.dll /analyzer:"C:\Program Files\dotnet\packs\Microsoft.NETCore.App.Ref\9.0.11\analyzers/dotnet/cs/Microsoft.Interop.ComInterfaceGenerator.dll" /analyzer:"C:\Program Files\dotnet\packs\Microsoft.NETCore.App.Ref\9.0.11\analyzers/dotnet/cs/Microsoft.Interop.JavaScript.JSImportGenerator.dll" /analyzer:"C:\Program Files\dotnet\packs\Microsoft.NETCore.App.Ref\9.0.11\analyzers/dotnet/cs/Microsoft.Interop.LibraryImportGenerator.dll" /analyzer:"C:\Program Files\dotnet\packs\Microsoft.NETCore.App.Ref\9.0.11\analyzers/dotnet/cs/Microsoft.Interop.SourceGeneration.dll" /analyzer:"C:\Program Files\dotnet\packs\Microsoft.NETCore.App.Ref\9.0.11\analyzers/dotnet/cs/System.Text.RegularExpressions.Generator.dll" BaseDatabaseConnectionManager.cs Config\DatabaseType.cs DatabaseConfig.cs DatabaseConnectionManager.cs DatabaseInitializerHostedService.cs DatabasePerformanceMonitor.cs DatabaseServiceExtensions.cs DynamicRepositoryFactory.cs Entities\AuditLogStatistics.cs Entities\Permission.cs Entities\RolePermission.cs Entities\Tenant.cs Entities\UserRole.cs Extensions\DatabaseInitializerServiceExtensions.cs Interfaces\Email\IEmailRepository.cs Interfaces\IAuditLogRepository.cs Interfaces\IBaseRepository.cs Interfaces\IDatabaseConnectionManager.cs Interfaces\IDictionaryItemRepository.cs Interfaces\IDictionaryTypeRepository.cs Interfaces\IFakeNewsRepository.cs Interfaces\IFakeStudentRepository.cs Interfaces\IMessageRepository.cs Interfaces\IMongoRepository.cs Interfaces\IMongoRepositoryFactory.cs Interfaces\IPermissionRepository.cs Interfaces\IReadRepository.cs Interfaces\IRepository.cs Interfaces\IRepositoryFactory.cs Interfaces\IRoleRepository.cs Interfaces\ISoftDeletable.cs Interfaces\ISqlRepository.cs Interfaces\ISqlSugarRepositoryFactory.cs Interfaces\ISubjectRepository.cs Interfaces\ISysOpenRepository.cs Interfaces\ITransactionService.cs Interfaces\IUserRepository.cs Interfaces\IWriteRepository.cs Interfaces\ManagerVersion\IManagerVersionRepository.cs Interfaces\Mongo\IMongoActRepository.cs ISoftDelete.cs MariaDbConnectionManager.cs MessageRepository.cs MongoDBConfig.cs MongoDbRepositoryCreationStrategy.cs MongoDBServiceCollectionExtensions.cs MongoRepository.cs MongoRepositoryFactory.cs MySqlConnectionManager.cs PostgreSqlConnectionManager.cs PostgreSqlRepositoryCreationStrategy.cs QueryCacheManager.cs Repositories\AuditLogRepository.cs Repositories\DictionaryItemRepository.cs Repositories\DictionaryTypeRepository.cs Repositories\Email\EmailRepository.cs Repositories\FakeNewsRepository.cs Repositories\FakeStudentRepository.cs Repositories\ManagerVersionRepository.cs Repositories\MongoFakeNewsRepository.cs Repositories\Mongo\MongoActRepository.cs Repositories\Mongo\MongoQueryBuilder.cs Repositories\PermissionRepository.cs Repositories\RoleRepository.cs Repositories\SubjectRepository.cs Repositories\SysOpenRepository.cs Repositories\UserRepository.cs Services\DatabaseInitializerHostedService.cs SqlSugarConfig.cs SqlSugarRepository.cs SqlSugarRepositoryFactory.cs SqlSugarServiceCollectionExtensions.cs Transaction\SqlSugarTransactionManager.cs Transaction\SqlSugarTransactionService.cs obj\Debug\net9.0\FakeMicro.DatabaseAccess.GlobalUsings.g.cs "obj\Debug\net9.0\.NETCoreApp,Version=v9.0.AssemblyAttributes.cs" obj\Debug\net9.0\FakeMicro.DatabaseAccess.AssemblyInfo.cs /warnaserror+:NU1605,SYSLIB0011
         Compilation request FakeMicro.DatabaseAccess (net9.0), PathToTool=C:\Program Files\dotnet\sdk\10.0.100\Roslyn\bincore\csc.exe
         CommandLine = ' /noconfig'
         BuildResponseFile = '/unsafe- /checked- /nowarn:NU1701,1701,1702 /fullpaths /nostdlib+ /errorreport:prompt /warn:9 /define:TRACE;DEBUG;NET;NET9_0;NETCOREAPP;NET5_0_OR_GREATER;NET6_0_OR_GREATER;NET7_0_OR_GREATER;NET8_0_OR_GREATER;NET9_0_OR_GREATER;NETCOREAPP1_0_OR_GREATER;NETCOREAPP1_1_OR_GREATER;NETCOREAPP2_0_OR_GREATER;NETCOREAPP2_1_OR_GREATER;NETCOREAPP2_2_OR_GREATER;NETCOREAPP3_0_OR_GREATER;NETCOREAPP3_1_OR_GREATER /highentropyva+ /nullable:enable /reference:C:\Users\kenjt\.nuget\packages\azure.core\1.38.0\lib\net6.0\Azure.Core.dll /reference:C:\Users\kenjt\.nuget\packages\azure.identity\1.11.4\lib\netstandard2.0\Azure.Identity.dll /reference:C:\Users\kenjt\.nuget\packages\sqlsugarcore.dm\8.8.1\lib\netstandard2.0\DM.DmProvider.dll /reference:C:\Users\kenjt\.nuget\packages\dnsclient\1.6.1\lib\net5.0\DnsClient.dll /reference:F:\ProjectCode\OrlanFackeMicro\src\FakeMicro.Entities\obj\Debug\net9.0\ref\FakeMicro.Entities.dll /reference:F:\ProjectCode\OrlanFackeMicro\src\FakeMicro.Interfaces\obj\Debug\net9.0\ref\FakeMicro.Interfaces.dll /reference:F:\ProjectCode\OrlanFackeMicro\src\FakeMicro.Utilities\obj\Debug\net9.0\ref\FakeMicro.Utilities.dll /reference:C:\Users\kenjt\.nuget\packages\sqlsugarcore.kdbndp\9.3.7.1032\lib\netstandard2.1\Kdbndp.dll /reference:C:\Users\kenjt\.nuget\packages\mapster.core\1.2.1\lib\net7.0\Mapster.Core.dll /reference:C:\Users\kenjt\.nuget\packages\mapster\7.4.0\lib\net7.0\Mapster.dll /reference:C:\Users\kenjt\.nuget\packages\microsoft.aspnetcore.connections.abstractions\8.0.11\lib\net8.0\Microsoft.AspNetCore.Connections.Abstractions.dll /reference:C:\Users\kenjt\.nuget\packages\microsoft.aspnetcore.hosting.abstractions\2.3.0\lib\netstandard2.0\Microsoft.AspNetCore.Hosting.Abstractions.dll /reference:C:\Users\kenjt\.nuget\packages\microsoft.aspnetcore.hosting\2.3.0\lib\netstandard2.0\Microsoft.AspNetCore.Hosting.dll /reference:C:\Users\kenjt\.nuget\packages\microsoft.aspnetcore.hosting.server.abstractions\2.3.0\lib\netstandard2.0\Microsoft.AspNetCore.Hosting.Server.Abstractions.dll /reference:C:\Users\kenjt\.nuget\packages\microsoft.aspnetcore.http.abstractions\2.3.0\lib\netstandard2.0\Microsoft.AspNetCore.Http.Abstractions.dll /reference:C:\Users\kenjt\.nuget\packages\microsoft.aspnetcore.http\2.3.0\lib\netstandard2.0\Microsoft.AspNetCore.Http.dll /reference:C:\Users\kenjt\.nuget\packages\microsoft.aspnetcore.http.extensions\2.3.0\lib\netstandard2.0\Microsoft.AspNetCore.Http.Extensions.dll /reference:C:\Users\kenjt\.nuget\packages\microsoft.aspnetcore.http.features\2.3.0\lib\netstandard2.0\Microsoft.AspNetCore.Http.Features.dll /reference:C:\Users\kenjt\.nuget\packages\microsoft.aspnetcore.webutilities\2.3.0\lib\netstandard2.0\Microsoft.AspNetCore.WebUtilities.dll /reference:C:\Users\kenjt\.nuget\packages\microsoft.bcl.asyncinterfaces\6.0.0\lib\netstandard2.1\Microsoft.Bcl.AsyncInterfaces.dll /reference:C:\Users\kenjt\.nuget\packages\microsoft.codeanalysis.common\4.5.0\lib\netcoreapp3.1\Microsoft.CodeAnalysis.dll /reference:C:\Users\kenjt\.nuget\packages\microsoft.codeanalysis.workspaces.common\4.5.0\lib\netcoreapp3.1\Microsoft.CodeAnalysis.Workspaces.dll /reference:"C:\Program Files\dotnet\packs\Microsoft.NETCore.App.Ref\9.0.11\ref\net9.0\Microsoft.CSharp.dll" /reference:C:\Users\kenjt\.nuget\packages\microsoft.data.sqlclient\5.2.2\ref\net8.0\Microsoft.Data.SqlClient.dll /reference:C:\Users\kenjt\.nuget\packages\microsoft.data.sqlite.core\9.0.0\lib\net8.0\Microsoft.Data.Sqlite.dll /reference:C:\Users\kenjt\.nuget\packages\microsoft.extensions.caching.abstractions\10.0.0\lib\net9.0\Microsoft.Extensions.Caching.Abstractions.dll /reference:C:\Users\kenjt\.nuget\packages\microsoft.extensions.caching.memory\10.0.0\lib\net9.0\Microsoft.Extensions.Caching.Memory.dll /reference:C:\Users\kenjt\.nuget\packages\microsoft.extensions.configuration.abstractions\10.0.0\lib\net9.0\Microsoft.Extensions.Configuration.Abstractions.dll /reference:C:\Users\kenjt\.nuget\packages\microsoft.extensions.configuration.binder\10.0.0\lib\net9.0\Microsoft.Extensions.Configuration.Binder.dll /reference:C:\Users\kenjt\.nuget\packages\microsoft.extensions.configuration.commandline\8.0.0\lib\net8.0\Microsoft.Extensions.Configuration.CommandLine.dll /reference:C:\Users\kenjt\.nuget\packages\microsoft.extensions.configuration\10.0.0\lib\net9.0\Microsoft.Extensions.Configuration.dll /reference:C:\Users\kenjt\.nuget\packages\microsoft.extensions.configuration.environmentvariables\8.0.0\lib\net8.0\Microsoft.Extensions.Configuration.EnvironmentVariables.dll /reference:C:\Users\kenjt\.nuget\packages\microsoft.extensions.configuration.fileextensions\10.0.0\lib\net9.0\Microsoft.Extensions.Configuration.FileExtensions.dll /reference:C:\Users\kenjt\.nuget\packages\microsoft.extensions.configuration.json\10.0.0\lib\net9.0\Microsoft.Extensions.Configuration.Json.dll /reference:C:\Users\kenjt\.nuget\packages\microsoft.extensions.configuration.usersecrets\8.0.1\lib\net8.0\Microsoft.Extensions.Configuration.UserSecrets.dll /reference:C:\Users\kenjt\.nuget\packages\microsoft.extensions.dependencyinjection.abstractions\10.0.0\lib\net9.0\Microsoft.Extensions.DependencyInjection.Abstractions.dll /reference:C:\Users\kenjt\.nuget\packages\microsoft.extensions.dependencyinjection\10.0.0\lib\net9.0\Microsoft.Extensions.DependencyInjection.dll /reference:C:\Users\kenjt\.nuget\packages\microsoft.extensions.dependencymodel\8.0.2\lib\net8.0\Microsoft.Extensions.DependencyModel.dll /reference:C:\Users\kenjt\.nuget\packages\microsoft.extensions.diagnostics.abstractions\8.0.1\lib\net8.0\Microsoft.Extensions.Diagnostics.Abstractions.dll /reference:C:\Users\kenjt\.nuget\packages\microsoft.extensions.diagnostics\8.0.1\lib\net8.0\Microsoft.Extensions.Diagnostics.dll /reference:C:\Users\kenjt\.nuget\packages\microsoft.extensions.features\8.0.11\lib\net8.0\Microsoft.Extensions.Features.dll /reference:C:\Users\kenjt\.nuget\packages\microsoft.extensions.fileproviders.abstractions\10.0.0\lib\net9.0\Microsoft.Extensions.FileProviders.Abstractions.dll /reference:C:\Users\kenjt\.nuget\packages\microsoft.extensions.fileproviders.physical\10.0.0\lib\net9.0\Microsoft.Extensions.FileProviders.Physical.dll /reference:C:\Users\kenjt\.nuget\packages\microsoft.extensions.filesystemglobbing\10.0.0\lib\net9.0\Microsoft.Extensions.FileSystemGlobbing.dll /reference:C:\Users\kenjt\.nuget\packages\microsoft.extensions.hosting.abstractions\8.0.1\lib\net8.0\Microsoft.Extensions.Hosting.Abstractions.dll /reference:C:\Users\kenjt\.nuget\packages\microsoft.extensions.hosting\8.0.1\lib\net8.0\Microsoft.Extensions.Hosting.dll /reference:C:\Users\kenjt\.nuget\packages\microsoft.extensions.logging.abstractions\10.0.0\lib\net9.0\Microsoft.Extensions.Logging.Abstractions.dll /reference:C:\Users\kenjt\.nuget\packages\microsoft.extensions.logging.configuration\8.0.1\lib\net8.0\Microsoft.Extensions.Logging.Configuration.dll /reference:C:\Users\kenjt\.nuget\packages\microsoft.extensions.logging.console\8.0.1\lib\net8.0\Microsoft.Extensions.Logging.Console.dll /reference:C:\Users\kenjt\.nuget\packages\microsoft.extensions.logging.debug\8.0.1\lib\net8.0\Microsoft.Extensions.Logging.Debug.dll /reference:C:\Users\kenjt\.nuget\packages\microsoft.extensions.logging\10.0.0\lib\net9.0\Microsoft.Extensions.Logging.dll /reference:C:\Users\kenjt\.nuget\packages\microsoft.extensions.logging.eventlog\8.0.1\lib\net8.0\Microsoft.Extensions.Logging.EventLog.dll /reference:C:\Users\kenjt\.nuget\packages\microsoft.extensions.logging.eventsource\8.0.1\lib\net8.0\Microsoft.Extensions.Logging.EventSource.dll /reference:C:\Users\kenjt\.nuget\packages\microsoft.extensions.objectpool\8.0.11\lib\net8.0\Microsoft.Extensions.ObjectPool.dll /reference:C:\Users\kenjt\.nuget\packages\microsoft.extensions.options.configurationextensions\10.0.0\lib\net9.0\Microsoft.Extensions.Options.ConfigurationExtensions.dll /reference:C:\Users\kenjt\.nuget\packages\microsoft.extensions.options\10.0.0\lib\net9.0\Microsoft.Extensions.Options.dll /reference:C:\Users\kenjt\.nuget\packages\microsoft.extensions.primitives\10.0.0\lib\net9.0\Microsoft.Extensions.Primitives.dll /reference:C:\Users\kenjt\.nuget\packages\microsoft.identity.client\4.61.3\lib\net6.0\Microsoft.Identity.Client.dll /reference:C:\Users\kenjt\.nuget\packages\microsoft.identity.client.extensions.msal\4.61.3\lib\net6.0\Microsoft.Identity.Client.Extensions.Msal.dll /reference:C:\Users\kenjt\.nuget\packages\microsoft.identitymodel.abstractions\6.35.0\lib\net6.0\Microsoft.IdentityModel.Abstractions.dll /reference:C:\Users\kenjt\.nuget\packages\microsoft.identitymodel.jsonwebtokens\6.35.0\lib\net6.0\Microsoft.IdentityModel.JsonWebTokens.dll /reference:C:\Users\kenjt\.nuget\packages\microsoft.identitymodel.logging\6.35.0\lib\net6.0\Microsoft.IdentityModel.Logging.dll /reference:C:\Users\kenjt\.nuget\packages\microsoft.identitymodel.protocols\6.35.0\lib\net6.0\Microsoft.IdentityModel.Protocols.dll /reference:C:\Users\kenjt\.nuget\packages\microsoft.identitymodel.protocols.openidconnect\6.35.0\lib\net6.0\Microsoft.IdentityModel.Protocols.OpenIdConnect.dll /reference:C:\Users\kenjt\.nuget\packages\microsoft.identitymodel.tokens\6.35.0\lib\net6.0\Microsoft.IdentityModel.Tokens.dll /reference:C:\Users\kenjt\.nuget\packages\microsoft.net.http.headers\2.3.0\lib\netstandard2.0\Microsoft.Net.Http.Headers.dll /reference:C:\Users\kenjt\.nuget\packages\microsoft.sqlserver.server\1.0.0\lib\netstandard2.0\Microsoft.SqlServer.Server.dll /reference:"C:\Program Files\dotnet\packs\Microsoft.NETCore.App.Ref\9.0.11\ref\net9.0\Microsoft.VisualBasic.Core.dll" /reference:"C:\Program Files\dotnet\packs\Microsoft.NETCore.App.Ref\9.0.11\ref\net9.0\Microsoft.VisualBasic.dll" /reference:"C:\Program Files\dotnet\packs\Microsoft.NETCore.App.Ref\9.0.11\ref\net9.0\Microsoft.Win32.Primitives.dll" /reference:"C:\Program Files\dotnet\packs\Microsoft.NETCore.App.Ref\9.0.11\ref\net9.0\Microsoft.Win32.Registry.dll" /reference:C:\Users\kenjt\.nuget\packages\sqlsugar.mongodbcore\5.1.4.277\lib\netstandard2.1\MongoDb.Ado.Data.dll /reference:C:\Users\kenjt\.nuget\packages\mongodb.bson\3.5.2\lib\net6.0\MongoDB.Bson.dll /reference:C:\Users\kenjt\.nuget\packages\mongodb.driver\3.5.2\lib\net6.0\MongoDB.Driver.dll /reference:"C:\Program Files\dotnet\packs\Microsoft.NETCore.App.Ref\9.0.11\ref\net9.0\mscorlib.dll" /reference:C:\Users\kenjt\.nuget\packages\mysqlconnector\2.2.5\lib\net7.0\MySqlConnector.dll /reference:"C:\Program Files\dotnet\packs\Microsoft.NETCore.App.Ref\9.0.11\ref\net9.0\netstandard.dll" /reference:C:\Users\kenjt\.nuget\packages\newtonsoft.json\13.0.3\lib\net6.0\Newtonsoft.Json.dll /reference:C:\Users\kenjt\.nuget\packages\npgsql\9.0.4\lib\net8.0\Npgsql.dll /reference:C:\Users\kenjt\.nuget\packages\oracle.manageddataaccess.core\23.8.0\lib\net8.0\Oracle.ManagedDataAccess.dll /reference:C:\Users\kenjt\.nuget\packages\microsoft.orleans.core.abstractions\9.2.1\lib\net8.0\Orleans.Core.Abstractions.dll /reference:C:\Users\kenjt\.nuget\packages\microsoft.orleans.core\9.2.1\lib\net8.0\Orleans.Core.dll /reference:C:\Users\kenjt\.nuget\packages\microsoft.orleans.serialization.abstractions\9.2.1\lib\net8.0\Orleans.Serialization.Abstractions.dll /reference:C:\Users\kenjt\.nuget\packages\microsoft.orleans.serialization\9.2.1\lib\net8.0\Orleans.Serialization.dll /reference:C:\Users\kenjt\.nuget\packages\oscar.data.sqlclient\4.0.4\lib\netstandard2.0\Oscar.Data.SqlClient.dll /reference:C:\Users\kenjt\.nuget\packages\sharpcompress\0.30.1\lib\net5.0\SharpCompress.dll /reference:C:\Users\kenjt\.nuget\packages\snappier\1.0.0\lib\net5.0\Snappier.dll /reference:C:\Users\kenjt\.nuget\packages\sqlitepclraw.bundle_e_sqlite3\2.1.10\lib\netstandard2.0\SQLitePCLRaw.batteries_v2.dll /reference:C:\Users\kenjt\.nuget\packages\sqlitepclraw.core\2.1.10\lib\netstandard2.0\SQLitePCLRaw.core.dll /reference:C:\Users\kenjt\.nuget\packages\sqlitepclraw.provider.e_sqlite3\2.1.10\lib\net6.0\SQLitePCLRaw.provider.e_sqlite3.dll /reference:C:\Users\kenjt\.nuget\packages\sqlsugarcore\5.1.4.210\lib\netstandard2.1\SqlSugar.dll /reference:C:\Users\kenjt\.nuget\packages\sqlsugar.mongodbcore\5.1.4.277\lib\netstandard2.1\SqlSugar.MongoDbCore.dll /reference:"C:\Program Files\dotnet\packs\Microsoft.NETCore.App.Ref\9.0.11\ref\net9.0\System.AppContext.dll" /reference:"C:\Program Files\dotnet\packs\Microsoft.NETCore.App.Ref\9.0.11\ref\net9.0\System.Buffers.dll" /reference:C:\Users\kenjt\.nuget\packages\system.clientmodel\1.0.0\lib\net6.0\System.ClientModel.dll /reference:"C:\Program Files\dotnet\packs\Microsoft.NETCore.App.Ref\9.0.11\ref\net9.0\System.Collections.Concurrent.dll" /reference:"C:\Program Files\dotnet\packs\Microsoft.NETCore.App.Ref\9.0.11\ref\net9.0\System.Collections.dll" /reference:"C:\Program Files\dotnet\packs\Microsoft.NETCore.App.Ref\9.0.11\ref\net9.0\System.Collections.Immutable.dll" /reference:"C:\Program Files\dotnet\packs\Microsoft.NETCore.App.Ref\9.0.11\ref\net9.0\System.Collections.NonGeneric.dll" /reference:"C:\Program Files\dotnet\packs\Microsoft.NETCore.App.Ref\9.0.11\ref\net9.0\System.Collections.Specialized.dll" /reference:C:\Users\kenjt\.nuget\packages\system.commandline\2.0.0-beta4.22272.1\lib\net6.0\System.CommandLine.dll /reference:"C:\Program Files\dotnet\packs\Microsoft.NETCore.App.Ref\9.0.11\ref\net9.0\System.ComponentModel.Annotations.dll" /reference:"C:\Program Files\dotnet\packs\Microsoft.NETCore.App.Ref\9.0.11\ref\net9.0\System.ComponentModel.DataAnnotations.dll" /reference:"C:\Program Files\dotnet\packs\Microsoft.NETCore.App.Ref\9.0.11\ref\net9.0\System.ComponentModel.dll" /reference:"C:\Program Files\dotnet\packs\Microsoft.NETCore.App.Ref\9.0.11\ref\net9.0\System.ComponentModel.EventBasedAsync.dll" /reference:"C:\Program Files\dotnet\packs\Microsoft.NETCore.App.Ref\9.0.11\ref\net9.0\System.ComponentModel.Primitives.dll" /reference:"C:\Program Files\dotnet\packs\Microsoft.NETCore.App.Ref\9.0.11\ref\net9.0\System.ComponentModel.TypeConverter.dll" /reference:C:\Users\kenjt\.nuget\packages\system.composition.attributedmodel\6.0.0\lib\net6.0\System.Composition.AttributedModel.dll /reference:C:\Users\kenjt\.nuget\packages\system.composition.convention\6.0.0\lib\net6.0\System.Composition.Convention.dll /reference:C:\Users\kenjt\.nuget\packages\system.composition.hosting\6.0.0\lib\net6.0\System.Composition.Hosting.dll /reference:C:\Users\kenjt\.nuget\packages\system.composition.runtime\6.0.0\lib\net6.0\System.Composition.Runtime.dll /reference:C:\Users\kenjt\.nuget\packages\system.composition.typedparts\6.0.0\lib\net6.0\System.Composition.TypedParts.dll /reference:C:\Users\kenjt\.nuget\packages\system.configuration.configurationmanager\10.0.0\lib\net9.0\System.Configuration.ConfigurationManager.dll /reference:"C:\Program Files\dotnet\packs\Microsoft.NETCore.App.Ref\9.0.11\ref\net9.0\System.Configuration.dll" /reference:"C:\Program Files\dotnet\packs\Microsoft.NETCore.App.Ref\9.0.11\ref\net9.0\System.Console.dll" /reference:"C:\Program Files\dotnet\packs\Microsoft.NETCore.App.Ref\9.0.11\ref\net9.0\System.Core.dll" /reference:"C:\Program Files\dotnet\packs\Microsoft.NETCore.App.Ref\9.0.11\ref\net9.0\System.Data.Common.dll" /reference:"C:\Program Files\dotnet\packs\Microsoft.NETCore.App.Ref\9.0.11\ref\net9.0\System.Data.DataSetExtensions.dll" /reference:"C:\Program Files\dotnet\packs\Microsoft.NETCore.App.Ref\9.0.11\ref\net9.0\System.Data.dll" /reference:"C:\Program Files\dotnet\packs\Microsoft.NETCore.App.Ref\9.0.11\ref\net9.0\System.Diagnostics.Contracts.dll" /reference:"C:\Program Files\dotnet\packs\Microsoft.NETCore.App.Ref\9.0.11\ref\net9.0\System.Diagnostics.Debug.dll" /reference:C:\Users\kenjt\.nuget\packages\system.diagnostics.diagnosticsource\10.0.0\lib\net9.0\System.Diagnostics.DiagnosticSource.dll /reference:C:\Users\kenjt\.nuget\packages\system.diagnostics.eventlog\10.0.0\lib\net9.0\System.Diagnostics.EventLog.dll /reference:"C:\Program Files\dotnet\packs\Microsoft.NETCore.App.Ref\9.0.11\ref\net9.0\System.Diagnostics.FileVersionInfo.dll" /reference:C:\Users\kenjt\.nuget\packages\system.diagnostics.performancecounter\10.0.0\lib\net9.0\System.Diagnostics.PerformanceCounter.dll /reference:"C:\Program Files\dotnet\packs\Microsoft.NETCore.App.Ref\9.0.11\ref\net9.0\System.Diagnostics.Process.dll" /reference:"C:\Program Files\dotnet\packs\Microsoft.NETCore.App.Ref\9.0.11\ref\net9.0\System.Diagnostics.StackTrace.dll" /reference:"C:\Program Files\dotnet\packs\Microsoft.NETCore.App.Ref\9.0.11\ref\net9.0\System.Diagnostics.TextWriterTraceListener.dll" /reference:"C:\Program Files\dotnet\packs\Microsoft.NETCore.App.Ref\9.0.11\ref\net9.0\System.Diagnostics.Tools.dll" /reference:"C:\Program Files\dotnet\packs\Microsoft.NETCore.App.Ref\9.0.11\ref\net9.0\System.Diagnostics.TraceSource.dll" /reference:"C:\Program Files\dotnet\packs\Microsoft.NETCore.App.Ref\9.0.11\ref\net9.0\System.Diagnostics.Tracing.dll" /reference:C:\Users\kenjt\.nuget\packages\system.directoryservices.protocols\8.0.0\lib\net8.0\System.DirectoryServices.Protocols.dll /reference:"C:\Program Files\dotnet\packs\Microsoft.NETCore.App.Ref\9.0.11\ref\net9.0\System.dll" /reference:"C:\Program Files\dotnet\packs\Microsoft.NETCore.App.Ref\9.0.11\ref\net9.0\System.Drawing.dll" /reference:"C:\Program Files\dotnet\packs\Microsoft.NETCore.App.Ref\9.0.11\ref\net9.0\System.Drawing.Primitives.dll" /reference:"C:\Program Files\dotnet\packs\Microsoft.NETCore.App.Ref\9.0.11\ref\net9.0\System.Dynamic.Runtime.dll" /reference:"C:\Program Files\dotnet\packs\Microsoft.NETCore.App.Ref\9.0.11\ref\net9.0\System.Formats.Asn1.dll" /reference:"C:\Program Files\dotnet\packs\Microsoft.NETCore.App.Ref\9.0.11\ref\net9.0\System.Formats.Tar.dll" /reference:"C:\Program Files\dotnet\packs\Microsoft.NETCore.App.Ref\9.0.11\ref\net9.0\System.Globalization.Calendars.dll" /reference:"C:\Program Files\dotnet\packs\Microsoft.NETCore.App.Ref\9.0.11\ref\net9.0\System.Globalization.dll" /reference:"C:\Program Files\dotnet\packs\Microsoft.NETCore.App.Ref\9.0.11\ref\net9.0\System.Globalization.Extensions.dll" /reference:C:\Users\kenjt\.nuget\packages\system.identitymodel.tokens.jwt\6.35.0\lib\net6.0\System.IdentityModel.Tokens.Jwt.dll /reference:"C:\Program Files\dotnet\packs\Microsoft.NETCore.App.Ref\9.0.11\ref\net9.0\System.IO.Compression.Brotli.dll" /reference:"C:\Program Files\dotnet\packs\Microsoft.NETCore.App.Ref\9.0.11\ref\net9.0\System.IO.Compression.dll" /reference:"C:\Program Files\dotnet\packs\Microsoft.NETCore.App.Ref\9.0.11\ref\net9.0\System.IO.Compression.FileSystem.dll" /reference:"C:\Program Files\dotnet\packs\Microsoft.NETCore.App.Ref\9.0.11\ref\net9.0\System.IO.Compression.ZipFile.dll" /reference:"C:\Program Files\dotnet\packs\Microsoft.NETCore.App.Ref\9.0.11\ref\net9.0\System.IO.dll" /reference:"C:\Program Files\dotnet\packs\Microsoft.NETCore.App.Ref\9.0.11\ref\net9.0\System.IO.FileSystem.AccessControl.dll" /reference:"C:\Program Files\dotnet\packs\Microsoft.NETCore.App.Ref\9.0.11\ref\net9.0\System.IO.FileSystem.dll" /reference:"C:\Program Files\dotnet\packs\Microsoft.NETCore.App.Ref\9.0.11\ref\net9.0\System.IO.FileSystem.DriveInfo.dll" /reference:"C:\Program Files\dotnet\packs\Microsoft.NETCore.App.Ref\9.0.11\ref\net9.0\System.IO.FileSystem.Primitives.dll" /reference:"C:\Program Files\dotnet\packs\Microsoft.NETCore.App.Ref\9.0.11\ref\net9.0\System.IO.FileSystem.Watcher.dll" /reference:C:\Users\kenjt\.nuget\packages\system.io.hashing\8.0.0\lib\net8.0\System.IO.Hashing.dll /reference:"C:\Program Files\dotnet\packs\Microsoft.NETCore.App.Ref\9.0.11\ref\net9.0\System.IO.IsolatedStorage.dll" /reference:"C:\Program Files\dotnet\packs\Microsoft.NETCore.App.Ref\9.0.11\ref\net9.0\System.IO.MemoryMappedFiles.dll" /reference:C:\Users\kenjt\.nuget\packages\system.io.pipelines\10.0.0\lib\net9.0\System.IO.Pipelines.dll /reference:"C:\Program Files\dotnet\packs\Microsoft.NETCore.App.Ref\9.0.11\ref\net9.0\System.IO.Pipes.AccessControl.dll" /reference:"C:\Program Files\dotnet\packs\Microsoft.NETCore.App.Ref\9.0.11\ref\net9.0\System.IO.Pipes.dll" /reference:"C:\Program Files\dotnet\packs\Microsoft.NETCore.App.Ref\9.0.11\ref\net9.0\System.IO.UnmanagedMemoryStream.dll" /reference:"C:\Program Files\dotnet\packs\Microsoft.NETCore.App.Ref\9.0.11\ref\net9.0\System.Linq.dll" /reference:"C:\Program Files\dotnet\packs\Microsoft.NETCore.App.Ref\9.0.11\ref\net9.0\System.Linq.Expressions.dll" /reference:"C:\Program Files\dotnet\packs\Microsoft.NETCore.App.Ref\9.0.11\ref\net9.0\System.Linq.Parallel.dll" /reference:"C:\Program Files\dotnet\packs\Microsoft.NETCore.App.Ref\9.0.11\ref\net9.0\System.Linq.Queryable.dll" /reference:C:\Users\kenjt\.nuget\packages\system.memory.data\8.0.1\lib\net8.0\System.Memory.Data.dll /reference:"C:\Program Files\dotnet\packs\Microsoft.NETCore.App.Ref\9.0.11\ref\net9.0\System.Memory.dll" /reference:"C:\Program Files\dotnet\packs\Microsoft.NETCore.App.Ref\9.0.11\ref\net9.0\System.Net.dll" /reference:"C:\Program Files\dotnet\packs\Microsoft.NETCore.App.Ref\9.0.11\ref\net9.0\System.Net.Http.dll" /reference:"C:\Program Files\dotnet\packs\Microsoft.NETCore.App.Ref\9.0.11\ref\net9.0\System.Net.Http.Json.dll" /reference:"C:\Program Files\dotnet\packs\Microsoft.NETCore.App.Ref\9.0.11\ref\net9.0\System.Net.HttpListener.dll" /reference:"C:\Program Files\dotnet\packs\Microsoft.NETCore.App.Ref\9.0.11\ref\net9.0\System.Net.Mail.dll" /reference:"C:\Program Files\dotnet\packs\Microsoft.NETCore.App.Ref\9.0.11\ref\net9.0\System.Net.NameResolution.dll" /reference:"C:\Program Files\dotnet\packs\Microsoft.NETCore.App.Ref\9.0.11\ref\net9.0\System.Net.NetworkInformation.dll" /reference:"C:\Program Files\dotnet\packs\Microsoft.NETCore.App.Ref\9.0.11\ref\net9.0\System.Net.Ping.dll" /reference:"C:\Program Files\dotnet\packs\Microsoft.NETCore.App.Ref\9.0.11\ref\net9.0\System.Net.Primitives.dll" /reference:"C:\Program Files\dotnet\packs\Microsoft.NETCore.App.Ref\9.0.11\ref\net9.0\System.Net.Quic.dll" /reference:"C:\Program Files\dotnet\packs\Microsoft.NETCore.App.Ref\9.0.11\ref\net9.0\System.Net.Requests.dll" /reference:"C:\Program Files\dotnet\packs\Microsoft.NETCore.App.Ref\9.0.11\ref\net9.0\System.Net.Security.dll" /reference:"C:\Program Files\dotnet\packs\Microsoft.NETCore.App.Ref\9.0.11\ref\net9.0\System.Net.ServicePoint.dll" /reference:"C:\Program Files\dotnet\packs\Microsoft.NETCore.App.Ref\9.0.11\ref\net9.0\System.Net.Sockets.dll" /reference:"C:\Program Files\dotnet\packs\Microsoft.NETCore.App.Ref\9.0.11\ref\net9.0\System.Net.WebClient.dll" /reference:"C:\Program Files\dotnet\packs\Microsoft.NETCore.App.Ref\9.0.11\ref\net9.0\System.Net.WebHeaderCollection.dll" /reference:"C:\Program Files\dotnet\packs\Microsoft.NETCore.App.Ref\9.0.11\ref\net9.0\System.Net.WebProxy.dll" /reference:"C:\Program Files\dotnet\packs\Microsoft.NETCore.App.Ref\9.0.11\ref\net9.0\System.Net.WebSockets.Client.dll" /reference:"C:\Program Files\dotnet\packs\Microsoft.NETCore.App.Ref\9.0.11\ref\net9.0\System.Net.WebSockets.dll" /reference:"C:\Program Files\dotnet\packs\Microsoft.NETCore.App.Ref\9.0.11\ref\net9.0\System.Numerics.dll" /reference:"C:\Program Files\dotnet\packs\Microsoft.NETCore.App.Ref\9.0.11\ref\net9.0\System.Numerics.Vectors.dll" /reference:"C:\Program Files\dotnet\packs\Microsoft.NETCore.App.Ref\9.0.11\ref\net9.0\System.ObjectModel.dll" /reference:"C:\Program Files\dotnet\packs\Microsoft.NETCore.App.Ref\9.0.11\ref\net9.0\System.Reflection.DispatchProxy.dll" /reference:"C:\Program Files\dotnet\packs\Microsoft.NETCore.App.Ref\9.0.11\ref\net9.0\System.Reflection.dll" /reference:"C:\Program Files\dotnet\packs\Microsoft.NETCore.App.Ref\9.0.11\ref\net9.0\System.Reflection.Emit.dll" /reference:"C:\Program Files\dotnet\packs\Microsoft.NETCore.App.Ref\9.0.11\ref\net9.0\System.Reflection.Emit.ILGeneration.dll" /reference:"C:\Program Files\dotnet\packs\Microsoft.NETCore.App.Ref\9.0.11\ref\net9.0\System.Reflection.Emit.Lightweight.dll" /reference:"C:\Program Files\dotnet\packs\Microsoft.NETCore.App.Ref\9.0.11\ref\net9.0\System.Reflection.Extensions.dll" /reference:"C:\Program Files\dotnet\packs\Microsoft.NETCore.App.Ref\9.0.11\ref\net9.0\System.Reflection.Metadata.dll" /reference:"C:\Program Files\dotnet\packs\Microsoft.NETCore.App.Ref\9.0.11\ref\net9.0\System.Reflection.Primitives.dll" /reference:"C:\Program Files\dotnet\packs\Microsoft.NETCore.App.Ref\9.0.11\ref\net9.0\System.Reflection.TypeExtensions.dll" /reference:"C:\Program Files\dotnet\packs\Microsoft.NETCore.App.Ref\9.0.11\ref\net9.0\System.Resources.Reader.dll" /reference:"C:\Program Files\dotnet\packs\Microsoft.NETCore.App.Ref\9.0.11\ref\net9.0\System.Resources.ResourceManager.dll" /reference:"C:\Program Files\dotnet\packs\Microsoft.NETCore.App.Ref\9.0.11\ref\net9.0\System.Resources.Writer.dll" /reference:"C:\Program Files\dotnet\packs\Microsoft.NETCore.App.Ref\9.0.11\ref\net9.0\System.Runtime.CompilerServices.Unsafe.dll" /reference:"C:\Program Files\dotnet\packs\Microsoft.NETCore.App.Ref\9.0.11\ref\net9.0\System.Runtime.CompilerServices.VisualC.dll" /reference:"C:\Program Files\dotnet\packs\Microsoft.NETCore.App.Ref\9.0.11\ref\net9.0\System.Runtime.dll" /reference:"C:\Program Files\dotnet\packs\Microsoft.NETCore.App.Ref\9.0.11\ref\net9.0\System.Runtime.Extensions.dll" /reference:"C:\Program Files\dotnet\packs\Microsoft.NETCore.App.Ref\9.0.11\ref\net9.0\System.Runtime.Handles.dll" /reference:"C:\Program Files\dotnet\packs\Microsoft.NETCore.App.Ref\9.0.11\ref\net9.0\System.Runtime.InteropServices.dll" /reference:"C:\Program Files\dotnet\packs\Microsoft.NETCore.App.Ref\9.0.11\ref\net9.0\System.Runtime.InteropServices.JavaScript.dll" /reference:"C:\Program Files\dotnet\packs\Microsoft.NETCore.App.Ref\9.0.11\ref\net9.0\System.Runtime.InteropServices.RuntimeInformation.dll" /reference:"C:\Program Files\dotnet\packs\Microsoft.NETCore.App.Ref\9.0.11\ref\net9.0\System.Runtime.Intrinsics.dll" /reference:"C:\Program Files\dotnet\packs\Microsoft.NETCore.App.Ref\9.0.11\ref\net9.0\System.Runtime.Loader.dll" /reference:"C:\Program Files\dotnet\packs\Microsoft.NETCore.App.Ref\9.0.11\ref\net9.0\System.Runtime.Numerics.dll" /reference:"C:\Program Files\dotnet\packs\Microsoft.NETCore.App.Ref\9.0.11\ref\net9.0\System.Runtime.Serialization.dll" /reference:"C:\Program Files\dotnet\packs\Microsoft.NETCore.App.Ref\9.0.11\ref\net9.0\System.Runtime.Serialization.Formatters.dll" /reference:"C:\Program Files\dotnet\packs\Microsoft.NETCore.App.Ref\9.0.11\ref\net9.0\System.Runtime.Serialization.Json.dll" /reference:"C:\Program Files\dotnet\packs\Microsoft.NETCore.App.Ref\9.0.11\ref\net9.0\System.Runtime.Serialization.Primitives.dll" /reference:"C:\Program Files\dotnet\packs\Microsoft.NETCore.App.Ref\9.0.11\ref\net9.0\System.Runtime.Serialization.Xml.dll" /reference:"C:\Program Files\dotnet\packs\Microsoft.NETCore.App.Ref\9.0.11\ref\net9.0\System.Security.AccessControl.dll" /reference:"C:\Program Files\dotnet\packs\Microsoft.NETCore.App.Ref\9.0.11\ref\net9.0\System.Security.Claims.dll" /reference:"C:\Program Files\dotnet\packs\Microsoft.NETCore.App.Ref\9.0.11\ref\net9.0\System.Security.Cryptography.Algorithms.dll" /reference:"C:\Program Files\dotnet\packs\Microsoft.NETCore.App.Ref\9.0.11\ref\net9.0\System.Security.Cryptography.Cng.dll" /reference:"C:\Program Files\dotnet\packs\Microsoft.NETCore.App.Ref\9.0.11\ref\net9.0\System.Security.Cryptography.Csp.dll" /reference:"C:\Program Files\dotnet\packs\Microsoft.NETCore.App.Ref\9.0.11\ref\net9.0\System.Security.Cryptography.dll" /reference:"C:\Program Files\dotnet\packs\Microsoft.NETCore.App.Ref\9.0.11\ref\net9.0\System.Security.Cryptography.Encoding.dll" /reference:"C:\Program Files\dotnet\packs\Microsoft.NETCore.App.Ref\9.0.11\ref\net9.0\System.Security.Cryptography.OpenSsl.dll" /reference:C:\Users\kenjt\.nuget\packages\system.security.cryptography.pkcs\8.0.1\lib\net8.0\System.Security.Cryptography.Pkcs.dll /reference:"C:\Program Files\dotnet\packs\Microsoft.NETCore.App.Ref\9.0.11\ref\net9.0\System.Security.Cryptography.Primitives.dll" /reference:C:\Users\kenjt\.nuget\packages\system.security.cryptography.protecteddata\10.0.0\lib\net9.0\System.Security.Cryptography.ProtectedData.dll /reference:"C:\Program Files\dotnet\packs\Microsoft.NETCore.App.Ref\9.0.11\ref\net9.0\System.Security.Cryptography.X509Certificates.dll" /reference:"C:\Program Files\dotnet\packs\Microsoft.NETCore.App.Ref\9.0.11\ref\net9.0\System.Security.dll" /reference:"C:\Program Files\dotnet\packs\Microsoft.NETCore.App.Ref\9.0.11\ref\net9.0\System.Security.Principal.dll" /reference:"C:\Program Files\dotnet\packs\Microsoft.NETCore.App.Ref\9.0.11\ref\net9.0\System.Security.Principal.Windows.dll" /reference:"C:\Program Files\dotnet\packs\Microsoft.NETCore.App.Ref\9.0.11\ref\net9.0\System.Security.SecureString.dll" /reference:"C:\Program Files\dotnet\packs\Microsoft.NETCore.App.Ref\9.0.11\ref\net9.0\System.ServiceModel.Web.dll" /reference:"C:\Program Files\dotnet\packs\Microsoft.NETCore.App.Ref\9.0.11\ref\net9.0\System.ServiceProcess.dll" /reference:"C:\Program Files\dotnet\packs\Microsoft.NETCore.App.Ref\9.0.11\ref\net9.0\System.Text.Encoding.CodePages.dll" /reference:"C:\Program Files\dotnet\packs\Microsoft.NETCore.App.Ref\9.0.11\ref\net9.0\System.Text.Encoding.dll" /reference:"C:\Program Files\dotnet\packs\Microsoft.NETCore.App.Ref\9.0.11\ref\net9.0\System.Text.Encoding.Extensions.dll" /reference:C:\Users\kenjt\.nuget\packages\system.text.encodings.web\10.0.0\lib\net9.0\System.Text.Encodings.Web.dll /reference:C:\Users\kenjt\.nuget\packages\system.text.json\10.0.0\lib\net9.0\System.Text.Json.dll /reference:"C:\Program Files\dotnet\packs\Microsoft.NETCore.App.Ref\9.0.11\ref\net9.0\System.Text.RegularExpressions.dll" /reference:C:\Users\kenjt\.nuget\packages\system.threading.accesscontrol\10.0.0\lib\net9.0\System.Threading.AccessControl.dll /reference:"C:\Program Files\dotnet\packs\Microsoft.NETCore.App.Ref\9.0.11\ref\net9.0\System.Threading.Channels.dll" /reference:"C:\Program Files\dotnet\packs\Microsoft.NETCore.App.Ref\9.0.11\ref\net9.0\System.Threading.dll" /reference:"C:\Program Files\dotnet\packs\Microsoft.NETCore.App.Ref\9.0.11\ref\net9.0\System.Threading.Overlapped.dll" /reference:"C:\Program Files\dotnet\packs\Microsoft.NETCore.App.Ref\9.0.11\ref\net9.0\System.Threading.Tasks.Dataflow.dll" /reference:"C:\Program Files\dotnet\packs\Microsoft.NETCore.App.Ref\9.0.11\ref\net9.0\System.Threading.Tasks.dll" /reference:"C:\Program Files\dotnet\packs\Microsoft.NETCore.App.Ref\9.0.11\ref\net9.0\System.Threading.Tasks.Extensions.dll" /reference:"C:\Program Files\dotnet\packs\Microsoft.NETCore.App.Ref\9.0.11\ref\net9.0\System.Threading.Tasks.Parallel.dll" /reference:"C:\Program Files\dotnet\packs\Microsoft.NETCore.App.Ref\9.0.11\ref\net9.0\System.Threading.Thread.dll" /reference:"C:\Program Files\dotnet\packs\Microsoft.NETCore.App.Ref\9.0.11\ref\net9.0\System.Threading.ThreadPool.dll" /reference:"C:\Program Files\dotnet\packs\Microsoft.NETCore.App.Ref\9.0.11\ref\net9.0\System.Threading.Timer.dll" /reference:"C:\Program Files\dotnet\packs\Microsoft.NETCore.App.Ref\9.0.11\ref\net9.0\System.Transactions.dll" /reference:"C:\Program Files\dotnet\packs\Microsoft.NETCore.App.Ref\9.0.11\ref\net9.0\System.Transactions.Local.dll" /reference:"C:\Program Files\dotnet\packs\Microsoft.NETCore.App.Ref\9.0.11\ref\net9.0\System.ValueTuple.dll" /reference:"C:\Program Files\dotnet\packs\Microsoft.NETCore.App.Ref\9.0.11\ref\net9.0\System.Web.dll" /reference:"C:\Program Files\dotnet\packs\Microsoft.NETCore.App.Ref\9.0.11\ref\net9.0\System.Web.HttpUtility.dll" /reference:"C:\Program Files\dotnet\packs\Microsoft.NETCore.App.Ref\9.0.11\ref\net9.0\System.Windows.dll" /reference:"C:\Program Files\dotnet\packs\Microsoft.NETCore.App.Ref\9.0.11\ref\net9.0\System.Xml.dll" /reference:"C:\Program Files\dotnet\packs\Microsoft.NETCore.App.Ref\9.0.11\ref\net9.0\System.Xml.Linq.dll" /reference:"C:\Program Files\dotnet\packs\Microsoft.NETCore.App.Ref\9.0.11\ref\net9.0\System.Xml.ReaderWriter.dll" /reference:"C:\Program Files\dotnet\packs\Microsoft.NETCore.App.Ref\9.0.11\ref\net9.0\System.Xml.Serialization.dll" /reference:"C:\Program Files\dotnet\packs\Microsoft.NETCore.App.Ref\9.0.11\ref\net9.0\System.Xml.XDocument.dll" /reference:"C:\Program Files\dotnet\packs\Microsoft.NETCore.App.Ref\9.0.11\ref\net9.0\System.Xml.XmlDocument.dll" /reference:"C:\Program Files\dotnet\packs\Microsoft.NETCore.App.Ref\9.0.11\ref\net9.0\System.Xml.XmlSerializer.dll" /reference:"C:\Program Files\dotnet\packs\Microsoft.NETCore.App.Ref\9.0.11\ref\net9.0\System.Xml.XPath.dll" /reference:"C:\Program Files\dotnet\packs\Microsoft.NETCore.App.Ref\9.0.11\ref\net9.0\System.Xml.XPath.XDocument.dll" /reference:"C:\Program Files\dotnet\packs\Microsoft.NETCore.App.Ref\9.0.11\ref\net9.0\WindowsBase.dll" /reference:C:\Users\kenjt\.nuget\packages\zstdsharp.port\0.7.3\lib\net7.0\ZstdSharp.dll /debug+ /debug:portable /filealign:512 /optimize- /out:obj\Debug\net9.0\FakeMicro.DatabaseAccess.dll /refout:obj\Debug\net9.0\refint\FakeMicro.DatabaseAccess.dll /target:library /warnaserror- /utf8output /deterministic+ /sourcelink:obj\Debug\net9.0\FakeMicro.DatabaseAccess.sourcelink.json /langversion:13.0 /embed:obj\Debug\net9.0\FakeMicro.DatabaseAccess.GlobalUsings.g.cs /embed:"obj\Debug\net9.0\.NETCoreApp,Version=v9.0.AssemblyAttributes.cs" /embed:obj\Debug\net9.0\FakeMicro.DatabaseAccess.AssemblyInfo.cs /analyzerconfig:obj\Debug\net9.0\FakeMicro.DatabaseAccess.GeneratedMSBuildEditorConfig.editorconfig /analyzerconfig:"C:\Program Files\dotnet\sdk\10.0.100\Sdks\Microsoft.NET.Sdk\analyzers\build\config\analysislevel_9_default.globalconfig" /analyzer:"C:\Program Files\dotnet\sdk\10.0.100\Sdks\Microsoft.NET.Sdk\targets\..\analyzers\Microsoft.CodeAnalysis.CSharp.NetAnalyzers.dll" /analyzer:"C:\Program Files\dotnet\sdk\10.0.100\Sdks\Microsoft.NET.Sdk\targets\..\analyzers\Microsoft.CodeAnalysis.NetAnalyzers.dll" /analyzer:C:\Users\kenjt\.nuget\packages\microsoft.codeanalysis.analyzers\3.11.0\analyzers\dotnet\cs\Microsoft.CodeAnalysis.Analyzers.dll /analyzer:C:\Users\kenjt\.nuget\packages\microsoft.codeanalysis.analyzers\3.11.0\analyzers\dotnet\cs\Microsoft.CodeAnalysis.CSharp.Analyzers.dll /analyzer:C:\Users\kenjt\.nuget\packages\microsoft.extensions.logging.abstractions\10.0.0\analyzers\dotnet\roslyn4.4\cs\Microsoft.Extensions.Logging.Generators.dll /analyzer:C:\Users\kenjt\.nuget\packages\microsoft.extensions.options\10.0.0\analyzers\dotnet\roslyn4.4\cs\Microsoft.Extensions.Options.SourceGeneration.dll /analyzer:C:\Users\kenjt\.nuget\packages\microsoft.orleans.analyzers\9.2.1\analyzers\dotnet\cs\Orleans.Analyzers.dll /analyzer:C:\Users\kenjt\.nuget\packages\microsoft.orleans.codegenerator\9.2.1\analyzers\dotnet\cs\Orleans.CodeGenerator.dll /analyzer:C:\Users\kenjt\.nuget\packages\system.text.json\10.0.0\analyzers\dotnet\roslyn4.4\cs\System.Text.Json.SourceGeneration.dll /analyzer:"C:\Program Files\dotnet\packs\Microsoft.NETCore.App.Ref\9.0.11\analyzers/dotnet/cs/Microsoft.Interop.ComInterfaceGenerator.dll" /analyzer:"C:\Program Files\dotnet\packs\Microsoft.NETCore.App.Ref\9.0.11\analyzers/dotnet/cs/Microsoft.Interop.JavaScript.JSImportGenerator.dll" /analyzer:"C:\Program Files\dotnet\packs\Microsoft.NETCore.App.Ref\9.0.11\analyzers/dotnet/cs/Microsoft.Interop.LibraryImportGenerator.dll" /analyzer:"C:\Program Files\dotnet\packs\Microsoft.NETCore.App.Ref\9.0.11\analyzers/dotnet/cs/Microsoft.Interop.SourceGeneration.dll" /analyzer:"C:\Program Files\dotnet\packs\Microsoft.NETCore.App.Ref\9.0.11\analyzers/dotnet/cs/System.Text.RegularExpressions.Generator.dll" BaseDatabaseConnectionManager.cs Config\DatabaseType.cs DatabaseConfig.cs DatabaseConnectionManager.cs DatabaseInitializerHostedService.cs DatabasePerformanceMonitor.cs DatabaseServiceExtensions.cs DynamicRepositoryFactory.cs Entities\AuditLogStatistics.cs Entities\Permission.cs Entities\RolePermission.cs Entities\Tenant.cs Entities\UserRole.cs Extensions\DatabaseInitializerServiceExtensions.cs Interfaces\Email\IEmailRepository.cs Interfaces\IAuditLogRepository.cs Interfaces\IBaseRepository.cs Interfaces\IDatabaseConnectionManager.cs Interfaces\IDictionaryItemRepository.cs Interfaces\IDictionaryTypeRepository.cs Interfaces\IFakeNewsRepository.cs Interfaces\IFakeStudentRepository.cs Interfaces\IMessageRepository.cs Interfaces\IMongoRepository.cs Interfaces\IMongoRepositoryFactory.cs Interfaces\IPermissionRepository.cs Interfaces\IReadRepository.cs Interfaces\IRepository.cs Interfaces\IRepositoryFactory.cs Interfaces\IRoleRepository.cs Interfaces\ISoftDeletable.cs Interfaces\ISqlRepository.cs Interfaces\ISqlSugarRepositoryFactory.cs Interfaces\ISubjectRepository.cs Interfaces\ISysOpenRepository.cs Interfaces\ITransactionService.cs Interfaces\IUserRepository.cs Interfaces\IWriteRepository.cs Interfaces\ManagerVersion\IManagerVersionRepository.cs Interfaces\Mongo\IMongoActRepository.cs ISoftDelete.cs MariaDbConnectionManager.cs MessageRepository.cs MongoDBConfig.cs MongoDbRepositoryCreationStrategy.cs MongoDBServiceCollectionExtensions.cs MongoRepository.cs MongoRepositoryFactory.cs MySqlConnectionManager.cs PostgreSqlConnectionManager.cs PostgreSqlRepositoryCreationStrategy.cs QueryCacheManager.cs Repositories\AuditLogRepository.cs Repositories\DictionaryItemRepository.cs Repositories\DictionaryTypeRepository.cs Repositories\Email\EmailRepository.cs Repositories\FakeNewsRepository.cs Repositories\FakeStudentRepository.cs Repositories\ManagerVersionRepository.cs Repositories\MongoFakeNewsRepository.cs Repositories\Mongo\MongoActRepository.cs Repositories\Mongo\MongoQueryBuilder.cs Repositories\PermissionRepository.cs Repositories\RoleRepository.cs Repositories\SubjectRepository.cs Repositories\SysOpenRepository.cs Repositories\UserRepository.cs Services\DatabaseInitializerHostedService.cs SqlSugarConfig.cs SqlSugarRepository.cs SqlSugarRepositoryFactory.cs SqlSugarServiceCollectionExtensions.cs Transaction\SqlSugarTransactionManager.cs Transaction\SqlSugarTransactionService.cs obj\Debug\net9.0\FakeMicro.DatabaseAccess.GlobalUsings.g.cs "obj\Debug\net9.0\.NETCoreApp,Version=v9.0.AssemblyAttributes.cs" obj\Debug\net9.0\FakeMicro.DatabaseAccess.AssemblyInfo.cs /warnaserror+:NU1605,SYSLIB0011'
         Attempting to create process 'C:\Program Files\dotnet\sdk\10.0.100\Roslyn\bincore\VBCSCompiler.exe' "-pipename:Qv6Qkm4r3QAvHuBJUKT8zJmmgpPgalhF69xsLdouKTg"
         Setting DOTNET_ROOT to 'C:\Program Files\dotnet'
         Successfully created process with process id 32636
         Attempt to open named pipe 'Qv6Qkm4r3QAvHuBJUKT8zJmmgpPgalhF69xsLdouKTg'
         Attempt to connect named pipe 'Qv6Qkm4r3QAvHuBJUKT8zJmmgpPgalhF69xsLdouKTg'
         Named pipe 'Qv6Qkm4r3QAvHuBJUKT8zJmmgpPgalhF69xsLdouKTg' connected
         Begin writing request for FakeMicro.DatabaseAccess (net9.0)
         End writing request for FakeMicro.DatabaseAccess (net9.0)
         Begin reading response for FakeMicro.DatabaseAccess (net9.0)
         End reading response for FakeMicro.DatabaseAccess (net9.0)
     4>F:\ProjectCode\OrlanFackeMicro\src\FakeMicro.DatabaseAccess\Repositories\Email\EmailRepository.cs(49,44): warning CS8669: 瀵瑰彲涓?null 鐨勫紩鐢ㄧ被鍨嬬殑鎵规敞鍙簲鍦?"#nullable" 鎵规敞涓婁笅鏂囦腑鐨勪唬鐮佷腑浣跨敤銆傝嚜鍔ㄧ敓鎴愮殑浠ｇ爜瑕佹眰鍦ㄦ簮涓娇鐢ㄦ樉寮?"#nullable" 鎸囦护銆?[F:\ProjectCode\OrlanFackeMicro\src\FakeMicro.DatabaseAccess\FakeMicro.DatabaseAccess.csproj]
     4>F:\ProjectCode\OrlanFackeMicro\src\FakeMicro.DatabaseAccess\Interfaces\Email\IEmailRepository.cs(32,23): warning CS8669: 瀵瑰彲涓?null 鐨勫紩鐢ㄧ被鍨嬬殑鎵规敞鍙簲鍦?"#nullable" 鎵规敞涓婁笅鏂囦腑鐨勪唬鐮佷腑浣跨敤銆傝嚜鍔ㄧ敓鎴愮殑浠ｇ爜瑕佹眰鍦ㄦ簮涓娇鐢ㄦ樉寮?"#nullable" 鎸囦护銆?[F:\ProjectCode\OrlanFackeMicro\src\FakeMicro.DatabaseAccess\FakeMicro.DatabaseAccess.csproj]
     4>F:\ProjectCode\OrlanFackeMicro\src\FakeMicro.DatabaseAccess\Repositories\Email\EmailRepository.cs(73,40): warning CS8669: 瀵瑰彲涓?null 鐨勫紩鐢ㄧ被鍨嬬殑鎵规敞鍙簲鍦?"#nullable" 鎵规敞涓婁笅鏂囦腑鐨勪唬鐮佷腑浣跨敤銆傝嚜鍔ㄧ敓鎴愮殑浠ｇ爜瑕佹眰鍦ㄦ簮涓娇鐢ㄦ樉寮?"#nullable" 鎸囦护銆?[F:\ProjectCode\OrlanFackeMicro\src\FakeMicro.DatabaseAccess\FakeMicro.DatabaseAccess.csproj]
     4>F:\ProjectCode\OrlanFackeMicro\src\FakeMicro.DatabaseAccess\Repositories\Email\EmailRepository.cs(97,40): warning CS8669: 瀵瑰彲涓?null 鐨勫紩鐢ㄧ被鍨嬬殑鎵规敞鍙簲鍦?"#nullable" 鎵规敞涓婁笅鏂囦腑鐨勪唬鐮佷腑浣跨敤銆傝嚜鍔ㄧ敓鎴愮殑浠ｇ爜瑕佹眰鍦ㄦ簮涓娇鐢ㄦ樉寮?"#nullable" 鎸囦护銆?[F:\ProjectCode\OrlanFackeMicro\src\FakeMicro.DatabaseAccess\FakeMicro.DatabaseAccess.csproj]
     4>F:\ProjectCode\OrlanFackeMicro\src\FakeMicro.DatabaseAccess\Interfaces\Email\IEmailRepository.cs(40,19): warning CS8669: 瀵瑰彲涓?null 鐨勫紩鐢ㄧ被鍨嬬殑鎵规敞鍙簲鍦?"#nullable" 鎵规敞涓婁笅鏂囦腑鐨勪唬鐮佷腑浣跨敤銆傝嚜鍔ㄧ敓鎴愮殑浠ｇ爜瑕佹眰鍦ㄦ簮涓娇鐢ㄦ樉寮?"#nullable" 鎸囦护銆?[F:\ProjectCode\OrlanFackeMicro\src\FakeMicro.DatabaseAccess\FakeMicro.DatabaseAccess.csproj]
     4>F:\ProjectCode\OrlanFackeMicro\src\FakeMicro.DatabaseAccess\Interfaces\Email\IEmailRepository.cs(48,19): warning CS8669: 瀵瑰彲涓?null 鐨勫紩鐢ㄧ被鍨嬬殑鎵规敞鍙簲鍦?"#nullable" 鎵规敞涓婁笅鏂囦腑鐨勪唬鐮佷腑浣跨敤銆傝嚜鍔ㄧ敓鎴愮殑浠ｇ爜瑕佹眰鍦ㄦ簮涓娇鐢ㄦ樉寮?"#nullable" 鎸囦护銆?[F:\ProjectCode\OrlanFackeMicro\src\FakeMicro.DatabaseAccess\FakeMicro.DatabaseAccess.csproj]
     4>F:\ProjectCode\OrlanFackeMicro\src\FakeMicro.DatabaseAccess\Repositories\Email\EmailRepository.cs(121,53): warning CS8669: 瀵瑰彲涓?null 鐨勫紩鐢ㄧ被鍨嬬殑鎵规敞鍙簲鍦?"#nullable" 鎵规敞涓婁笅鏂囦腑鐨勪唬鐮佷腑浣跨敤銆傝嚜鍔ㄧ敓鎴愮殑浠ｇ爜瑕佹眰鍦ㄦ簮涓娇鐢ㄦ樉寮?"#nullable" 鎸囦护銆?[F:\ProjectCode\OrlanFackeMicro\src\FakeMicro.DatabaseAccess\FakeMicro.DatabaseAccess.csproj]
     4>F:\ProjectCode\OrlanFackeMicro\src\FakeMicro.DatabaseAccess\Repositories\FakeNewsRepository.cs(49,47): warning CS8669: 瀵瑰彲涓?null 鐨勫紩鐢ㄧ被鍨嬬殑鎵规敞鍙簲鍦?"#nullable" 鎵规敞涓婁笅鏂囦腑鐨勪唬鐮佷腑浣跨敤銆傝嚜鍔ㄧ敓鎴愮殑浠ｇ爜瑕佹眰鍦ㄦ簮涓娇鐢ㄦ樉寮?"#nullable" 鎸囦护銆?[F:\ProjectCode\OrlanFackeMicro\src\FakeMicro.DatabaseAccess\FakeMicro.DatabaseAccess.csproj]
     4>F:\ProjectCode\OrlanFackeMicro\src\FakeMicro.DatabaseAccess\Repositories\Email\EmailRepository.cs(150,40): warning CS8669: 瀵瑰彲涓?null 鐨勫紩鐢ㄧ被鍨嬬殑鎵规敞鍙簲鍦?"#nullable" 鎵规敞涓婁笅鏂囦腑鐨勪唬鐮佷腑浣跨敤銆傝嚜鍔ㄧ敓鎴愮殑浠ｇ爜瑕佹眰鍦ㄦ簮涓娇鐢ㄦ樉寮?"#nullable" 鎸囦护銆?[F:\ProjectCode\OrlanFackeMicro\src\FakeMicro.DatabaseAccess\FakeMicro.DatabaseAccess.csproj]
     4>F:\ProjectCode\OrlanFackeMicro\src\FakeMicro.DatabaseAccess\Repositories\FakeStudentRepository.cs(51,50): warning CS8669: 瀵瑰彲涓?null 鐨勫紩鐢ㄧ被鍨嬬殑鎵规敞鍙簲鍦?"#nullable" 鎵规敞涓婁笅鏂囦腑鐨勪唬鐮佷腑浣跨敤銆傝嚜鍔ㄧ敓鎴愮殑浠ｇ爜瑕佹眰鍦ㄦ簮涓娇鐢ㄦ樉寮?"#nullable" 鎸囦护銆?[F:\ProjectCode\OrlanFackeMicro\src\FakeMicro.DatabaseAccess\FakeMicro.DatabaseAccess.csproj]
     4>F:\ProjectCode\OrlanFackeMicro\src\FakeMicro.DatabaseAccess\Interfaces\Email\IEmailRepository.cs(71,19): warning CS8669: 瀵瑰彲涓?null 鐨勫紩鐢ㄧ被鍨嬬殑鎵规敞鍙簲鍦?"#nullable" 鎵规敞涓婁笅鏂囦腑鐨勪唬鐮佷腑浣跨敤銆傝嚜鍔ㄧ敓鎴愮殑浠ｇ爜瑕佹眰鍦ㄦ簮涓娇鐢ㄦ樉寮?"#nullable" 鎸囦护銆?[F:\ProjectCode\OrlanFackeMicro\src\FakeMicro.DatabaseAccess\FakeMicro.DatabaseAccess.csproj]
     4>F:\ProjectCode\OrlanFackeMicro\src\FakeMicro.DatabaseAccess\Repositories\FakeStudentRepository.cs(75,46): warning CS8669: 瀵瑰彲涓?null 鐨勫紩鐢ㄧ被鍨嬬殑鎵规敞鍙簲鍦?"#nullable" 鎵规敞涓婁笅鏂囦腑鐨勪唬鐮佷腑浣跨敤銆傝嚜鍔ㄧ敓鎴愮殑浠ｇ爜瑕佹眰鍦ㄦ簮涓娇鐢ㄦ樉寮?"#nullable" 鎸囦护銆?[F:\ProjectCode\OrlanFackeMicro\src\FakeMicro.DatabaseAccess\FakeMicro.DatabaseAccess.csproj]
     4>F:\ProjectCode\OrlanFackeMicro\src\FakeMicro.DatabaseAccess\Repositories\FakeNewsRepository.cs(73,43): warning CS8669: 瀵瑰彲涓?null 鐨勫紩鐢ㄧ被鍨嬬殑鎵规敞鍙簲鍦?"#nullable" 鎵规敞涓婁笅鏂囦腑鐨勪唬鐮佷腑浣跨敤銆傝嚜鍔ㄧ敓鎴愮殑浠ｇ爜瑕佹眰鍦ㄦ簮涓娇鐢ㄦ樉寮?"#nullable" 鎸囦护銆?[F:\ProjectCode\OrlanFackeMicro\src\FakeMicro.DatabaseAccess\FakeMicro.DatabaseAccess.csproj]
     4>F:\ProjectCode\OrlanFackeMicro\src\FakeMicro.DatabaseAccess\Repositories\Email\EmailRepository.cs(218,21): warning CS8669: 瀵瑰彲涓?null 鐨勫紩鐢ㄧ被鍨嬬殑鎵规敞鍙簲鍦?"#nullable" 鎵规敞涓婁笅鏂囦腑鐨勪唬鐮佷腑浣跨敤銆傝嚜鍔ㄧ敓鎴愮殑浠ｇ爜瑕佹眰鍦ㄦ簮涓娇鐢ㄦ樉寮?"#nullable" 鎸囦护銆?[F:\ProjectCode\OrlanFackeMicro\src\FakeMicro.DatabaseAccess\FakeMicro.DatabaseAccess.csproj]
     4>F:\ProjectCode\OrlanFackeMicro\src\FakeMicro.DatabaseAccess\Repositories\FakeStudentRepository.cs(99,46): warning CS8669: 瀵瑰彲涓?null 鐨勫紩鐢ㄧ被鍨嬬殑鎵规敞鍙簲鍦?"#nullable" 鎵规敞涓婁笅鏂囦腑鐨勪唬鐮佷腑浣跨敤銆傝嚜鍔ㄧ敓鎴愮殑浠ｇ爜瑕佹眰鍦ㄦ簮涓娇鐢ㄦ樉寮?"#nullable" 鎸囦护銆?[F:\ProjectCode\OrlanFackeMicro\src\FakeMicro.DatabaseAccess\FakeMicro.DatabaseAccess.csproj]
     4>F:\ProjectCode\OrlanFackeMicro\src\FakeMicro.DatabaseAccess\Repositories\Email\EmailRepository.cs(234,21): warning CS8669: 瀵瑰彲涓?null 鐨勫紩鐢ㄧ被鍨嬬殑鎵规敞鍙簲鍦?"#nullable" 鎵规敞涓婁笅鏂囦腑鐨勪唬鐮佷腑浣跨敤銆傝嚜鍔ㄧ敓鎴愮殑浠ｇ爜瑕佹眰鍦ㄦ簮涓娇鐢ㄦ樉寮?"#nullable" 鎸囦护銆?[F:\ProjectCode\OrlanFackeMicro\src\FakeMicro.DatabaseAccess\FakeMicro.DatabaseAccess.csproj]
     4>F:\ProjectCode\OrlanFackeMicro\src\FakeMicro.DatabaseAccess\Repositories\FakeNewsRepository.cs(97,43): warning CS8669: 瀵瑰彲涓?null 鐨勫紩鐢ㄧ被鍨嬬殑鎵规敞鍙簲鍦?"#nullable" 鎵规敞涓婁笅鏂囦腑鐨勪唬鐮佷腑浣跨敤銆傝嚜鍔ㄧ敓鎴愮殑浠ｇ爜瑕佹眰鍦ㄦ簮涓娇鐢ㄦ樉寮?"#nullable" 鎸囦护銆?[F:\ProjectCode\OrlanFackeMicro\src\FakeMicro.DatabaseAccess\FakeMicro.DatabaseAccess.csproj]
     4>F:\ProjectCode\OrlanFackeMicro\src\FakeMicro.DatabaseAccess\Interfaces\Email\IEmailRepository.cs(88,19): warning CS8669: 瀵瑰彲涓?null 鐨勫紩鐢ㄧ被鍨嬬殑鎵规敞鍙簲鍦?"#nullable" 鎵规敞涓婁笅鏂囦腑鐨勪唬鐮佷腑浣跨敤銆傝嚜鍔ㄧ敓鎴愮殑浠ｇ爜瑕佹眰鍦ㄦ簮涓娇鐢ㄦ樉寮?"#nullable" 鎸囦护銆?[F:\ProjectCode\OrlanFackeMicro\src\FakeMicro.DatabaseAccess\FakeMicro.DatabaseAccess.csproj]
     4>F:\ProjectCode\OrlanFackeMicro\src\FakeMicro.DatabaseAccess\Repositories\Email\EmailRepository.cs(250,21): warning CS8669: 瀵瑰彲涓?null 鐨勫紩鐢ㄧ被鍨嬬殑鎵规敞鍙簲鍦?"#nullable" 鎵规敞涓婁笅鏂囦腑鐨勪唬鐮佷腑浣跨敤銆傝嚜鍔ㄧ敓鎴愮殑浠ｇ爜瑕佹眰鍦ㄦ簮涓娇鐢ㄦ樉寮?"#nullable" 鎸囦护銆?[F:\ProjectCode\OrlanFackeMicro\src\FakeMicro.DatabaseAccess\FakeMicro.DatabaseAccess.csproj]
     4>F:\ProjectCode\OrlanFackeMicro\src\FakeMicro.DatabaseAccess\Repositories\FakeStudentRepository.cs(123,59): warning CS8669: 瀵瑰彲涓?null 鐨勫紩鐢ㄧ被鍨嬬殑鎵规敞鍙簲鍦?"#nullable" 鎵规敞涓婁笅鏂囦腑鐨勪唬鐮佷腑浣跨敤銆傝嚜鍔ㄧ敓鎴愮殑浠ｇ爜瑕佹眰鍦ㄦ簮涓娇鐢ㄦ樉寮?"#nullable" 鎸囦护銆?[F:\ProjectCode\OrlanFackeMicro\src\FakeMicro.DatabaseAccess\FakeMicro.DatabaseAccess.csproj]
     4>F:\ProjectCode\OrlanFackeMicro\src\FakeMicro.DatabaseAccess\Repositories\Email\EmailRepository.cs(266,21): warning CS8669: 瀵瑰彲涓?null 鐨勫紩鐢ㄧ被鍨嬬殑鎵规敞鍙簲鍦?"#nullable" 鎵规敞涓婁笅鏂囦腑鐨勪唬鐮佷腑浣跨敤銆傝嚜鍔ㄧ敓鎴愮殑浠ｇ爜瑕佹眰鍦ㄦ簮涓娇鐢ㄦ樉寮?"#nullable" 鎸囦护銆?[F:\ProjectCode\OrlanFackeMicro\src\FakeMicro.DatabaseAccess\FakeMicro.DatabaseAccess.csproj]
     4>F:\ProjectCode\OrlanFackeMicro\src\FakeMicro.DatabaseAccess\Repositories\FakeNewsRepository.cs(121,56): warning CS8669: 瀵瑰彲涓?null 鐨勫紩鐢ㄧ被鍨嬬殑鎵规敞鍙簲鍦?"#nullable" 鎵规敞涓婁笅鏂囦腑鐨勪唬鐮佷腑浣跨敤銆傝嚜鍔ㄧ敓鎴愮殑浠ｇ爜瑕佹眰鍦ㄦ簮涓娇鐢ㄦ樉寮?"#nullable" 鎸囦护銆?[F:\ProjectCode\OrlanFackeMicro\src\FakeMicro.DatabaseAccess\FakeMicro.DatabaseAccess.csproj]
     4>F:\ProjectCode\OrlanFackeMicro\src\FakeMicro.DatabaseAccess\Repositories\FakeNewsRepository.cs(150,43): warning CS8669: 瀵瑰彲涓?null 鐨勫紩鐢ㄧ被鍨嬬殑鎵规敞鍙簲鍦?"#nullable" 鎵规敞涓婁笅鏂囦腑鐨勪唬鐮佷腑浣跨敤銆傝嚜鍔ㄧ敓鎴愮殑浠ｇ爜瑕佹眰鍦ㄦ簮涓娇鐢ㄦ樉寮?"#nullable" 鎸囦护銆?[F:\ProjectCode\OrlanFackeMicro\src\FakeMicro.DatabaseAccess\FakeMicro.DatabaseAccess.csproj]
     4>F:\ProjectCode\OrlanFackeMicro\src\FakeMicro.DatabaseAccess\Repositories\Email\EmailRepository.cs(292,44): warning CS8669: 瀵瑰彲涓?null 鐨勫紩鐢ㄧ被鍨嬬殑鎵规敞鍙簲鍦?"#nullable" 鎵规敞涓婁笅鏂囦腑鐨勪唬鐮佷腑浣跨敤銆傝嚜鍔ㄧ敓鎴愮殑浠ｇ爜瑕佹眰鍦ㄦ簮涓娇鐢ㄦ樉寮?"#nullable" 鎸囦护銆?[F:\ProjectCode\OrlanFackeMicro\src\FakeMicro.DatabaseAccess\FakeMicro.DatabaseAccess.csproj]
     4>F:\ProjectCode\OrlanFackeMicro\src\FakeMicro.DatabaseAccess\Repositories\Email\EmailRepository.cs(324,44): warning CS8669: 瀵瑰彲涓?null 鐨勫紩鐢ㄧ被鍨嬬殑鎵规敞鍙簲鍦?"#nullable" 鎵规敞涓婁笅鏂囦腑鐨勪唬鐮佷腑浣跨敤銆傝嚜鍔ㄧ敓鎴愮殑浠ｇ爜瑕佹眰鍦ㄦ簮涓娇鐢ㄦ樉寮?"#nullable" 鎸囦护銆?[F:\ProjectCode\OrlanFackeMicro\src\FakeMicro.DatabaseAccess\FakeMicro.DatabaseAccess.csproj]
     4>F:\ProjectCode\OrlanFackeMicro\src\FakeMicro.DatabaseAccess\Repositories\Email\EmailRepository.cs(356,32): warning CS8669: 瀵瑰彲涓?null 鐨勫紩鐢ㄧ被鍨嬬殑鎵规敞鍙簲鍦?"#nullable" 鎵规敞涓婁笅鏂囦腑鐨勪唬鐮佷腑浣跨敤銆傝嚜鍔ㄧ敓鎴愮殑浠ｇ爜瑕佹眰鍦ㄦ簮涓娇鐢ㄦ樉寮?"#nullable" 鎸囦护銆?[F:\ProjectCode\OrlanFackeMicro\src\FakeMicro.DatabaseAccess\FakeMicro.DatabaseAccess.csproj]
     4>F:\ProjectCode\OrlanFackeMicro\src\FakeMicro.DatabaseAccess\Repositories\FakeStudentRepository.cs(152,46): warning CS8669: 瀵瑰彲涓?null 鐨勫紩鐢ㄧ被鍨嬬殑鎵规敞鍙簲鍦?"#nullable" 鎵规敞涓婁笅鏂囦腑鐨勪唬鐮佷腑浣跨敤銆傝嚜鍔ㄧ敓鎴愮殑浠ｇ爜瑕佹眰鍦ㄦ簮涓娇鐢ㄦ樉寮?"#nullable" 鎸囦护銆?[F:\ProjectCode\OrlanFackeMicro\src\FakeMicro.DatabaseAccess\FakeMicro.DatabaseAccess.csproj]
     4>F:\ProjectCode\OrlanFackeMicro\src\FakeMicro.DatabaseAccess\Repositories\FakeNewsRepository.cs(218,24): warning CS8669: 瀵瑰彲涓?null 鐨勫紩鐢ㄧ被鍨嬬殑鎵规敞鍙簲鍦?"#nullable" 鎵规敞涓婁笅鏂囦腑鐨勪唬鐮佷腑浣跨敤銆傝嚜鍔ㄧ敓鎴愮殑浠ｇ爜瑕佹眰鍦ㄦ簮涓娇鐢ㄦ樉寮?"#nullable" 鎸囦护銆?[F:\ProjectCode\OrlanFackeMicro\src\FakeMicro.DatabaseAccess\FakeMicro.DatabaseAccess.csproj]
     4>F:\ProjectCode\OrlanFackeMicro\src\FakeMicro.DatabaseAccess\Interfaces\Email\IEmailRepository.cs(105,19): warning CS8669: 瀵瑰彲涓?null 鐨勫紩鐢ㄧ被鍨嬬殑鎵规敞鍙簲鍦?"#nullable" 鎵规敞涓婁笅鏂囦腑鐨勪唬鐮佷腑浣跨敤銆傝嚜鍔ㄧ敓鎴愮殑浠ｇ爜瑕佹眰鍦ㄦ簮涓娇鐢ㄦ樉寮?"#nullable" 鎸囦护銆?[F:\ProjectCode\OrlanFackeMicro\src\FakeMicro.DatabaseAccess\FakeMicro.DatabaseAccess.csproj]
     4>F:\ProjectCode\OrlanFackeMicro\src\FakeMicro.DatabaseAccess\Repositories\FakeNewsRepository.cs(234,24): warning CS8669: 瀵瑰彲涓?null 鐨勫紩鐢ㄧ被鍨嬬殑鎵规敞鍙簲鍦?"#nullable" 鎵规敞涓婁笅鏂囦腑鐨勪唬鐮佷腑浣跨敤銆傝嚜鍔ㄧ敓鎴愮殑浠ｇ爜瑕佹眰鍦ㄦ簮涓娇鐢ㄦ樉寮?"#nullable" 鎸囦护銆?[F:\ProjectCode\OrlanFackeMicro\src\FakeMicro.DatabaseAccess\FakeMicro.DatabaseAccess.csproj]
     4>F:\ProjectCode\OrlanFackeMicro\src\FakeMicro.DatabaseAccess\Repositories\FakeNewsRepository.cs(250,24): warning CS8669: 瀵瑰彲涓?null 鐨勫紩鐢ㄧ被鍨嬬殑鎵规敞鍙簲鍦?"#nullable" 鎵规敞涓婁笅鏂囦腑鐨勪唬鐮佷腑浣跨敤銆傝嚜鍔ㄧ敓鎴愮殑浠ｇ爜瑕佹眰鍦ㄦ簮涓娇鐢ㄦ樉寮?"#nullable" 鎸囦护銆?[F:\ProjectCode\OrlanFackeMicro\src\FakeMicro.DatabaseAccess\FakeMicro.DatabaseAccess.csproj]
     4>F:\ProjectCode\OrlanFackeMicro\src\FakeMicro.DatabaseAccess\Repositories\Email\EmailRepository.cs(406,32): warning CS8669: 瀵瑰彲涓?null 鐨勫紩鐢ㄧ被鍨嬬殑鎵规敞鍙簲鍦?"#nullable" 鎵规敞涓婁笅鏂囦腑鐨勪唬鐮佷腑浣跨敤銆傝嚜鍔ㄧ敓鎴愮殑浠ｇ爜瑕佹眰鍦ㄦ簮涓娇鐢ㄦ樉寮?"#nullable" 鎸囦护銆?[F:\ProjectCode\OrlanFackeMicro\src\FakeMicro.DatabaseAccess\FakeMicro.DatabaseAccess.csproj]
     4>F:\ProjectCode\OrlanFackeMicro\src\FakeMicro.DatabaseAccess\Repositories\FakeNewsRepository.cs(266,24): warning CS8669: 瀵瑰彲涓?null 鐨勫紩鐢ㄧ被鍨嬬殑鎵规敞鍙簲鍦?"#nullable" 鎵规敞涓婁笅鏂囦腑鐨勪唬鐮佷腑浣跨敤銆傝嚜鍔ㄧ敓鎴愮殑浠ｇ爜瑕佹眰鍦ㄦ簮涓娇鐢ㄦ樉寮?"#nullable" 鎸囦护銆?[F:\ProjectCode\OrlanFackeMicro\src\FakeMicro.DatabaseAccess\FakeMicro.DatabaseAccess.csproj]
     4>F:\ProjectCode\OrlanFackeMicro\src\FakeMicro.DatabaseAccess\Interfaces\Email\IEmailRepository.cs(122,19): warning CS8669: 瀵瑰彲涓?null 鐨勫紩鐢ㄧ被鍨嬬殑鎵规敞鍙簲鍦?"#nullable" 鎵规敞涓婁笅鏂囦腑鐨勪唬鐮佷腑浣跨敤銆傝嚜鍔ㄧ敓鎴愮殑浠ｇ爜瑕佹眰鍦ㄦ簮涓娇鐢ㄦ樉寮?"#nullable" 鎸囦护銆?[F:\ProjectCode\OrlanFackeMicro\src\FakeMicro.DatabaseAccess\FakeMicro.DatabaseAccess.csproj]
     4>F:\ProjectCode\OrlanFackeMicro\src\FakeMicro.DatabaseAccess\Repositories\FakeStudentRepository.cs(220,27): warning CS8669: 瀵瑰彲涓?null 鐨勫紩鐢ㄧ被鍨嬬殑鎵规敞鍙簲鍦?"#nullable" 鎵规敞涓婁笅鏂囦腑鐨勪唬鐮佷腑浣跨敤銆傝嚜鍔ㄧ敓鎴愮殑浠ｇ爜瑕佹眰鍦ㄦ簮涓娇鐢ㄦ樉寮?"#nullable" 鎸囦护銆?[F:\ProjectCode\OrlanFackeMicro\src\FakeMicro.DatabaseAccess\FakeMicro.DatabaseAccess.csproj]
     4>F:\ProjectCode\OrlanFackeMicro\src\FakeMicro.DatabaseAccess\Repositories\Email\EmailRepository.cs(456,32): warning CS8669: 瀵瑰彲涓?null 鐨勫紩鐢ㄧ被鍨嬬殑鎵规敞鍙簲鍦?"#nullable" 鎵规敞涓婁笅鏂囦腑鐨勪唬鐮佷腑浣跨敤銆傝嚜鍔ㄧ敓鎴愮殑浠ｇ爜瑕佹眰鍦ㄦ簮涓娇鐢ㄦ樉寮?"#nullable" 鎸囦护銆?[F:\ProjectCode\OrlanFackeMicro\src\FakeMicro.DatabaseAccess\FakeMicro.DatabaseAccess.csproj]
     4>F:\ProjectCode\OrlanFackeMicro\src\FakeMicro.DatabaseAccess\Repositories\FakeNewsRepository.cs(292,47): warning CS8669: 瀵瑰彲涓?null 鐨勫紩鐢ㄧ被鍨嬬殑鎵规敞鍙簲鍦?"#nullable" 鎵规敞涓婁笅鏂囦腑鐨勪唬鐮佷腑浣跨敤銆傝嚜鍔ㄧ敓鎴愮殑浠ｇ爜瑕佹眰鍦ㄦ簮涓娇鐢ㄦ樉寮?"#nullable" 鎸囦护銆?[F:\ProjectCode\OrlanFackeMicro\src\FakeMicro.DatabaseAccess\FakeMicro.DatabaseAccess.csproj]
     4>F:\ProjectCode\OrlanFackeMicro\src\FakeMicro.DatabaseAccess\Repositories\FakeStudentRepository.cs(236,27): warning CS8669: 瀵瑰彲涓?null 鐨勫紩鐢ㄧ被鍨嬬殑鎵规敞鍙簲鍦?"#nullable" 鎵规敞涓婁笅鏂囦腑鐨勪唬鐮佷腑浣跨敤銆傝嚜鍔ㄧ敓鎴愮殑浠ｇ爜瑕佹眰鍦ㄦ簮涓娇鐢ㄦ樉寮?"#nullable" 鎸囦护銆?[F:\ProjectCode\OrlanFackeMicro\src\FakeMicro.DatabaseAccess\FakeMicro.DatabaseAccess.csproj]
     4>F:\ProjectCode\OrlanFackeMicro\src\FakeMicro.DatabaseAccess\Repositories\FakeStudentRepository.cs(252,27): warning CS8669: 瀵瑰彲涓?null 鐨勫紩鐢ㄧ被鍨嬬殑鎵规敞鍙簲鍦?"#nullable" 鎵规敞涓婁笅鏂囦腑鐨勪唬鐮佷腑浣跨敤銆傝嚜鍔ㄧ敓鎴愮殑浠ｇ爜瑕佹眰鍦ㄦ簮涓娇鐢ㄦ樉寮?"#nullable" 鎸囦护銆?[F:\ProjectCode\OrlanFackeMicro\src\FakeMicro.DatabaseAccess\FakeMicro.DatabaseAccess.csproj]
     4>F:\ProjectCode\OrlanFackeMicro\src\FakeMicro.DatabaseAccess\Repositories\Email\EmailRepository.cs(506,32): warning CS8669: 瀵瑰彲涓?null 鐨勫紩鐢ㄧ被鍨嬬殑鎵规敞鍙簲鍦?"#nullable" 鎵规敞涓婁笅鏂囦腑鐨勪唬鐮佷腑浣跨敤銆傝嚜鍔ㄧ敓鎴愮殑浠ｇ爜瑕佹眰鍦ㄦ簮涓娇鐢ㄦ樉寮?"#nullable" 鎸囦护銆?[F:\ProjectCode\OrlanFackeMicro\src\FakeMicro.DatabaseAccess\FakeMicro.DatabaseAccess.csproj]
     4>F:\ProjectCode\OrlanFackeMicro\src\FakeMicro.DatabaseAccess\Interfaces\Email\IEmailRepository.cs(145,44): warning CS8669: 瀵瑰彲涓?null 鐨勫紩鐢ㄧ被鍨嬬殑鎵规敞鍙簲鍦?"#nullable" 鎵规敞涓婁笅鏂囦腑鐨勪唬鐮佷腑浣跨敤銆傝嚜鍔ㄧ敓鎴愮殑浠ｇ爜瑕佹眰鍦ㄦ簮涓娇鐢ㄦ樉寮?"#nullable" 鎸囦护銆?[F:\ProjectCode\OrlanFackeMicro\src\FakeMicro.DatabaseAccess\FakeMicro.DatabaseAccess.csproj]
     4>F:\ProjectCode\OrlanFackeMicro\src\FakeMicro.DatabaseAccess\Repositories\FakeStudentRepository.cs(268,27): warning CS8669: 瀵瑰彲涓?null 鐨勫紩鐢ㄧ被鍨嬬殑鎵规敞鍙簲鍦?"#nullable" 鎵规敞涓婁笅鏂囦腑鐨勪唬鐮佷腑浣跨敤銆傝嚜鍔ㄧ敓鎴愮殑浠ｇ爜瑕佹眰鍦ㄦ簮涓娇鐢ㄦ樉寮?"#nullable" 鎸囦护銆?[F:\ProjectCode\OrlanFackeMicro\src\FakeMicro.DatabaseAccess\FakeMicro.DatabaseAccess.csproj]
     4>F:\ProjectCode\OrlanFackeMicro\src\FakeMicro.DatabaseAccess\Repositories\FakeNewsRepository.cs(324,47): warning CS8669: 瀵瑰彲涓?null 鐨勫紩鐢ㄧ被鍨嬬殑鎵规敞鍙簲鍦?"#nullable" 鎵规敞涓婁笅鏂囦腑鐨勪唬鐮佷腑浣跨敤銆傝嚜鍔ㄧ敓鎴愮殑浠ｇ爜瑕佹眰鍦ㄦ簮涓娇鐢ㄦ樉寮?"#nullable" 鎸囦护銆?[F:\ProjectCode\OrlanFackeMicro\src\FakeMicro.DatabaseAccess\FakeMicro.DatabaseAccess.csproj]
     4>F:\ProjectCode\OrlanFackeMicro\src\FakeMicro.DatabaseAccess\Repositories\FakeNewsRepository.cs(356,35): warning CS8669: 瀵瑰彲涓?null 鐨勫紩鐢ㄧ被鍨嬬殑鎵规敞鍙簲鍦?"#nullable" 鎵规敞涓婁笅鏂囦腑鐨勪唬鐮佷腑浣跨敤銆傝嚜鍔ㄧ敓鎴愮殑浠ｇ爜瑕佹眰鍦ㄦ簮涓娇鐢ㄦ樉寮?"#nullable" 鎸囦护銆?[F:\ProjectCode\OrlanFackeMicro\src\FakeMicro.DatabaseAccess\FakeMicro.DatabaseAccess.csproj]
     4>F:\ProjectCode\OrlanFackeMicro\src\FakeMicro.DatabaseAccess\Repositories\FakeStudentRepository.cs(294,50): warning CS8669: 瀵瑰彲涓?null 鐨勫紩鐢ㄧ被鍨嬬殑鎵规敞鍙簲鍦?"#nullable" 鎵规敞涓婁笅鏂囦腑鐨勪唬鐮佷腑浣跨敤銆傝嚜鍔ㄧ敓鎴愮殑浠ｇ爜瑕佹眰鍦ㄦ簮涓娇鐢ㄦ樉寮?"#nullable" 鎸囦护銆?[F:\ProjectCode\OrlanFackeMicro\src\FakeMicro.DatabaseAccess\FakeMicro.DatabaseAccess.csproj]
     4>F:\ProjectCode\OrlanFackeMicro\src\FakeMicro.DatabaseAccess\Interfaces\Email\IEmailRepository.cs(158,44): warning CS8669: 瀵瑰彲涓?null 鐨勫紩鐢ㄧ被鍨嬬殑鎵规敞鍙簲鍦?"#nullable" 鎵规敞涓婁笅鏂囦腑鐨勪唬鐮佷腑浣跨敤銆傝嚜鍔ㄧ敓鎴愮殑浠ｇ爜瑕佹眰鍦ㄦ簮涓娇鐢ㄦ樉寮?"#nullable" 鎸囦护銆?[F:\ProjectCode\OrlanFackeMicro\src\FakeMicro.DatabaseAccess\FakeMicro.DatabaseAccess.csproj]
     4>F:\ProjectCode\OrlanFackeMicro\src\FakeMicro.DatabaseAccess\Repositories\MongoFakeNewsRepository.cs(50,47): warning CS8669: 瀵瑰彲涓?null 鐨勫紩鐢ㄧ被鍨嬬殑鎵规敞鍙簲鍦?"#nullable" 鎵规敞涓婁笅鏂囦腑鐨勪唬鐮佷腑浣跨敤銆傝嚜鍔ㄧ敓鎴愮殑浠ｇ爜瑕佹眰鍦ㄦ簮涓娇鐢ㄦ樉寮?"#nullable" 鎸囦护銆?[F:\ProjectCode\OrlanFackeMicro\src\FakeMicro.DatabaseAccess\FakeMicro.DatabaseAccess.csproj]
     4>F:\ProjectCode\OrlanFackeMicro\src\FakeMicro.DatabaseAccess\Interfaces\Email\IEmailRepository.cs(144,38): warning CS0109: 鎴愬憳鈥淚EmailRepository.GetPagedAsync(int, int, Expression<Func<Email, object>>?, CancellationToken)鈥濅笉浼氶殣钘忓彲璁块棶鎴愬憳銆備笉闇€瑕佸叧閿瓧 new銆?[F:\ProjectCode\OrlanFackeMicro\src\FakeMicro.DatabaseAccess\FakeMicro.DatabaseAccess.csproj]
     4>F:\ProjectCode\OrlanFackeMicro\src\FakeMicro.DatabaseAccess\Interfaces\Email\IEmailRepository.cs(156,38): warning CS0109: 鎴愬憳鈥淚EmailRepository.GetPagedByConditionAsync(Expression<Func<Email, bool>>, int, int, Expression<Func<Email, object>>?, CancellationToken)鈥濅笉浼氶殣钘忓彲璁块棶鎴愬憳銆備笉闇€瑕佸叧閿瓧 new銆?[F:\ProjectCode\OrlanFackeMicro\src\FakeMicro.DatabaseAccess\FakeMicro.DatabaseAccess.csproj]
     4>F:\ProjectCode\OrlanFackeMicro\src\FakeMicro.DatabaseAccess\Repositories\FakeNewsRepository.cs(406,35): warning CS8669: 瀵瑰彲涓?null 鐨勫紩鐢ㄧ被鍨嬬殑鎵规敞鍙簲鍦?"#nullable" 鎵规敞涓婁笅鏂囦腑鐨勪唬鐮佷腑浣跨敤銆傝嚜鍔ㄧ敓鎴愮殑浠ｇ爜瑕佹眰鍦ㄦ簮涓娇鐢ㄦ樉寮?"#nullable" 鎸囦护銆?[F:\ProjectCode\OrlanFackeMicro\src\FakeMicro.DatabaseAccess\FakeMicro.DatabaseAccess.csproj]
     4>F:\ProjectCode\OrlanFackeMicro\src\FakeMicro.DatabaseAccess\Repositories\MongoFakeNewsRepository.cs(70,43): warning CS8669: 瀵瑰彲涓?null 鐨勫紩鐢ㄧ被鍨嬬殑鎵规敞鍙簲鍦?"#nullable" 鎵规敞涓婁笅鏂囦腑鐨勪唬鐮佷腑浣跨敤銆傝嚜鍔ㄧ敓鎴愮殑浠ｇ爜瑕佹眰鍦ㄦ簮涓娇鐢ㄦ樉寮?"#nullable" 鎸囦护銆?[F:\ProjectCode\OrlanFackeMicro\src\FakeMicro.DatabaseAccess\FakeMicro.DatabaseAccess.csproj]
     4>F:\ProjectCode\OrlanFackeMicro\src\FakeMicro.DatabaseAccess\Repositories\FakeStudentRepository.cs(326,50): warning CS8669: 瀵瑰彲涓?null 鐨勫紩鐢ㄧ被鍨嬬殑鎵规敞鍙簲鍦?"#nullable" 鎵规敞涓婁笅鏂囦腑鐨勪唬鐮佷腑浣跨敤銆傝嚜鍔ㄧ敓鎴愮殑浠ｇ爜瑕佹眰鍦ㄦ簮涓娇鐢ㄦ樉寮?"#nullable" 鎸囦护銆?[F:\ProjectCode\OrlanFackeMicro\src\FakeMicro.DatabaseAccess\FakeMicro.DatabaseAccess.csproj]
     4>F:\ProjectCode\OrlanFackeMicro\src\FakeMicro.DatabaseAccess\Repositories\FakeNewsRepository.cs(456,35): warning CS8669: 瀵瑰彲涓?null 鐨勫紩鐢ㄧ被鍨嬬殑鎵规敞鍙簲鍦?"#nullable" 鎵规敞涓婁笅鏂囦腑鐨勪唬鐮佷腑浣跨敤銆傝嚜鍔ㄧ敓鎴愮殑浠ｇ爜瑕佹眰鍦ㄦ簮涓娇鐢ㄦ樉寮?"#nullable" 鎸囦护銆?[F:\ProjectCode\OrlanFackeMicro\src\FakeMicro.DatabaseAccess\FakeMicro.DatabaseAccess.csproj]
     4>F:\ProjectCode\OrlanFackeMicro\src\FakeMicro.DatabaseAccess\Repositories\MongoFakeNewsRepository.cs(94,43): warning CS8669: 瀵瑰彲涓?null 鐨勫紩鐢ㄧ被鍨嬬殑鎵规敞鍙簲鍦?"#nullable" 鎵规敞涓婁笅鏂囦腑鐨勪唬鐮佷腑浣跨敤銆傝嚜鍔ㄧ敓鎴愮殑浠ｇ爜瑕佹眰鍦ㄦ簮涓娇鐢ㄦ樉寮?"#nullable" 鎸囦护銆?[F:\ProjectCode\OrlanFackeMicro\src\FakeMicro.DatabaseAccess\FakeMicro.DatabaseAccess.csproj]
     4>F:\ProjectCode\OrlanFackeMicro\src\FakeMicro.DatabaseAccess\Repositories\FakeStudentRepository.cs(358,38): warning CS8669: 瀵瑰彲涓?null 鐨勫紩鐢ㄧ被鍨嬬殑鎵规敞鍙簲鍦?"#nullable" 鎵规敞涓婁笅鏂囦腑鐨勪唬鐮佷腑浣跨敤銆傝嚜鍔ㄧ敓鎴愮殑浠ｇ爜瑕佹眰鍦ㄦ簮涓娇鐢ㄦ樉寮?"#nullable" 鎸囦护銆?[F:\ProjectCode\OrlanFackeMicro\src\FakeMicro.DatabaseAccess\FakeMicro.DatabaseAccess.csproj]
     4>F:\ProjectCode\OrlanFackeMicro\src\FakeMicro.DatabaseAccess\Repositories\FakeNewsRepository.cs(506,35): warning CS8669: 瀵瑰彲涓?null 鐨勫紩鐢ㄧ被鍨嬬殑鎵规敞鍙簲鍦?"#nullable" 鎵规敞涓婁笅鏂囦腑鐨勪唬鐮佷腑浣跨敤銆傝嚜鍔ㄧ敓鎴愮殑浠ｇ爜瑕佹眰鍦ㄦ簮涓娇鐢ㄦ樉寮?"#nullable" 鎸囦护銆?[F:\ProjectCode\OrlanFackeMicro\src\FakeMicro.DatabaseAccess\FakeMicro.DatabaseAccess.csproj]
     4>F:\ProjectCode\OrlanFackeMicro\src\FakeMicro.DatabaseAccess\Repositories\FakeStudentRepository.cs(408,38): warning CS8669: 瀵瑰彲涓?null 鐨勫紩鐢ㄧ被鍨嬬殑鎵规敞鍙簲鍦?"#nullable" 鎵规敞涓婁笅鏂囦腑鐨勪唬鐮佷腑浣跨敤銆傝嚜鍔ㄧ敓鎴愮殑浠ｇ爜瑕佹眰鍦ㄦ簮涓娇鐢ㄦ樉寮?"#nullable" 鎸囦护銆?[F:\ProjectCode\OrlanFackeMicro\src\FakeMicro.DatabaseAccess\FakeMicro.DatabaseAccess.csproj]
     4>F:\ProjectCode\OrlanFackeMicro\src\FakeMicro.DatabaseAccess\Repositories\MongoFakeNewsRepository.cs(163,35): warning CS8669: 瀵瑰彲涓?null 鐨勫紩鐢ㄧ被鍨嬬殑鎵规敞鍙簲鍦?"#nullable" 鎵规敞涓婁笅鏂囦腑鐨勪唬鐮佷腑浣跨敤銆傝嚜鍔ㄧ敓鎴愮殑浠ｇ爜瑕佹眰鍦ㄦ簮涓娇鐢ㄦ樉寮?"#nullable" 鎸囦护銆?[F:\ProjectCode\OrlanFackeMicro\src\FakeMicro.DatabaseAccess\FakeMicro.DatabaseAccess.csproj]
     4>F:\ProjectCode\OrlanFackeMicro\src\FakeMicro.DatabaseAccess\Repositories\FakeStudentRepository.cs(458,38): warning CS8669: 瀵瑰彲涓?null 鐨勫紩鐢ㄧ被鍨嬬殑鎵规敞鍙簲鍦?"#nullable" 鎵规敞涓婁笅鏂囦腑鐨勪唬鐮佷腑浣跨敤銆傝嚜鍔ㄧ敓鎴愮殑浠ｇ爜瑕佹眰鍦ㄦ簮涓娇鐢ㄦ樉寮?"#nullable" 鎸囦护銆?[F:\ProjectCode\OrlanFackeMicro\src\FakeMicro.DatabaseAccess\FakeMicro.DatabaseAccess.csproj]
     4>F:\ProjectCode\OrlanFackeMicro\src\FakeMicro.DatabaseAccess\Repositories\MongoFakeNewsRepository.cs(211,35): warning CS8669: 瀵瑰彲涓?null 鐨勫紩鐢ㄧ被鍨嬬殑鎵规敞鍙簲鍦?"#nullable" 鎵规敞涓婁笅鏂囦腑鐨勪唬鐮佷腑浣跨敤銆傝嚜鍔ㄧ敓鎴愮殑浠ｇ爜瑕佹眰鍦ㄦ簮涓娇鐢ㄦ樉寮?"#nullable" 鎸囦护銆?[F:\ProjectCode\OrlanFackeMicro\src\FakeMicro.DatabaseAccess\FakeMicro.DatabaseAccess.csproj]
     4>F:\ProjectCode\OrlanFackeMicro\src\FakeMicro.DatabaseAccess\Repositories\FakeStudentRepository.cs(508,38): warning CS8669: 瀵瑰彲涓?null 鐨勫紩鐢ㄧ被鍨嬬殑鎵规敞鍙簲鍦?"#nullable" 鎵规敞涓婁笅鏂囦腑鐨勪唬鐮佷腑浣跨敤銆傝嚜鍔ㄧ敓鎴愮殑浠ｇ爜瑕佹眰鍦ㄦ簮涓娇鐢ㄦ樉寮?"#nullable" 鎸囦护銆?[F:\ProjectCode\OrlanFackeMicro\src\FakeMicro.DatabaseAccess\FakeMicro.DatabaseAccess.csproj]
     4>F:\ProjectCode\OrlanFackeMicro\src\FakeMicro.DatabaseAccess\Repositories\MongoFakeNewsRepository.cs(259,35): warning CS8669: 瀵瑰彲涓?null 鐨勫紩鐢ㄧ被鍨嬬殑鎵规敞鍙簲鍦?"#nullable" 鎵规敞涓婁笅鏂囦腑鐨勪唬鐮佷腑浣跨敤銆傝嚜鍔ㄧ敓鎴愮殑浠ｇ爜瑕佹眰鍦ㄦ簮涓娇鐢ㄦ樉寮?"#nullable" 鎸囦护銆?[F:\ProjectCode\OrlanFackeMicro\src\FakeMicro.DatabaseAccess\FakeMicro.DatabaseAccess.csproj]
     4>F:\ProjectCode\OrlanFackeMicro\src\FakeMicro.DatabaseAccess\Interfaces\IFakeNewsRepository.cs(32,26): warning CS8669: 瀵瑰彲涓?null 鐨勫紩鐢ㄧ被鍨嬬殑鎵规敞鍙簲鍦?"#nullable" 鎵规敞涓婁笅鏂囦腑鐨勪唬鐮佷腑浣跨敤銆傝嚜鍔ㄧ敓鎴愮殑浠ｇ爜瑕佹眰鍦ㄦ簮涓娇鐢ㄦ樉寮?"#nullable" 鎸囦护銆?[F:\ProjectCode\OrlanFackeMicro\src\FakeMicro.DatabaseAccess\FakeMicro.DatabaseAccess.csproj]
     4>F:\ProjectCode\OrlanFackeMicro\src\FakeMicro.DatabaseAccess\Interfaces\IFakeStudentRepository.cs(34,29): warning CS8669: 瀵瑰彲涓?null 鐨勫紩鐢ㄧ被鍨嬬殑鎵规敞鍙簲鍦?"#nullable" 鎵规敞涓婁笅鏂囦腑鐨勪唬鐮佷腑浣跨敤銆傝嚜鍔ㄧ敓鎴愮殑浠ｇ爜瑕佹眰鍦ㄦ簮涓娇鐢ㄦ樉寮?"#nullable" 鎸囦护銆?[F:\ProjectCode\OrlanFackeMicro\src\FakeMicro.DatabaseAccess\FakeMicro.DatabaseAccess.csproj]
     4>F:\ProjectCode\OrlanFackeMicro\src\FakeMicro.DatabaseAccess\Repositories\MongoFakeNewsRepository.cs(307,35): warning CS8669: 瀵瑰彲涓?null 鐨勫紩鐢ㄧ被鍨嬬殑鎵规敞鍙簲鍦?"#nullable" 鎵规敞涓婁笅鏂囦腑鐨勪唬鐮佷腑浣跨敤銆傝嚜鍔ㄧ敓鎴愮殑浠ｇ爜瑕佹眰鍦ㄦ簮涓娇鐢ㄦ樉寮?"#nullable" 鎸囦护銆?[F:\ProjectCode\OrlanFackeMicro\src\FakeMicro.DatabaseAccess\FakeMicro.DatabaseAccess.csproj]
     4>F:\ProjectCode\OrlanFackeMicro\src\FakeMicro.DatabaseAccess\Interfaces\IFakeStudentRepository.cs(42,25): warning CS8669: 瀵瑰彲涓?null 鐨勫紩鐢ㄧ被鍨嬬殑鎵规敞鍙簲鍦?"#nullable" 鎵规敞涓婁笅鏂囦腑鐨勪唬鐮佷腑浣跨敤銆傝嚜鍔ㄧ敓鎴愮殑浠ｇ爜瑕佹眰鍦ㄦ簮涓娇鐢ㄦ樉寮?"#nullable" 鎸囦护銆?[F:\ProjectCode\OrlanFackeMicro\src\FakeMicro.DatabaseAccess\FakeMicro.DatabaseAccess.csproj]
     4>F:\ProjectCode\OrlanFackeMicro\src\FakeMicro.DatabaseAccess\Interfaces\IFakeNewsRepository.cs(40,22): warning CS8669: 瀵瑰彲涓?null 鐨勫紩鐢ㄧ被鍨嬬殑鎵规敞鍙簲鍦?"#nullable" 鎵规敞涓婁笅鏂囦腑鐨勪唬鐮佷腑浣跨敤銆傝嚜鍔ㄧ敓鎴愮殑浠ｇ爜瑕佹眰鍦ㄦ簮涓娇鐢ㄦ樉寮?"#nullable" 鎸囦护銆?[F:\ProjectCode\OrlanFackeMicro\src\FakeMicro.DatabaseAccess\FakeMicro.DatabaseAccess.csproj]
     4>F:\ProjectCode\OrlanFackeMicro\src\FakeMicro.DatabaseAccess\Interfaces\IFakeStudentRepository.cs(50,25): warning CS8669: 瀵瑰彲涓?null 鐨勫紩鐢ㄧ被鍨嬬殑鎵规敞鍙簲鍦?"#nullable" 鎵规敞涓婁笅鏂囦腑鐨勪唬鐮佷腑浣跨敤銆傝嚜鍔ㄧ敓鎴愮殑浠ｇ爜瑕佹眰鍦ㄦ簮涓娇鐢ㄦ樉寮?"#nullable" 鎸囦护銆?[F:\ProjectCode\OrlanFackeMicro\src\FakeMicro.DatabaseAccess\FakeMicro.DatabaseAccess.csproj]
     4>F:\ProjectCode\OrlanFackeMicro\src\FakeMicro.DatabaseAccess\Repositories\MongoFakeNewsRepository.cs(362,47): warning CS8669: 瀵瑰彲涓?null 鐨勫紩鐢ㄧ被鍨嬬殑鎵规敞鍙簲鍦?"#nullable" 鎵规敞涓婁笅鏂囦腑鐨勪唬鐮佷腑浣跨敤銆傝嚜鍔ㄧ敓鎴愮殑浠ｇ爜瑕佹眰鍦ㄦ簮涓娇鐢ㄦ樉寮?"#nullable" 鎸囦护銆?[F:\ProjectCode\OrlanFackeMicro\src\FakeMicro.DatabaseAccess\FakeMicro.DatabaseAccess.csproj]
     4>F:\ProjectCode\OrlanFackeMicro\src\FakeMicro.DatabaseAccess\Interfaces\IFakeNewsRepository.cs(48,22): warning CS8669: 瀵瑰彲涓?null 鐨勫紩鐢ㄧ被鍨嬬殑鎵规敞鍙簲鍦?"#nullable" 鎵规敞涓婁笅鏂囦腑鐨勪唬鐮佷腑浣跨敤銆傝嚜鍔ㄧ敓鎴愮殑浠ｇ爜瑕佹眰鍦ㄦ簮涓娇鐢ㄦ樉寮?"#nullable" 鎸囦护銆?[F:\ProjectCode\OrlanFackeMicro\src\FakeMicro.DatabaseAccess\FakeMicro.DatabaseAccess.csproj]
     4>F:\ProjectCode\OrlanFackeMicro\src\FakeMicro.DatabaseAccess\Repositories\MongoFakeNewsRepository.cs(394,47): warning CS8669: 瀵瑰彲涓?null 鐨勫紩鐢ㄧ被鍨嬬殑鎵规敞鍙簲鍦?"#nullable" 鎵规敞涓婁笅鏂囦腑鐨勪唬鐮佷腑浣跨敤銆傝嚜鍔ㄧ敓鎴愮殑浠ｇ爜瑕佹眰鍦ㄦ簮涓娇鐢ㄦ樉寮?"#nullable" 鎸囦护銆?[F:\ProjectCode\OrlanFackeMicro\src\FakeMicro.DatabaseAccess\FakeMicro.DatabaseAccess.csproj]
     4>F:\ProjectCode\OrlanFackeMicro\src\FakeMicro.DatabaseAccess\Interfaces\IFakeStudentRepository.cs(73,25): warning CS8669: 瀵瑰彲涓?null 鐨勫紩鐢ㄧ被鍨嬬殑鎵规敞鍙簲鍦?"#nullable" 鎵规敞涓婁笅鏂囦腑鐨勪唬鐮佷腑浣跨敤銆傝嚜鍔ㄧ敓鎴愮殑浠ｇ爜瑕佹眰鍦ㄦ簮涓娇鐢ㄦ樉寮?"#nullable" 鎸囦护銆?[F:\ProjectCode\OrlanFackeMicro\src\FakeMicro.DatabaseAccess\FakeMicro.DatabaseAccess.csproj]
     4>F:\ProjectCode\OrlanFackeMicro\src\FakeMicro.DatabaseAccess\Interfaces\IFakeStudentRepository.cs(90,25): warning CS8669: 瀵瑰彲涓?null 鐨勫紩鐢ㄧ被鍨嬬殑鎵规敞鍙簲鍦?"#nullable" 鎵规敞涓婁笅鏂囦腑鐨勪唬鐮佷腑浣跨敤銆傝嚜鍔ㄧ敓鎴愮殑浠ｇ爜瑕佹眰鍦ㄦ簮涓娇鐢ㄦ樉寮?"#nullable" 鎸囦护銆?[F:\ProjectCode\OrlanFackeMicro\src\FakeMicro.DatabaseAccess\FakeMicro.DatabaseAccess.csproj]
     4>F:\ProjectCode\OrlanFackeMicro\src\FakeMicro.DatabaseAccess\Interfaces\IFakeNewsRepository.cs(71,22): warning CS8669: 瀵瑰彲涓?null 鐨勫紩鐢ㄧ被鍨嬬殑鎵规敞鍙簲鍦?"#nullable" 鎵规敞涓婁笅鏂囦腑鐨勪唬鐮佷腑浣跨敤銆傝嚜鍔ㄧ敓鎴愮殑浠ｇ爜瑕佹眰鍦ㄦ簮涓娇鐢ㄦ樉寮?"#nullable" 鎸囦护銆?[F:\ProjectCode\OrlanFackeMicro\src\FakeMicro.DatabaseAccess\FakeMicro.DatabaseAccess.csproj]
     4>F:\ProjectCode\OrlanFackeMicro\src\FakeMicro.DatabaseAccess\Interfaces\IFakeStudentRepository.cs(107,25): warning CS8669: 瀵瑰彲涓?null 鐨勫紩鐢ㄧ被鍨嬬殑鎵规敞鍙簲鍦?"#nullable" 鎵规敞涓婁笅鏂囦腑鐨勪唬鐮佷腑浣跨敤銆傝嚜鍔ㄧ敓鎴愮殑浠ｇ爜瑕佹眰鍦ㄦ簮涓娇鐢ㄦ樉寮?"#nullable" 鎸囦护銆?[F:\ProjectCode\OrlanFackeMicro\src\FakeMicro.DatabaseAccess\FakeMicro.DatabaseAccess.csproj]
     4>F:\ProjectCode\OrlanFackeMicro\src\FakeMicro.DatabaseAccess\Interfaces\IFakeNewsRepository.cs(88,22): warning CS8669: 瀵瑰彲涓?null 鐨勫紩鐢ㄧ被鍨嬬殑鎵规敞鍙簲鍦?"#nullable" 鎵规敞涓婁笅鏂囦腑鐨勪唬鐮佷腑浣跨敤銆傝嚜鍔ㄧ敓鎴愮殑浠ｇ爜瑕佹眰鍦ㄦ簮涓娇鐢ㄦ樉寮?"#nullable" 鎸囦护銆?[F:\ProjectCode\OrlanFackeMicro\src\FakeMicro.DatabaseAccess\FakeMicro.DatabaseAccess.csproj]
     4>F:\ProjectCode\OrlanFackeMicro\src\FakeMicro.DatabaseAccess\Interfaces\IFakeStudentRepository.cs(124,25): warning CS8669: 瀵瑰彲涓?null 鐨勫紩鐢ㄧ被鍨嬬殑鎵规敞鍙簲鍦?"#nullable" 鎵规敞涓婁笅鏂囦腑鐨勪唬鐮佷腑浣跨敤銆傝嚜鍔ㄧ敓鎴愮殑浠ｇ爜瑕佹眰鍦ㄦ簮涓娇鐢ㄦ樉寮?"#nullable" 鎸囦护銆?[F:\ProjectCode\OrlanFackeMicro\src\FakeMicro.DatabaseAccess\FakeMicro.DatabaseAccess.csproj]
     4>F:\ProjectCode\OrlanFackeMicro\src\FakeMicro.DatabaseAccess\Interfaces\IFakeNewsRepository.cs(105,22): warning CS8669: 瀵瑰彲涓?null 鐨勫紩鐢ㄧ被鍨嬬殑鎵规敞鍙簲鍦?"#nullable" 鎵规敞涓婁笅鏂囦腑鐨勪唬鐮佷腑浣跨敤銆傝嚜鍔ㄧ敓鎴愮殑浠ｇ爜瑕佹眰鍦ㄦ簮涓娇鐢ㄦ樉寮?"#nullable" 鎸囦护銆?[F:\ProjectCode\OrlanFackeMicro\src\FakeMicro.DatabaseAccess\FakeMicro.DatabaseAccess.csproj]
     4>F:\ProjectCode\OrlanFackeMicro\src\FakeMicro.DatabaseAccess\Interfaces\IFakeStudentRepository.cs(147,50): warning CS8669: 瀵瑰彲涓?null 鐨勫紩鐢ㄧ被鍨嬬殑鎵规敞鍙簲鍦?"#nullable" 鎵规敞涓婁笅鏂囦腑鐨勪唬鐮佷腑浣跨敤銆傝嚜鍔ㄧ敓鎴愮殑浠ｇ爜瑕佹眰鍦ㄦ簮涓娇鐢ㄦ樉寮?"#nullable" 鎸囦护銆?[F:\ProjectCode\OrlanFackeMicro\src\FakeMicro.DatabaseAccess\FakeMicro.DatabaseAccess.csproj]
     4>F:\ProjectCode\OrlanFackeMicro\src\FakeMicro.DatabaseAccess\Interfaces\IFakeNewsRepository.cs(122,22): warning CS8669: 瀵瑰彲涓?null 鐨勫紩鐢ㄧ被鍨嬬殑鎵规敞鍙簲鍦?"#nullable" 鎵规敞涓婁笅鏂囦腑鐨勪唬鐮佷腑浣跨敤銆傝嚜鍔ㄧ敓鎴愮殑浠ｇ爜瑕佹眰鍦ㄦ簮涓娇鐢ㄦ樉寮?"#nullable" 鎸囦护銆?[F:\ProjectCode\OrlanFackeMicro\src\FakeMicro.DatabaseAccess\FakeMicro.DatabaseAccess.csproj]
     4>F:\ProjectCode\OrlanFackeMicro\src\FakeMicro.DatabaseAccess\Interfaces\IFakeStudentRepository.cs(160,50): warning CS8669: 瀵瑰彲涓?null 鐨勫紩鐢ㄧ被鍨嬬殑鎵规敞鍙簲鍦?"#nullable" 鎵规敞涓婁笅鏂囦腑鐨勪唬鐮佷腑浣跨敤銆傝嚜鍔ㄧ敓鎴愮殑浠ｇ爜瑕佹眰鍦ㄦ簮涓娇鐢ㄦ樉寮?"#nullable" 鎸囦护銆?[F:\ProjectCode\OrlanFackeMicro\src\FakeMicro.DatabaseAccess\FakeMicro.DatabaseAccess.csproj]
     4>F:\ProjectCode\OrlanFackeMicro\src\FakeMicro.DatabaseAccess\Interfaces\IFakeNewsRepository.cs(145,47): warning CS8669: 瀵瑰彲涓?null 鐨勫紩鐢ㄧ被鍨嬬殑鎵规敞鍙簲鍦?"#nullable" 鎵规敞涓婁笅鏂囦腑鐨勪唬鐮佷腑浣跨敤銆傝嚜鍔ㄧ敓鎴愮殑浠ｇ爜瑕佹眰鍦ㄦ簮涓娇鐢ㄦ樉寮?"#nullable" 鎸囦护銆?[F:\ProjectCode\OrlanFackeMicro\src\FakeMicro.DatabaseAccess\FakeMicro.DatabaseAccess.csproj]
     4>F:\ProjectCode\OrlanFackeMicro\src\FakeMicro.DatabaseAccess\Interfaces\IFakeNewsRepository.cs(158,47): warning CS8669: 瀵瑰彲涓?null 鐨勫紩鐢ㄧ被鍨嬬殑鎵规敞鍙簲鍦?"#nullable" 鎵规敞涓婁笅鏂囦腑鐨勪唬鐮佷腑浣跨敤銆傝嚜鍔ㄧ敓鎴愮殑浠ｇ爜瑕佹眰鍦ㄦ簮涓娇鐢ㄦ樉寮?"#nullable" 鎸囦护銆?[F:\ProjectCode\OrlanFackeMicro\src\FakeMicro.DatabaseAccess\FakeMicro.DatabaseAccess.csproj]
     4>F:\ProjectCode\OrlanFackeMicro\src\FakeMicro.DatabaseAccess\Interfaces\IFakeNewsRepository.cs(144,41): warning CS0109: 鎴愬憳鈥淚FakeNewsRepository.GetPagedAsync(int, int, Expression<Func<FakeNews, object>>?, CancellationToken)鈥濅笉浼氶殣钘忓彲璁块棶鎴愬憳銆備笉闇€瑕佸叧閿瓧 new銆?[F:\ProjectCode\OrlanFackeMicro\src\FakeMicro.DatabaseAccess\FakeMicro.DatabaseAccess.csproj]
     4>F:\ProjectCode\OrlanFackeMicro\src\FakeMicro.DatabaseAccess\Interfaces\IFakeNewsRepository.cs(156,41): warning CS0109: 鎴愬憳鈥淚FakeNewsRepository.GetPagedByConditionAsync(Expression<Func<FakeNews, bool>>, int, int, Expression<Func<FakeNews, object>>?, CancellationToken)鈥濅笉浼氶殣钘忓彲璁块棶鎴愬憳銆備笉闇€瑕佸叧閿瓧 new銆?[F:\ProjectCode\OrlanFackeMicro\src\FakeMicro.DatabaseAccess\FakeMicro.DatabaseAccess.csproj]
     4>F:\ProjectCode\OrlanFackeMicro\src\FakeMicro.DatabaseAccess\MongoDBConfig.cs(29,23): warning CS8618: 鍦ㄩ€€鍑烘瀯閫犲嚱鏁版椂锛屼笉鍙负 null 鐨?灞炴€?"ConnectionString" 蹇呴』鍖呭惈闈?null 鍊笺€傝鑰冭檻娣诲姞 "required" 淇グ绗︽垨灏嗚 灞炴€?澹版槑涓哄彲涓?null銆?[F:\ProjectCode\OrlanFackeMicro\src\FakeMicro.DatabaseAccess\FakeMicro.DatabaseAccess.csproj]
     4>F:\ProjectCode\OrlanFackeMicro\src\FakeMicro.DatabaseAccess\MongoDbRepositoryCreationStrategy.cs(55,16): error CS0266: 鏃犳硶灏嗙被鍨嬧€淔akeMicro.DatabaseAccess.MongoRepository<TEntity, TKey>鈥濋殣寮忚浆鎹负鈥淔akeMicro.DatabaseAccess.Interfaces.IRepository<TEntity, TKey>鈥濄€傚瓨鍦ㄤ竴涓樉寮忚浆鎹?鏄惁缂哄皯寮哄埗杞崲?) [F:\ProjectCode\OrlanFackeMicro\src\FakeMicro.DatabaseAccess\FakeMicro.DatabaseAccess.csproj]
     4>F:\ProjectCode\OrlanFackeMicro\src\FakeMicro.DatabaseAccess\MongoDBConfig.cs(89,20): warning CS8603: 鍙兘杩斿洖 null 寮曠敤銆?[F:\ProjectCode\OrlanFackeMicro\src\FakeMicro.DatabaseAccess\FakeMicro.DatabaseAccess.csproj]
     4>F:\ProjectCode\OrlanFackeMicro\src\FakeMicro.DatabaseAccess\MongoDBConfig.cs(99,42): warning CS8600: 灏?null 鏂囨湰鎴栧彲鑳界殑 null 鍊艰浆鎹负涓嶅彲涓?null 绫诲瀷銆?[F:\ProjectCode\OrlanFackeMicro\src\FakeMicro.DatabaseAccess\FakeMicro.DatabaseAccess.csproj]
     4>F:\ProjectCode\OrlanFackeMicro\src\FakeMicro.DatabaseAccess\MongoDBConfig.cs(99,20): warning CS8603: 鍙兘杩斿洖 null 寮曠敤銆?[F:\ProjectCode\OrlanFackeMicro\src\FakeMicro.DatabaseAccess\FakeMicro.DatabaseAccess.csproj]
     4>F:\ProjectCode\OrlanFackeMicro\src\FakeMicro.DatabaseAccess\MongoRepositoryFactory.cs(141,16): error CS0266: 鏃犳硶灏嗙被鍨嬧€淔akeMicro.DatabaseAccess.Interfaces.IMongoRepository<TEntity, TKey>鈥濋殣寮忚浆鎹负鈥淔akeMicro.DatabaseAccess.Interfaces.IRepository<TEntity, TKey>鈥濄€傚瓨鍦ㄤ竴涓樉寮忚浆鎹?鏄惁缂哄皯寮哄埗杞崲?) [F:\ProjectCode\OrlanFackeMicro\src\FakeMicro.DatabaseAccess\FakeMicro.DatabaseAccess.csproj]
     4>F:\ProjectCode\OrlanFackeMicro\src\FakeMicro.DatabaseAccess\MongoDBServiceCollectionExtensions.cs(61,35): error CS0246: 鏈兘鎵惧埌绫诲瀷鎴栧懡鍚嶇┖闂村悕鈥淚MongoActRepository<,>鈥?鏄惁缂哄皯 using 鎸囦护鎴栫▼搴忛泦寮曠敤?) [F:\ProjectCode\OrlanFackeMicro\src\FakeMicro.DatabaseAccess\FakeMicro.DatabaseAccess.csproj]
     4>F:\ProjectCode\OrlanFackeMicro\src\FakeMicro.DatabaseAccess\MongoDBServiceCollectionExtensions.cs(61,67): error CS0246: 鏈兘鎵惧埌绫诲瀷鎴栧懡鍚嶇┖闂村悕鈥淢ongoActRepository<,>鈥?鏄惁缂哄皯 using 鎸囦护鎴栫▼搴忛泦寮曠敤?) [F:\ProjectCode\OrlanFackeMicro\src\FakeMicro.DatabaseAccess\FakeMicro.DatabaseAccess.csproj]
     4>F:\ProjectCode\OrlanFackeMicro\src\FakeMicro.DatabaseAccess\MongoDBServiceCollectionExtensions.cs(62,28): error CS0246: 鏈兘鎵惧埌绫诲瀷鎴栧懡鍚嶇┖闂村悕鈥淚MongoActRepository鈥?鏄惁缂哄皯 using 鎸囦护鎴栫▼搴忛泦寮曠敤?) [F:\ProjectCode\OrlanFackeMicro\src\FakeMicro.DatabaseAccess\FakeMicro.DatabaseAccess.csproj]
     4>F:\ProjectCode\OrlanFackeMicro\src\FakeMicro.DatabaseAccess\MongoDBServiceCollectionExtensions.cs(62,49): error CS0246: 鏈兘鎵惧埌绫诲瀷鎴栧懡鍚嶇┖闂村悕鈥淢ongoActRepository鈥?鏄惁缂哄皯 using 鎸囦护鎴栫▼搴忛泦寮曠敤?) [F:\ProjectCode\OrlanFackeMicro\src\FakeMicro.DatabaseAccess\FakeMicro.DatabaseAccess.csproj]
     4>F:\ProjectCode\OrlanFackeMicro\src\FakeMicro.DatabaseAccess\MongoRepositoryFactory.cs(152,60): error CS1503: 鍙傛暟 1: 鏃犳硶浠庘€淔akeMicro.DatabaseAccess.Interfaces.IMongoRepository<TEntity, TKey>鈥濊浆鎹负鈥淔akeMicro.DatabaseAccess.Interfaces.IRepository<TEntity, TKey>鈥?[F:\ProjectCode\OrlanFackeMicro\src\FakeMicro.DatabaseAccess\FakeMicro.DatabaseAccess.csproj]
     4>F:\ProjectCode\OrlanFackeMicro\src\FakeMicro.DatabaseAccess\MongoRepositoryFactory.cs(168,16): error CS0266: 鏃犳硶灏嗙被鍨嬧€淔akeMicro.DatabaseAccess.Interfaces.IMongoRepository<TEntity, TKey>鈥濋殣寮忚浆鎹负鈥淔akeMicro.DatabaseAccess.Interfaces.IRepository<TEntity, TKey>鈥濄€傚瓨鍦ㄤ竴涓樉寮忚浆鎹?鏄惁缂哄皯寮哄埗杞崲?) [F:\ProjectCode\OrlanFackeMicro\src\FakeMicro.DatabaseAccess\FakeMicro.DatabaseAccess.csproj]
     4>F:\ProjectCode\OrlanFackeMicro\src\FakeMicro.DatabaseAccess\MongoRepositoryFactory.cs(184,60): error CS1503: 鍙傛暟 1: 鏃犳硶浠庘€淔akeMicro.DatabaseAccess.Interfaces.IMongoRepository<TEntity, TKey>鈥濊浆鎹负鈥淔akeMicro.DatabaseAccess.Interfaces.IRepository<TEntity, TKey>鈥?[F:\ProjectCode\OrlanFackeMicro\src\FakeMicro.DatabaseAccess\FakeMicro.DatabaseAccess.csproj]
     4>F:\ProjectCode\OrlanFackeMicro\src\FakeMicro.DatabaseAccess\PostgreSqlConnectionManager.cs(198,13): warning CS0618: 鈥淣pgsqlConnectionStringBuilder.InternalCommandTimeout鈥濆凡杩囨椂:鈥淭he InternalCommandTimeout parameter is no longer needed and does nothing.鈥?[F:\ProjectCode\OrlanFackeMicro\src\FakeMicro.DatabaseAccess\FakeMicro.DatabaseAccess.csproj]
     4>F:\ProjectCode\OrlanFackeMicro\src\FakeMicro.DatabaseAccess\Repositories\AuditLogRepository.cs(21,67): warning CS8629: 鍙负 null 鐨勫€肩被鍨嬪彲涓?null銆?[F:\ProjectCode\OrlanFackeMicro\src\FakeMicro.DatabaseAccess\FakeMicro.DatabaseAccess.csproj]
     4>F:\ProjectCode\OrlanFackeMicro\src\FakeMicro.DatabaseAccess\Repositories\AuditLogRepository.cs(22,65): warning CS8629: 鍙负 null 鐨勫€肩被鍨嬪彲涓?null銆?[F:\ProjectCode\OrlanFackeMicro\src\FakeMicro.DatabaseAccess\FakeMicro.DatabaseAccess.csproj]
     4>F:\ProjectCode\OrlanFackeMicro\src\FakeMicro.DatabaseAccess\Repositories\AuditLogRepository.cs(23,61): warning CS8629: 鍙负 null 鐨勫€肩被鍨嬪彲涓?null銆?[F:\ProjectCode\OrlanFackeMicro\src\FakeMicro.DatabaseAccess\FakeMicro.DatabaseAccess.csproj]
     4>F:\ProjectCode\OrlanFackeMicro\src\FakeMicro.DatabaseAccess\DatabaseConnectionManager.cs(161,21): warning CS0618: 鈥淣pgsqlConnectionStringBuilder.TrustServerCertificate鈥濆凡杩囨椂:鈥淭he TrustServerCertificate parameter is no longer needed and does nothing.鈥?[F:\ProjectCode\OrlanFackeMicro\src\FakeMicro.DatabaseAccess\FakeMicro.DatabaseAccess.csproj]
     4>F:\ProjectCode\OrlanFackeMicro\src\FakeMicro.DatabaseAccess\MongoRepository.cs(188,36): error CS0103: 褰撳墠涓婁笅鏂囦腑涓嶅瓨鍦ㄥ悕绉扳€淿db鈥?[F:\ProjectCode\OrlanFackeMicro\src\FakeMicro.DatabaseAccess\FakeMicro.DatabaseAccess.csproj]
     4>F:\ProjectCode\OrlanFackeMicro\src\FakeMicro.DatabaseAccess\MongoRepository.cs(192,66): error CS0103: 褰撳墠涓婁笅鏂囦腑涓嶅瓨鍦ㄥ悕绉扳€淿db鈥?[F:\ProjectCode\OrlanFackeMicro\src\FakeMicro.DatabaseAccess\FakeMicro.DatabaseAccess.csproj]
     4>F:\ProjectCode\OrlanFackeMicro\src\FakeMicro.DatabaseAccess\Repositories\AuditLogRepository.cs(32,67): warning CS8629: 鍙负 null 鐨勫€肩被鍨嬪彲涓?null銆?[F:\ProjectCode\OrlanFackeMicro\src\FakeMicro.DatabaseAccess\FakeMicro.DatabaseAccess.csproj]
     4>F:\ProjectCode\OrlanFackeMicro\src\FakeMicro.DatabaseAccess\Repositories\AuditLogRepository.cs(33,65): warning CS8629: 鍙负 null 鐨勫€肩被鍨嬪彲涓?null銆?[F:\ProjectCode\OrlanFackeMicro\src\FakeMicro.DatabaseAccess\FakeMicro.DatabaseAccess.csproj]
     4>F:\ProjectCode\OrlanFackeMicro\src\FakeMicro.DatabaseAccess\SqlSugarConfig.cs(140,23): warning CS8618: 鍦ㄩ€€鍑烘瀯閫犲嚱鏁版椂锛屼笉鍙负 null 鐨?灞炴€?"ConnectionString" 蹇呴』鍖呭惈闈?null 鍊笺€傝鑰冭檻娣诲姞 "required" 淇グ绗︽垨灏嗚 灞炴€?澹版槑涓哄彲涓?null銆?[F:\ProjectCode\OrlanFackeMicro\src\FakeMicro.DatabaseAccess\FakeMicro.DatabaseAccess.csproj]
     4>F:\ProjectCode\OrlanFackeMicro\src\FakeMicro.DatabaseAccess\MongoRepository.cs(405,23): warning CS8600: 灏?null 鏂囨湰鎴栧彲鑳界殑 null 鍊艰浆鎹负涓嶅彲涓?null 绫诲瀷銆?[F:\ProjectCode\OrlanFackeMicro\src\FakeMicro.DatabaseAccess\FakeMicro.DatabaseAccess.csproj]
     4>F:\ProjectCode\OrlanFackeMicro\src\FakeMicro.DatabaseAccess\MongoRepository.cs(406,72): warning CS8602: 瑙ｅ紩鐢ㄥ彲鑳藉嚭鐜扮┖寮曠敤銆?[F:\ProjectCode\OrlanFackeMicro\src\FakeMicro.DatabaseAccess\FakeMicro.DatabaseAccess.csproj]
     4>F:\ProjectCode\OrlanFackeMicro\src\FakeMicro.DatabaseAccess\Repositories\ManagerVersionRepository.cs(24,20): error CS1503: 鍙傛暟 1: 鏃犳硶浠庘€淪qlSugar.ISqlSugarClient鈥濊浆鎹负鈥淢ongoDB.Driver.MongoClient鈥?[F:\ProjectCode\OrlanFackeMicro\src\FakeMicro.DatabaseAccess\FakeMicro.DatabaseAccess.csproj]
     4>F:\ProjectCode\OrlanFackeMicro\src\FakeMicro.DatabaseAccess\MongoRepository.cs(445,72): warning CS8602: 瑙ｅ紩鐢ㄥ彲鑳藉嚭鐜扮┖寮曠敤銆?[F:\ProjectCode\OrlanFackeMicro\src\FakeMicro.DatabaseAccess\FakeMicro.DatabaseAccess.csproj]
     4>F:\ProjectCode\OrlanFackeMicro\src\FakeMicro.DatabaseAccess\MongoRepository.cs(496,27): warning CS8600: 灏?null 鏂囨湰鎴栧彲鑳界殑 null 鍊艰浆鎹负涓嶅彲涓?null 绫诲瀷銆?[F:\ProjectCode\OrlanFackeMicro\src\FakeMicro.DatabaseAccess\FakeMicro.DatabaseAccess.csproj]
     4>F:\ProjectCode\OrlanFackeMicro\src\FakeMicro.DatabaseAccess\MongoRepository.cs(497,76): warning CS8602: 瑙ｅ紩鐢ㄥ彲鑳藉嚭鐜扮┖寮曠敤銆?[F:\ProjectCode\OrlanFackeMicro\src\FakeMicro.DatabaseAccess\FakeMicro.DatabaseAccess.csproj]
     4>F:\ProjectCode\OrlanFackeMicro\src\FakeMicro.DatabaseAccess\Transaction\SqlSugarTransactionManager.cs(133,41): warning CS8601: 鍙兘鐨?null 寮曠敤璧嬪€笺€?[F:\ProjectCode\OrlanFackeMicro\src\FakeMicro.DatabaseAccess\FakeMicro.DatabaseAccess.csproj]
     4>F:\ProjectCode\OrlanFackeMicro\src\FakeMicro.DatabaseAccess\Transaction\SqlSugarTransactionManager.cs(143,17): warning CS8602: 瑙ｅ紩鐢ㄥ彲鑳藉嚭鐜扮┖寮曠敤銆?[F:\ProjectCode\OrlanFackeMicro\src\FakeMicro.DatabaseAccess\FakeMicro.DatabaseAccess.csproj]
     4>F:\ProjectCode\OrlanFackeMicro\src\FakeMicro.DatabaseAccess\Transaction\SqlSugarTransactionManager.cs(170,21): warning CS8602: 瑙ｅ紩鐢ㄥ彲鑳藉嚭鐜扮┖寮曠敤銆?[F:\ProjectCode\OrlanFackeMicro\src\FakeMicro.DatabaseAccess\FakeMicro.DatabaseAccess.csproj]
     4>F:\ProjectCode\OrlanFackeMicro\src\FakeMicro.DatabaseAccess\Transaction\SqlSugarTransactionManager.cs(206,45): warning CS8625: 鏃犳硶灏?null 瀛楅潰閲忚浆鎹负闈?null 鐨勫紩鐢ㄧ被鍨嬨€?[F:\ProjectCode\OrlanFackeMicro\src\FakeMicro.DatabaseAccess\FakeMicro.DatabaseAccess.csproj]
     4>F:\ProjectCode\OrlanFackeMicro\src\FakeMicro.DatabaseAccess\MongoRepository.cs(518,23): warning CS8600: 灏?null 鏂囨湰鎴栧彲鑳界殑 null 鍊艰浆鎹负涓嶅彲涓?null 绫诲瀷銆?[F:\ProjectCode\OrlanFackeMicro\src\FakeMicro.DatabaseAccess\FakeMicro.DatabaseAccess.csproj]
     4>F:\ProjectCode\OrlanFackeMicro\src\FakeMicro.DatabaseAccess\MongoRepository.cs(519,72): warning CS8602: 瑙ｅ紩鐢ㄥ彲鑳藉嚭鐜扮┖寮曠敤銆?[F:\ProjectCode\OrlanFackeMicro\src\FakeMicro.DatabaseAccess\FakeMicro.DatabaseAccess.csproj]
     4>F:\ProjectCode\OrlanFackeMicro\src\FakeMicro.DatabaseAccess\Repositories\MongoFakeNewsRepository.cs(37,20): error CS1503: 鍙傛暟 1: 鏃犳硶浠庘€淪qlSugar.ISqlSugarClient鈥濊浆鎹负鈥淢ongoDB.Driver.MongoClient鈥?[F:\ProjectCode\OrlanFackeMicro\src\FakeMicro.DatabaseAccess\FakeMicro.DatabaseAccess.csproj]
     4>F:\ProjectCode\OrlanFackeMicro\src\FakeMicro.DatabaseAccess\MongoRepository.cs(555,27): warning CS8600: 灏?null 鏂囨湰鎴栧彲鑳界殑 null 鍊艰浆鎹负涓嶅彲涓?null 绫诲瀷銆?[F:\ProjectCode\OrlanFackeMicro\src\FakeMicro.DatabaseAccess\FakeMicro.DatabaseAccess.csproj]
     4>F:\ProjectCode\OrlanFackeMicro\src\FakeMicro.DatabaseAccess\MongoRepository.cs(584,31): warning CS8600: 灏?null 鏂囨湰鎴栧彲鑳界殑 null 鍊艰浆鎹负涓嶅彲涓?null 绫诲瀷銆?[F:\ProjectCode\OrlanFackeMicro\src\FakeMicro.DatabaseAccess\FakeMicro.DatabaseAccess.csproj]
     4>F:\ProjectCode\OrlanFackeMicro\src\FakeMicro.DatabaseAccess\Repositories\Mongo\MongoQueryBuilder.cs(65,24): warning CS8603: 鍙兘杩斿洖 null 寮曠敤銆?[F:\ProjectCode\OrlanFackeMicro\src\FakeMicro.DatabaseAccess\FakeMicro.DatabaseAccess.csproj]
     4>F:\ProjectCode\OrlanFackeMicro\src\FakeMicro.DatabaseAccess\Repositories\Mongo\MongoQueryBuilder.cs(96,28): warning CS8603: 鍙兘杩斿洖 null 寮曠敤銆?[F:\ProjectCode\OrlanFackeMicro\src\FakeMicro.DatabaseAccess\FakeMicro.DatabaseAccess.csproj]
     4>F:\ProjectCode\OrlanFackeMicro\src\FakeMicro.DatabaseAccess\Repositories\Mongo\MongoQueryBuilder.cs(104,28): warning CS8603: 鍙兘杩斿洖 null 寮曠敤銆?[F:\ProjectCode\OrlanFackeMicro\src\FakeMicro.DatabaseAccess\FakeMicro.DatabaseAccess.csproj]
     4>F:\ProjectCode\OrlanFackeMicro\src\FakeMicro.DatabaseAccess\Repositories\Mongo\MongoQueryBuilder.cs(106,28): warning CS8603: 鍙兘杩斿洖 null 寮曠敤銆?[F:\ProjectCode\OrlanFackeMicro\src\FakeMicro.DatabaseAccess\FakeMicro.DatabaseAccess.csproj]
     4>F:\ProjectCode\OrlanFackeMicro\src\FakeMicro.DatabaseAccess\Repositories\Mongo\MongoQueryBuilder.cs(116,24): warning CS8603: 鍙兘杩斿洖 null 寮曠敤銆?[F:\ProjectCode\OrlanFackeMicro\src\FakeMicro.DatabaseAccess\FakeMicro.DatabaseAccess.csproj]
     4>F:\ProjectCode\OrlanFackeMicro\src\FakeMicro.DatabaseAccess\Repositories\Mongo\MongoQueryBuilder.cs(128,28): warning CS8603: 鍙兘杩斿洖 null 寮曠敤銆?[F:\ProjectCode\OrlanFackeMicro\src\FakeMicro.DatabaseAccess\FakeMicro.DatabaseAccess.csproj]
     4>F:\ProjectCode\OrlanFackeMicro\src\FakeMicro.DatabaseAccess\Repositories\Mongo\MongoQueryBuilder.cs(132,20): warning CS8603: 鍙兘杩斿洖 null 寮曠敤銆?[F:\ProjectCode\OrlanFackeMicro\src\FakeMicro.DatabaseAccess\FakeMicro.DatabaseAccess.csproj]
     4>F:\ProjectCode\OrlanFackeMicro\src\FakeMicro.DatabaseAccess\MongoRepository.cs(744,49): warning CS8602: 瑙ｅ紩鐢ㄥ彲鑳藉嚭鐜扮┖寮曠敤銆?[F:\ProjectCode\OrlanFackeMicro\src\FakeMicro.DatabaseAccess\FakeMicro.DatabaseAccess.csproj]
     4>F:\ProjectCode\OrlanFackeMicro\src\FakeMicro.DatabaseAccess\MongoRepository.cs(985,30): warning CS0168: 澹版槑浜嗗彉閲忊€渆x鈥濓紝浣嗕粠鏈娇鐢ㄨ繃 [F:\ProjectCode\OrlanFackeMicro\src\FakeMicro.DatabaseAccess\FakeMicro.DatabaseAccess.csproj]
     4>F:\ProjectCode\OrlanFackeMicro\src\FakeMicro.DatabaseAccess\MongoRepository.cs(1018,30): warning CS0168: 澹版槑浜嗗彉閲忊€渆x鈥濓紝浣嗕粠鏈娇鐢ㄨ繃 [F:\ProjectCode\OrlanFackeMicro\src\FakeMicro.DatabaseAccess\FakeMicro.DatabaseAccess.csproj]
     4>F:\ProjectCode\OrlanFackeMicro\src\FakeMicro.DatabaseAccess\MongoRepository.cs(1091,57): warning CS8602: 瑙ｅ紩鐢ㄥ彲鑳藉嚭鐜扮┖寮曠敤銆?[F:\ProjectCode\OrlanFackeMicro\src\FakeMicro.DatabaseAccess\FakeMicro.DatabaseAccess.csproj]
     4>F:\ProjectCode\OrlanFackeMicro\src\FakeMicro.DatabaseAccess\MongoRepository.cs(1139,49): warning CS8602: 瑙ｅ紩鐢ㄥ彲鑳藉嚭鐜扮┖寮曠敤銆?[F:\ProjectCode\OrlanFackeMicro\src\FakeMicro.DatabaseAccess\FakeMicro.DatabaseAccess.csproj]
     4>F:\ProjectCode\OrlanFackeMicro\src\FakeMicro.DatabaseAccess\MongoRepository.cs(1408,23): warning CS8600: 灏?null 鏂囨湰鎴栧彲鑳界殑 null 鍊艰浆鎹负涓嶅彲涓?null 绫诲瀷銆?[F:\ProjectCode\OrlanFackeMicro\src\FakeMicro.DatabaseAccess\FakeMicro.DatabaseAccess.csproj]
     4>F:\ProjectCode\OrlanFackeMicro\src\FakeMicro.DatabaseAccess\MongoRepository.cs(1458,16): warning CS8603: 鍙兘杩斿洖 null 寮曠敤銆?[F:\ProjectCode\OrlanFackeMicro\src\FakeMicro.DatabaseAccess\FakeMicro.DatabaseAccess.csproj]
         CompilerServer: server - server processed compilation - FakeMicro.DatabaseAccess (net9.0)
     4>宸插畬鎴愮敓鎴愰」鐩€淔:\ProjectCode\OrlanFackeMicro\src\FakeMicro.DatabaseAccess\FakeMicro.DatabaseAccess.csproj鈥?榛樿鐩爣)鐨勬搷浣?- 澶辫触銆?
     1>宸插畬鎴愮敓鎴愰」鐩€淔:\ProjectCode\OrlanFackeMicro\FakeMicro.sln鈥?榛樿鐩爣)鐨勬搷浣?- 澶辫触銆?

鐢熸垚澶辫触銆?

       鈥淔:\ProjectCode\OrlanFackeMicro\FakeMicro.sln鈥?榛樿鐩爣) (1:2) ->
       鈥淔:\ProjectCode\OrlanFackeMicro\src\FakeMicro.DatabaseAccess\FakeMicro.DatabaseAccess.csproj鈥?榛樿鐩爣) (4:9) ->
       (CoreCompile 鐩爣) -> 
         F:\ProjectCode\OrlanFackeMicro\src\FakeMicro.DatabaseAccess\Repositories\Email\EmailRepository.cs(49,44): warning CS8669: 瀵瑰彲涓?null 鐨勫紩鐢ㄧ被鍨嬬殑鎵规敞鍙簲鍦?"#nullable" 鎵规敞涓婁笅鏂囦腑鐨勪唬鐮佷腑浣跨敤銆傝嚜鍔ㄧ敓鎴愮殑浠ｇ爜瑕佹眰鍦ㄦ簮涓娇鐢ㄦ樉寮?"#nullable" 鎸囦护銆?[F:\ProjectCode\OrlanFackeMicro\src\FakeMicro.DatabaseAccess\FakeMicro.DatabaseAccess.csproj]
         F:\ProjectCode\OrlanFackeMicro\src\FakeMicro.DatabaseAccess\Interfaces\Email\IEmailRepository.cs(32,23): warning CS8669: 瀵瑰彲涓?null 鐨勫紩鐢ㄧ被鍨嬬殑鎵规敞鍙簲鍦?"#nullable" 鎵规敞涓婁笅鏂囦腑鐨勪唬鐮佷腑浣跨敤銆傝嚜鍔ㄧ敓鎴愮殑浠ｇ爜瑕佹眰鍦ㄦ簮涓娇鐢ㄦ樉寮?"#nullable" 鎸囦护銆?[F:\ProjectCode\OrlanFackeMicro\src\FakeMicro.DatabaseAccess\FakeMicro.DatabaseAccess.csproj]
         F:\ProjectCode\OrlanFackeMicro\src\FakeMicro.DatabaseAccess\Repositories\Email\EmailRepository.cs(73,40): warning CS8669: 瀵瑰彲涓?null 鐨勫紩鐢ㄧ被鍨嬬殑鎵规敞鍙簲鍦?"#nullable" 鎵规敞涓婁笅鏂囦腑鐨勪唬鐮佷腑浣跨敤銆傝嚜鍔ㄧ敓鎴愮殑浠ｇ爜瑕佹眰鍦ㄦ簮涓娇鐢ㄦ樉寮?"#nullable" 鎸囦护銆?[F:\ProjectCode\OrlanFackeMicro\src\FakeMicro.DatabaseAccess\FakeMicro.DatabaseAccess.csproj]
         F:\ProjectCode\OrlanFackeMicro\src\FakeMicro.DatabaseAccess\Repositories\Email\EmailRepository.cs(97,40): warning CS8669: 瀵瑰彲涓?null 鐨勫紩鐢ㄧ被鍨嬬殑鎵规敞鍙簲鍦?"#nullable" 鎵规敞涓婁笅鏂囦腑鐨勪唬鐮佷腑浣跨敤銆傝嚜鍔ㄧ敓鎴愮殑浠ｇ爜瑕佹眰鍦ㄦ簮涓娇鐢ㄦ樉寮?"#nullable" 鎸囦护銆?[F:\ProjectCode\OrlanFackeMicro\src\FakeMicro.DatabaseAccess\FakeMicro.DatabaseAccess.csproj]
         F:\ProjectCode\OrlanFackeMicro\src\FakeMicro.DatabaseAccess\Interfaces\Email\IEmailRepository.cs(40,19): warning CS8669: 瀵瑰彲涓?null 鐨勫紩鐢ㄧ被鍨嬬殑鎵规敞鍙簲鍦?"#nullable" 鎵规敞涓婁笅鏂囦腑鐨勪唬鐮佷腑浣跨敤銆傝嚜鍔ㄧ敓鎴愮殑浠ｇ爜瑕佹眰鍦ㄦ簮涓娇鐢ㄦ樉寮?"#nullable" 鎸囦护銆?[F:\ProjectCode\OrlanFackeMicro\src\FakeMicro.DatabaseAccess\FakeMicro.DatabaseAccess.csproj]
         F:\ProjectCode\OrlanFackeMicro\src\FakeMicro.DatabaseAccess\Interfaces\Email\IEmailRepository.cs(48,19): warning CS8669: 瀵瑰彲涓?null 鐨勫紩鐢ㄧ被鍨嬬殑鎵规敞鍙簲鍦?"#nullable" 鎵规敞涓婁笅鏂囦腑鐨勪唬鐮佷腑浣跨敤銆傝嚜鍔ㄧ敓鎴愮殑浠ｇ爜瑕佹眰鍦ㄦ簮涓娇鐢ㄦ樉寮?"#nullable" 鎸囦护銆?[F:\ProjectCode\OrlanFackeMicro\src\FakeMicro.DatabaseAccess\FakeMicro.DatabaseAccess.csproj]
         F:\ProjectCode\OrlanFackeMicro\src\FakeMicro.DatabaseAccess\Repositories\Email\EmailRepository.cs(121,53): warning CS8669: 瀵瑰彲涓?null 鐨勫紩鐢ㄧ被鍨嬬殑鎵规敞鍙簲鍦?"#nullable" 鎵规敞涓婁笅鏂囦腑鐨勪唬鐮佷腑浣跨敤銆傝嚜鍔ㄧ敓鎴愮殑浠ｇ爜瑕佹眰鍦ㄦ簮涓娇鐢ㄦ樉寮?"#nullable" 鎸囦护銆?[F:\ProjectCode\OrlanFackeMicro\src\FakeMicro.DatabaseAccess\FakeMicro.DatabaseAccess.csproj]
         F:\ProjectCode\OrlanFackeMicro\src\FakeMicro.DatabaseAccess\Repositories\FakeNewsRepository.cs(49,47): warning CS8669: 瀵瑰彲涓?null 鐨勫紩鐢ㄧ被鍨嬬殑鎵规敞鍙簲鍦?"#nullable" 鎵规敞涓婁笅鏂囦腑鐨勪唬鐮佷腑浣跨敤銆傝嚜鍔ㄧ敓鎴愮殑浠ｇ爜瑕佹眰鍦ㄦ簮涓娇鐢ㄦ樉寮?"#nullable" 鎸囦护銆?[F:\ProjectCode\OrlanFackeMicro\src\FakeMicro.DatabaseAccess\FakeMicro.DatabaseAccess.csproj]
         F:\ProjectCode\OrlanFackeMicro\src\FakeMicro.DatabaseAccess\Repositories\Email\EmailRepository.cs(150,40): warning CS8669: 瀵瑰彲涓?null 鐨勫紩鐢ㄧ被鍨嬬殑鎵规敞鍙簲鍦?"#nullable" 鎵规敞涓婁笅鏂囦腑鐨勪唬鐮佷腑浣跨敤銆傝嚜鍔ㄧ敓鎴愮殑浠ｇ爜瑕佹眰鍦ㄦ簮涓娇鐢ㄦ樉寮?"#nullable" 鎸囦护銆?[F:\ProjectCode\OrlanFackeMicro\src\FakeMicro.DatabaseAccess\FakeMicro.DatabaseAccess.csproj]
         F:\ProjectCode\OrlanFackeMicro\src\FakeMicro.DatabaseAccess\Repositories\FakeStudentRepository.cs(51,50): warning CS8669: 瀵瑰彲涓?null 鐨勫紩鐢ㄧ被鍨嬬殑鎵规敞鍙簲鍦?"#nullable" 鎵规敞涓婁笅鏂囦腑鐨勪唬鐮佷腑浣跨敤銆傝嚜鍔ㄧ敓鎴愮殑浠ｇ爜瑕佹眰鍦ㄦ簮涓娇鐢ㄦ樉寮?"#nullable" 鎸囦护銆?[F:\ProjectCode\OrlanFackeMicro\src\FakeMicro.DatabaseAccess\FakeMicro.DatabaseAccess.csproj]
         F:\ProjectCode\OrlanFackeMicro\src\FakeMicro.DatabaseAccess\Interfaces\Email\IEmailRepository.cs(71,19): warning CS8669: 瀵瑰彲涓?null 鐨勫紩鐢ㄧ被鍨嬬殑鎵规敞鍙簲鍦?"#nullable" 鎵规敞涓婁笅鏂囦腑鐨勪唬鐮佷腑浣跨敤銆傝嚜鍔ㄧ敓鎴愮殑浠ｇ爜瑕佹眰鍦ㄦ簮涓娇鐢ㄦ樉寮?"#nullable" 鎸囦护銆?[F:\ProjectCode\OrlanFackeMicro\src\FakeMicro.DatabaseAccess\FakeMicro.DatabaseAccess.csproj]
         F:\ProjectCode\OrlanFackeMicro\src\FakeMicro.DatabaseAccess\Repositories\FakeStudentRepository.cs(75,46): warning CS8669: 瀵瑰彲涓?null 鐨勫紩鐢ㄧ被鍨嬬殑鎵规敞鍙簲鍦?"#nullable" 鎵规敞涓婁笅鏂囦腑鐨勪唬鐮佷腑浣跨敤銆傝嚜鍔ㄧ敓鎴愮殑浠ｇ爜瑕佹眰鍦ㄦ簮涓娇鐢ㄦ樉寮?"#nullable" 鎸囦护銆?[F:\ProjectCode\OrlanFackeMicro\src\FakeMicro.DatabaseAccess\FakeMicro.DatabaseAccess.csproj]
         F:\ProjectCode\OrlanFackeMicro\src\FakeMicro.DatabaseAccess\Repositories\FakeNewsRepository.cs(73,43): warning CS8669: 瀵瑰彲涓?null 鐨勫紩鐢ㄧ被鍨嬬殑鎵规敞鍙簲鍦?"#nullable" 鎵规敞涓婁笅鏂囦腑鐨勪唬鐮佷腑浣跨敤銆傝嚜鍔ㄧ敓鎴愮殑浠ｇ爜瑕佹眰鍦ㄦ簮涓娇鐢ㄦ樉寮?"#nullable" 鎸囦护銆?[F:\ProjectCode\OrlanFackeMicro\src\FakeMicro.DatabaseAccess\FakeMicro.DatabaseAccess.csproj]
         F:\ProjectCode\OrlanFackeMicro\src\FakeMicro.DatabaseAccess\Repositories\Email\EmailRepository.cs(218,21): warning CS8669: 瀵瑰彲涓?null 鐨勫紩鐢ㄧ被鍨嬬殑鎵规敞鍙簲鍦?"#nullable" 鎵规敞涓婁笅鏂囦腑鐨勪唬鐮佷腑浣跨敤銆傝嚜鍔ㄧ敓鎴愮殑浠ｇ爜瑕佹眰鍦ㄦ簮涓娇鐢ㄦ樉寮?"#nullable" 鎸囦护銆?[F:\ProjectCode\OrlanFackeMicro\src\FakeMicro.DatabaseAccess\FakeMicro.DatabaseAccess.csproj]
         F:\ProjectCode\OrlanFackeMicro\src\FakeMicro.DatabaseAccess\Repositories\FakeStudentRepository.cs(99,46): warning CS8669: 瀵瑰彲涓?null 鐨勫紩鐢ㄧ被鍨嬬殑鎵规敞鍙簲鍦?"#nullable" 鎵规敞涓婁笅鏂囦腑鐨勪唬鐮佷腑浣跨敤銆傝嚜鍔ㄧ敓鎴愮殑浠ｇ爜瑕佹眰鍦ㄦ簮涓娇鐢ㄦ樉寮?"#nullable" 鎸囦护銆?[F:\ProjectCode\OrlanFackeMicro\src\FakeMicro.DatabaseAccess\FakeMicro.DatabaseAccess.csproj]
         F:\ProjectCode\OrlanFackeMicro\src\FakeMicro.DatabaseAccess\Repositories\Email\EmailRepository.cs(234,21): warning CS8669: 瀵瑰彲涓?null 鐨勫紩鐢ㄧ被鍨嬬殑鎵规敞鍙簲鍦?"#nullable" 鎵规敞涓婁笅鏂囦腑鐨勪唬鐮佷腑浣跨敤銆傝嚜鍔ㄧ敓鎴愮殑浠ｇ爜瑕佹眰鍦ㄦ簮涓娇鐢ㄦ樉寮?"#nullable" 鎸囦护銆?[F:\ProjectCode\OrlanFackeMicro\src\FakeMicro.DatabaseAccess\FakeMicro.DatabaseAccess.csproj]
         F:\ProjectCode\OrlanFackeMicro\src\FakeMicro.DatabaseAccess\Repositories\FakeNewsRepository.cs(97,43): warning CS8669: 瀵瑰彲涓?null 鐨勫紩鐢ㄧ被鍨嬬殑鎵规敞鍙簲鍦?"#nullable" 鎵规敞涓婁笅鏂囦腑鐨勪唬鐮佷腑浣跨敤銆傝嚜鍔ㄧ敓鎴愮殑浠ｇ爜瑕佹眰鍦ㄦ簮涓娇鐢ㄦ樉寮?"#nullable" 鎸囦护銆?[F:\ProjectCode\OrlanFackeMicro\src\FakeMicro.DatabaseAccess\FakeMicro.DatabaseAccess.csproj]
         F:\ProjectCode\OrlanFackeMicro\src\FakeMicro.DatabaseAccess\Interfaces\Email\IEmailRepository.cs(88,19): warning CS8669: 瀵瑰彲涓?null 鐨勫紩鐢ㄧ被鍨嬬殑鎵规敞鍙簲鍦?"#nullable" 鎵规敞涓婁笅鏂囦腑鐨勪唬鐮佷腑浣跨敤銆傝嚜鍔ㄧ敓鎴愮殑浠ｇ爜瑕佹眰鍦ㄦ簮涓娇鐢ㄦ樉寮?"#nullable" 鎸囦护銆?[F:\ProjectCode\OrlanFackeMicro\src\FakeMicro.DatabaseAccess\FakeMicro.DatabaseAccess.csproj]
         F:\ProjectCode\OrlanFackeMicro\src\FakeMicro.DatabaseAccess\Repositories\Email\EmailRepository.cs(250,21): warning CS8669: 瀵瑰彲涓?null 鐨勫紩鐢ㄧ被鍨嬬殑鎵规敞鍙簲鍦?"#nullable" 鎵规敞涓婁笅鏂囦腑鐨勪唬鐮佷腑浣跨敤銆傝嚜鍔ㄧ敓鎴愮殑浠ｇ爜瑕佹眰鍦ㄦ簮涓娇鐢ㄦ樉寮?"#nullable" 鎸囦护銆?[F:\ProjectCode\OrlanFackeMicro\src\FakeMicro.DatabaseAccess\FakeMicro.DatabaseAccess.csproj]
         F:\ProjectCode\OrlanFackeMicro\src\FakeMicro.DatabaseAccess\Repositories\FakeStudentRepository.cs(123,59): warning CS8669: 瀵瑰彲涓?null 鐨勫紩鐢ㄧ被鍨嬬殑鎵规敞鍙簲鍦?"#nullable" 鎵规敞涓婁笅鏂囦腑鐨勪唬鐮佷腑浣跨敤銆傝嚜鍔ㄧ敓鎴愮殑浠ｇ爜瑕佹眰鍦ㄦ簮涓娇鐢ㄦ樉寮?"#nullable" 鎸囦护銆?[F:\ProjectCode\OrlanFackeMicro\src\FakeMicro.DatabaseAccess\FakeMicro.DatabaseAccess.csproj]
         F:\ProjectCode\OrlanFackeMicro\src\FakeMicro.DatabaseAccess\Repositories\Email\EmailRepository.cs(266,21): warning CS8669: 瀵瑰彲涓?null 鐨勫紩鐢ㄧ被鍨嬬殑鎵规敞鍙簲鍦?"#nullable" 鎵规敞涓婁笅鏂囦腑鐨勪唬鐮佷腑浣跨敤銆傝嚜鍔ㄧ敓鎴愮殑浠ｇ爜瑕佹眰鍦ㄦ簮涓娇鐢ㄦ樉寮?"#nullable" 鎸囦护銆?[F:\ProjectCode\OrlanFackeMicro\src\FakeMicro.DatabaseAccess\FakeMicro.DatabaseAccess.csproj]
         F:\ProjectCode\OrlanFackeMicro\src\FakeMicro.DatabaseAccess\Repositories\FakeNewsRepository.cs(121,56): warning CS8669: 瀵瑰彲涓?null 鐨勫紩鐢ㄧ被鍨嬬殑鎵规敞鍙簲鍦?"#nullable" 鎵规敞涓婁笅鏂囦腑鐨勪唬鐮佷腑浣跨敤銆傝嚜鍔ㄧ敓鎴愮殑浠ｇ爜瑕佹眰鍦ㄦ簮涓娇鐢ㄦ樉寮?"#nullable" 鎸囦护銆?[F:\ProjectCode\OrlanFackeMicro\src\FakeMicro.DatabaseAccess\FakeMicro.DatabaseAccess.csproj]
         F:\ProjectCode\OrlanFackeMicro\src\FakeMicro.DatabaseAccess\Repositories\FakeNewsRepository.cs(150,43): warning CS8669: 瀵瑰彲涓?null 鐨勫紩鐢ㄧ被鍨嬬殑鎵规敞鍙簲鍦?"#nullable" 鎵规敞涓婁笅鏂囦腑鐨勪唬鐮佷腑浣跨敤銆傝嚜鍔ㄧ敓鎴愮殑浠ｇ爜瑕佹眰鍦ㄦ簮涓娇鐢ㄦ樉寮?"#nullable" 鎸囦护銆?[F:\ProjectCode\OrlanFackeMicro\src\FakeMicro.DatabaseAccess\FakeMicro.DatabaseAccess.csproj]
         F:\ProjectCode\OrlanFackeMicro\src\FakeMicro.DatabaseAccess\Repositories\Email\EmailRepository.cs(292,44): warning CS8669: 瀵瑰彲涓?null 鐨勫紩鐢ㄧ被鍨嬬殑鎵规敞鍙簲鍦?"#nullable" 鎵规敞涓婁笅鏂囦腑鐨勪唬鐮佷腑浣跨敤銆傝嚜鍔ㄧ敓鎴愮殑浠ｇ爜瑕佹眰鍦ㄦ簮涓娇鐢ㄦ樉寮?"#nullable" 鎸囦护銆?[F:\ProjectCode\OrlanFackeMicro\src\FakeMicro.DatabaseAccess\FakeMicro.DatabaseAccess.csproj]
         F:\ProjectCode\OrlanFackeMicro\src\FakeMicro.DatabaseAccess\Repositories\Email\EmailRepository.cs(324,44): warning CS8669: 瀵瑰彲涓?null 鐨勫紩鐢ㄧ被鍨嬬殑鎵规敞鍙簲鍦?"#nullable" 鎵规敞涓婁笅鏂囦腑鐨勪唬鐮佷腑浣跨敤銆傝嚜鍔ㄧ敓鎴愮殑浠ｇ爜瑕佹眰鍦ㄦ簮涓娇鐢ㄦ樉寮?"#nullable" 鎸囦护銆?[F:\ProjectCode\OrlanFackeMicro\src\FakeMicro.DatabaseAccess\FakeMicro.DatabaseAccess.csproj]
         F:\ProjectCode\OrlanFackeMicro\src\FakeMicro.DatabaseAccess\Repositories\Email\EmailRepository.cs(356,32): warning CS8669: 瀵瑰彲涓?null 鐨勫紩鐢ㄧ被鍨嬬殑鎵规敞鍙簲鍦?"#nullable" 鎵规敞涓婁笅鏂囦腑鐨勪唬鐮佷腑浣跨敤銆傝嚜鍔ㄧ敓鎴愮殑浠ｇ爜瑕佹眰鍦ㄦ簮涓娇鐢ㄦ樉寮?"#nullable" 鎸囦护銆?[F:\ProjectCode\OrlanFackeMicro\src\FakeMicro.DatabaseAccess\FakeMicro.DatabaseAccess.csproj]
         F:\ProjectCode\OrlanFackeMicro\src\FakeMicro.DatabaseAccess\Repositories\FakeStudentRepository.cs(152,46): warning CS8669: 瀵瑰彲涓?null 鐨勫紩鐢ㄧ被鍨嬬殑鎵规敞鍙簲鍦?"#nullable" 鎵规敞涓婁笅鏂囦腑鐨勪唬鐮佷腑浣跨敤銆傝嚜鍔ㄧ敓鎴愮殑浠ｇ爜瑕佹眰鍦ㄦ簮涓娇鐢ㄦ樉寮?"#nullable" 鎸囦护銆?[F:\ProjectCode\OrlanFackeMicro\src\FakeMicro.DatabaseAccess\FakeMicro.DatabaseAccess.csproj]
         F:\ProjectCode\OrlanFackeMicro\src\FakeMicro.DatabaseAccess\Repositories\FakeNewsRepository.cs(218,24): warning CS8669: 瀵瑰彲涓?null 鐨勫紩鐢ㄧ被鍨嬬殑鎵规敞鍙簲鍦?"#nullable" 鎵规敞涓婁笅鏂囦腑鐨勪唬鐮佷腑浣跨敤銆傝嚜鍔ㄧ敓鎴愮殑浠ｇ爜瑕佹眰鍦ㄦ簮涓娇鐢ㄦ樉寮?"#nullable" 鎸囦护銆?[F:\ProjectCode\OrlanFackeMicro\src\FakeMicro.DatabaseAccess\FakeMicro.DatabaseAccess.csproj]
         F:\ProjectCode\OrlanFackeMicro\src\FakeMicro.DatabaseAccess\Interfaces\Email\IEmailRepository.cs(105,19): warning CS8669: 瀵瑰彲涓?null 鐨勫紩鐢ㄧ被鍨嬬殑鎵规敞鍙簲鍦?"#nullable" 鎵规敞涓婁笅鏂囦腑鐨勪唬鐮佷腑浣跨敤銆傝嚜鍔ㄧ敓鎴愮殑浠ｇ爜瑕佹眰鍦ㄦ簮涓娇鐢ㄦ樉寮?"#nullable" 鎸囦护銆?[F:\ProjectCode\OrlanFackeMicro\src\FakeMicro.DatabaseAccess\FakeMicro.DatabaseAccess.csproj]
         F:\ProjectCode\OrlanFackeMicro\src\FakeMicro.DatabaseAccess\Repositories\FakeNewsRepository.cs(234,24): warning CS8669: 瀵瑰彲涓?null 鐨勫紩鐢ㄧ被鍨嬬殑鎵规敞鍙簲鍦?"#nullable" 鎵规敞涓婁笅鏂囦腑鐨勪唬鐮佷腑浣跨敤銆傝嚜鍔ㄧ敓鎴愮殑浠ｇ爜瑕佹眰鍦ㄦ簮涓娇鐢ㄦ樉寮?"#nullable" 鎸囦护銆?[F:\ProjectCode\OrlanFackeMicro\src\FakeMicro.DatabaseAccess\FakeMicro.DatabaseAccess.csproj]
         F:\ProjectCode\OrlanFackeMicro\src\FakeMicro.DatabaseAccess\Repositories\FakeNewsRepository.cs(250,24): warning CS8669: 瀵瑰彲涓?null 鐨勫紩鐢ㄧ被鍨嬬殑鎵规敞鍙簲鍦?"#nullable" 鎵规敞涓婁笅鏂囦腑鐨勪唬鐮佷腑浣跨敤銆傝嚜鍔ㄧ敓鎴愮殑浠ｇ爜瑕佹眰鍦ㄦ簮涓娇鐢ㄦ樉寮?"#nullable" 鎸囦护銆?[F:\ProjectCode\OrlanFackeMicro\src\FakeMicro.DatabaseAccess\FakeMicro.DatabaseAccess.csproj]
         F:\ProjectCode\OrlanFackeMicro\src\FakeMicro.DatabaseAccess\Repositories\Email\EmailRepository.cs(406,32): warning CS8669: 瀵瑰彲涓?null 鐨勫紩鐢ㄧ被鍨嬬殑鎵规敞鍙簲鍦?"#nullable" 鎵规敞涓婁笅鏂囦腑鐨勪唬鐮佷腑浣跨敤銆傝嚜鍔ㄧ敓鎴愮殑浠ｇ爜瑕佹眰鍦ㄦ簮涓娇鐢ㄦ樉寮?"#nullable" 鎸囦护銆?[F:\ProjectCode\OrlanFackeMicro\src\FakeMicro.DatabaseAccess\FakeMicro.DatabaseAccess.csproj]
         F:\ProjectCode\OrlanFackeMicro\src\FakeMicro.DatabaseAccess\Repositories\FakeNewsRepository.cs(266,24): warning CS8669: 瀵瑰彲涓?null 鐨勫紩鐢ㄧ被鍨嬬殑鎵规敞鍙簲鍦?"#nullable" 鎵规敞涓婁笅鏂囦腑鐨勪唬鐮佷腑浣跨敤銆傝嚜鍔ㄧ敓鎴愮殑浠ｇ爜瑕佹眰鍦ㄦ簮涓娇鐢ㄦ樉寮?"#nullable" 鎸囦护銆?[F:\ProjectCode\OrlanFackeMicro\src\FakeMicro.DatabaseAccess\FakeMicro.DatabaseAccess.csproj]
         F:\ProjectCode\OrlanFackeMicro\src\FakeMicro.DatabaseAccess\Interfaces\Email\IEmailRepository.cs(122,19): warning CS8669: 瀵瑰彲涓?null 鐨勫紩鐢ㄧ被鍨嬬殑鎵规敞鍙簲鍦?"#nullable" 鎵规敞涓婁笅鏂囦腑鐨勪唬鐮佷腑浣跨敤銆傝嚜鍔ㄧ敓鎴愮殑浠ｇ爜瑕佹眰鍦ㄦ簮涓娇鐢ㄦ樉寮?"#nullable" 鎸囦护銆?[F:\ProjectCode\OrlanFackeMicro\src\FakeMicro.DatabaseAccess\FakeMicro.DatabaseAccess.csproj]
         F:\ProjectCode\OrlanFackeMicro\src\FakeMicro.DatabaseAccess\Repositories\FakeStudentRepository.cs(220,27): warning CS8669: 瀵瑰彲涓?null 鐨勫紩鐢ㄧ被鍨嬬殑鎵规敞鍙簲鍦?"#nullable" 鎵规敞涓婁笅鏂囦腑鐨勪唬鐮佷腑浣跨敤銆傝嚜鍔ㄧ敓鎴愮殑浠ｇ爜瑕佹眰鍦ㄦ簮涓娇鐢ㄦ樉寮?"#nullable" 鎸囦护銆?[F:\ProjectCode\OrlanFackeMicro\src\FakeMicro.DatabaseAccess\FakeMicro.DatabaseAccess.csproj]
         F:\ProjectCode\OrlanFackeMicro\src\FakeMicro.DatabaseAccess\Repositories\Email\EmailRepository.cs(456,32): warning CS8669: 瀵瑰彲涓?null 鐨勫紩鐢ㄧ被鍨嬬殑鎵规敞鍙簲鍦?"#nullable" 鎵规敞涓婁笅鏂囦腑鐨勪唬鐮佷腑浣跨敤銆傝嚜鍔ㄧ敓鎴愮殑浠ｇ爜瑕佹眰鍦ㄦ簮涓娇鐢ㄦ樉寮?"#nullable" 鎸囦护銆?[F:\ProjectCode\OrlanFackeMicro\src\FakeMicro.DatabaseAccess\FakeMicro.DatabaseAccess.csproj]
         F:\ProjectCode\OrlanFackeMicro\src\FakeMicro.DatabaseAccess\Repositories\FakeNewsRepository.cs(292,47): warning CS8669: 瀵瑰彲涓?null 鐨勫紩鐢ㄧ被鍨嬬殑鎵规敞鍙簲鍦?"#nullable" 鎵规敞涓婁笅鏂囦腑鐨勪唬鐮佷腑浣跨敤銆傝嚜鍔ㄧ敓鎴愮殑浠ｇ爜瑕佹眰鍦ㄦ簮涓娇鐢ㄦ樉寮?"#nullable" 鎸囦护銆?[F:\ProjectCode\OrlanFackeMicro\src\FakeMicro.DatabaseAccess\FakeMicro.DatabaseAccess.csproj]
         F:\ProjectCode\OrlanFackeMicro\src\FakeMicro.DatabaseAccess\Repositories\FakeStudentRepository.cs(236,27): warning CS8669: 瀵瑰彲涓?null 鐨勫紩鐢ㄧ被鍨嬬殑鎵规敞鍙簲鍦?"#nullable" 鎵规敞涓婁笅鏂囦腑鐨勪唬鐮佷腑浣跨敤銆傝嚜鍔ㄧ敓鎴愮殑浠ｇ爜瑕佹眰鍦ㄦ簮涓娇鐢ㄦ樉寮?"#nullable" 鎸囦护銆?[F:\ProjectCode\OrlanFackeMicro\src\FakeMicro.DatabaseAccess\FakeMicro.DatabaseAccess.csproj]
         F:\ProjectCode\OrlanFackeMicro\src\FakeMicro.DatabaseAccess\Repositories\FakeStudentRepository.cs(252,27): warning CS8669: 瀵瑰彲涓?null 鐨勫紩鐢ㄧ被鍨嬬殑鎵规敞鍙簲鍦?"#nullable" 鎵规敞涓婁笅鏂囦腑鐨勪唬鐮佷腑浣跨敤銆傝嚜鍔ㄧ敓鎴愮殑浠ｇ爜瑕佹眰鍦ㄦ簮涓娇鐢ㄦ樉寮?"#nullable" 鎸囦护銆?[F:\ProjectCode\OrlanFackeMicro\src\FakeMicro.DatabaseAccess\FakeMicro.DatabaseAccess.csproj]
         F:\ProjectCode\OrlanFackeMicro\src\FakeMicro.DatabaseAccess\Repositories\Email\EmailRepository.cs(506,32): warning CS8669: 瀵瑰彲涓?null 鐨勫紩鐢ㄧ被鍨嬬殑鎵规敞鍙簲鍦?"#nullable" 鎵规敞涓婁笅鏂囦腑鐨勪唬鐮佷腑浣跨敤銆傝嚜鍔ㄧ敓鎴愮殑浠ｇ爜瑕佹眰鍦ㄦ簮涓娇鐢ㄦ樉寮?"#nullable" 鎸囦护銆?[F:\ProjectCode\OrlanFackeMicro\src\FakeMicro.DatabaseAccess\FakeMicro.DatabaseAccess.csproj]
         F:\ProjectCode\OrlanFackeMicro\src\FakeMicro.DatabaseAccess\Interfaces\Email\IEmailRepository.cs(145,44): warning CS8669: 瀵瑰彲涓?null 鐨勫紩鐢ㄧ被鍨嬬殑鎵规敞鍙簲鍦?"#nullable" 鎵规敞涓婁笅鏂囦腑鐨勪唬鐮佷腑浣跨敤銆傝嚜鍔ㄧ敓鎴愮殑浠ｇ爜瑕佹眰鍦ㄦ簮涓娇鐢ㄦ樉寮?"#nullable" 鎸囦护銆?[F:\ProjectCode\OrlanFackeMicro\src\FakeMicro.DatabaseAccess\FakeMicro.DatabaseAccess.csproj]
         F:\ProjectCode\OrlanFackeMicro\src\FakeMicro.DatabaseAccess\Repositories\FakeStudentRepository.cs(268,27): warning CS8669: 瀵瑰彲涓?null 鐨勫紩鐢ㄧ被鍨嬬殑鎵规敞鍙簲鍦?"#nullable" 鎵规敞涓婁笅鏂囦腑鐨勪唬鐮佷腑浣跨敤銆傝嚜鍔ㄧ敓鎴愮殑浠ｇ爜瑕佹眰鍦ㄦ簮涓娇鐢ㄦ樉寮?"#nullable" 鎸囦护銆?[F:\ProjectCode\OrlanFackeMicro\src\FakeMicro.DatabaseAccess\FakeMicro.DatabaseAccess.csproj]
         F:\ProjectCode\OrlanFackeMicro\src\FakeMicro.DatabaseAccess\Repositories\FakeNewsRepository.cs(324,47): warning CS8669: 瀵瑰彲涓?null 鐨勫紩鐢ㄧ被鍨嬬殑鎵规敞鍙簲鍦?"#nullable" 鎵规敞涓婁笅鏂囦腑鐨勪唬鐮佷腑浣跨敤銆傝嚜鍔ㄧ敓鎴愮殑浠ｇ爜瑕佹眰鍦ㄦ簮涓娇鐢ㄦ樉寮?"#nullable" 鎸囦护銆?[F:\ProjectCode\OrlanFackeMicro\src\FakeMicro.DatabaseAccess\FakeMicro.DatabaseAccess.csproj]
         F:\ProjectCode\OrlanFackeMicro\src\FakeMicro.DatabaseAccess\Repositories\FakeNewsRepository.cs(356,35): warning CS8669: 瀵瑰彲涓?null 鐨勫紩鐢ㄧ被鍨嬬殑鎵规敞鍙簲鍦?"#nullable" 鎵规敞涓婁笅鏂囦腑鐨勪唬鐮佷腑浣跨敤銆傝嚜鍔ㄧ敓鎴愮殑浠ｇ爜瑕佹眰鍦ㄦ簮涓娇鐢ㄦ樉寮?"#nullable" 鎸囦护銆?[F:\ProjectCode\OrlanFackeMicro\src\FakeMicro.DatabaseAccess\FakeMicro.DatabaseAccess.csproj]
         F:\ProjectCode\OrlanFackeMicro\src\FakeMicro.DatabaseAccess\Repositories\FakeStudentRepository.cs(294,50): warning CS8669: 瀵瑰彲涓?null 鐨勫紩鐢ㄧ被鍨嬬殑鎵规敞鍙簲鍦?"#nullable" 鎵规敞涓婁笅鏂囦腑鐨勪唬鐮佷腑浣跨敤銆傝嚜鍔ㄧ敓鎴愮殑浠ｇ爜瑕佹眰鍦ㄦ簮涓娇鐢ㄦ樉寮?"#nullable" 鎸囦护銆?[F:\ProjectCode\OrlanFackeMicro\src\FakeMicro.DatabaseAccess\FakeMicro.DatabaseAccess.csproj]
         F:\ProjectCode\OrlanFackeMicro\src\FakeMicro.DatabaseAccess\Interfaces\Email\IEmailRepository.cs(158,44): warning CS8669: 瀵瑰彲涓?null 鐨勫紩鐢ㄧ被鍨嬬殑鎵规敞鍙簲鍦?"#nullable" 鎵规敞涓婁笅鏂囦腑鐨勪唬鐮佷腑浣跨敤銆傝嚜鍔ㄧ敓鎴愮殑浠ｇ爜瑕佹眰鍦ㄦ簮涓娇鐢ㄦ樉寮?"#nullable" 鎸囦护銆?[F:\ProjectCode\OrlanFackeMicro\src\FakeMicro.DatabaseAccess\FakeMicro.DatabaseAccess.csproj]
         F:\ProjectCode\OrlanFackeMicro\src\FakeMicro.DatabaseAccess\Repositories\MongoFakeNewsRepository.cs(50,47): warning CS8669: 瀵瑰彲涓?null 鐨勫紩鐢ㄧ被鍨嬬殑鎵规敞鍙簲鍦?"#nullable" 鎵规敞涓婁笅鏂囦腑鐨勪唬鐮佷腑浣跨敤銆傝嚜鍔ㄧ敓鎴愮殑浠ｇ爜瑕佹眰鍦ㄦ簮涓娇鐢ㄦ樉寮?"#nullable" 鎸囦护銆?[F:\ProjectCode\OrlanFackeMicro\src\FakeMicro.DatabaseAccess\FakeMicro.DatabaseAccess.csproj]
         F:\ProjectCode\OrlanFackeMicro\src\FakeMicro.DatabaseAccess\Interfaces\Email\IEmailRepository.cs(144,38): warning CS0109: 鎴愬憳鈥淚EmailRepository.GetPagedAsync(int, int, Expression<Func<Email, object>>?, CancellationToken)鈥濅笉浼氶殣钘忓彲璁块棶鎴愬憳銆備笉闇€瑕佸叧閿瓧 new銆?[F:\ProjectCode\OrlanFackeMicro\src\FakeMicro.DatabaseAccess\FakeMicro.DatabaseAccess.csproj]
         F:\ProjectCode\OrlanFackeMicro\src\FakeMicro.DatabaseAccess\Interfaces\Email\IEmailRepository.cs(156,38): warning CS0109: 鎴愬憳鈥淚EmailRepository.GetPagedByConditionAsync(Expression<Func<Email, bool>>, int, int, Expression<Func<Email, object>>?, CancellationToken)鈥濅笉浼氶殣钘忓彲璁块棶鎴愬憳銆備笉闇€瑕佸叧閿瓧 new銆?[F:\ProjectCode\OrlanFackeMicro\src\FakeMicro.DatabaseAccess\FakeMicro.DatabaseAccess.csproj]
         F:\ProjectCode\OrlanFackeMicro\src\FakeMicro.DatabaseAccess\Repositories\FakeNewsRepository.cs(406,35): warning CS8669: 瀵瑰彲涓?null 鐨勫紩鐢ㄧ被鍨嬬殑鎵规敞鍙簲鍦?"#nullable" 鎵规敞涓婁笅鏂囦腑鐨勪唬鐮佷腑浣跨敤銆傝嚜鍔ㄧ敓鎴愮殑浠ｇ爜瑕佹眰鍦ㄦ簮涓娇鐢ㄦ樉寮?"#nullable" 鎸囦护銆?[F:\ProjectCode\OrlanFackeMicro\src\FakeMicro.DatabaseAccess\FakeMicro.DatabaseAccess.csproj]
         F:\ProjectCode\OrlanFackeMicro\src\FakeMicro.DatabaseAccess\Repositories\MongoFakeNewsRepository.cs(70,43): warning CS8669: 瀵瑰彲涓?null 鐨勫紩鐢ㄧ被鍨嬬殑鎵规敞鍙簲鍦?"#nullable" 鎵规敞涓婁笅鏂囦腑鐨勪唬鐮佷腑浣跨敤銆傝嚜鍔ㄧ敓鎴愮殑浠ｇ爜瑕佹眰鍦ㄦ簮涓娇鐢ㄦ樉寮?"#nullable" 鎸囦护銆?[F:\ProjectCode\OrlanFackeMicro\src\FakeMicro.DatabaseAccess\FakeMicro.DatabaseAccess.csproj]
         F:\ProjectCode\OrlanFackeMicro\src\FakeMicro.DatabaseAccess\Repositories\FakeStudentRepository.cs(326,50): warning CS8669: 瀵瑰彲涓?null 鐨勫紩鐢ㄧ被鍨嬬殑鎵规敞鍙簲鍦?"#nullable" 鎵规敞涓婁笅鏂囦腑鐨勪唬鐮佷腑浣跨敤銆傝嚜鍔ㄧ敓鎴愮殑浠ｇ爜瑕佹眰鍦ㄦ簮涓娇鐢ㄦ樉寮?"#nullable" 鎸囦护銆?[F:\ProjectCode\OrlanFackeMicro\src\FakeMicro.DatabaseAccess\FakeMicro.DatabaseAccess.csproj]
         F:\ProjectCode\OrlanFackeMicro\src\FakeMicro.DatabaseAccess\Repositories\FakeNewsRepository.cs(456,35): warning CS8669: 瀵瑰彲涓?null 鐨勫紩鐢ㄧ被鍨嬬殑鎵规敞鍙簲鍦?"#nullable" 鎵规敞涓婁笅鏂囦腑鐨勪唬鐮佷腑浣跨敤銆傝嚜鍔ㄧ敓鎴愮殑浠ｇ爜瑕佹眰鍦ㄦ簮涓娇鐢ㄦ樉寮?"#nullable" 鎸囦护銆?[F:\ProjectCode\OrlanFackeMicro\src\FakeMicro.DatabaseAccess\FakeMicro.DatabaseAccess.csproj]
         F:\ProjectCode\OrlanFackeMicro\src\FakeMicro.DatabaseAccess\Repositories\MongoFakeNewsRepository.cs(94,43): warning CS8669: 瀵瑰彲涓?null 鐨勫紩鐢ㄧ被鍨嬬殑鎵规敞鍙簲鍦?"#nullable" 鎵规敞涓婁笅鏂囦腑鐨勪唬鐮佷腑浣跨敤銆傝嚜鍔ㄧ敓鎴愮殑浠ｇ爜瑕佹眰鍦ㄦ簮涓娇鐢ㄦ樉寮?"#nullable" 鎸囦护銆?[F:\ProjectCode\OrlanFackeMicro\src\FakeMicro.DatabaseAccess\FakeMicro.DatabaseAccess.csproj]
         F:\ProjectCode\OrlanFackeMicro\src\FakeMicro.DatabaseAccess\Repositories\FakeStudentRepository.cs(358,38): warning CS8669: 瀵瑰彲涓?null 鐨勫紩鐢ㄧ被鍨嬬殑鎵规敞鍙簲鍦?"#nullable" 鎵规敞涓婁笅鏂囦腑鐨勪唬鐮佷腑浣跨敤銆傝嚜鍔ㄧ敓鎴愮殑浠ｇ爜瑕佹眰鍦ㄦ簮涓娇鐢ㄦ樉寮?"#nullable" 鎸囦护銆?[F:\ProjectCode\OrlanFackeMicro\src\FakeMicro.DatabaseAccess\FakeMicro.DatabaseAccess.csproj]
         F:\ProjectCode\OrlanFackeMicro\src\FakeMicro.DatabaseAccess\Repositories\FakeNewsRepository.cs(506,35): warning CS8669: 瀵瑰彲涓?null 鐨勫紩鐢ㄧ被鍨嬬殑鎵规敞鍙簲鍦?"#nullable" 鎵规敞涓婁笅鏂囦腑鐨勪唬鐮佷腑浣跨敤銆傝嚜鍔ㄧ敓鎴愮殑浠ｇ爜瑕佹眰鍦ㄦ簮涓娇鐢ㄦ樉寮?"#nullable" 鎸囦护銆?[F:\ProjectCode\OrlanFackeMicro\src\FakeMicro.DatabaseAccess\FakeMicro.DatabaseAccess.csproj]
         F:\ProjectCode\OrlanFackeMicro\src\FakeMicro.DatabaseAccess\Repositories\FakeStudentRepository.cs(408,38): warning CS8669: 瀵瑰彲涓?null 鐨勫紩鐢ㄧ被鍨嬬殑鎵规敞鍙簲鍦?"#nullable" 鎵规敞涓婁笅鏂囦腑鐨勪唬鐮佷腑浣跨敤銆傝嚜鍔ㄧ敓鎴愮殑浠ｇ爜瑕佹眰鍦ㄦ簮涓娇鐢ㄦ樉寮?"#nullable" 鎸囦护銆?[F:\ProjectCode\OrlanFackeMicro\src\FakeMicro.DatabaseAccess\FakeMicro.DatabaseAccess.csproj]
         F:\ProjectCode\OrlanFackeMicro\src\FakeMicro.DatabaseAccess\Repositories\MongoFakeNewsRepository.cs(163,35): warning CS8669: 瀵瑰彲涓?null 鐨勫紩鐢ㄧ被鍨嬬殑鎵规敞鍙簲鍦?"#nullable" 鎵规敞涓婁笅鏂囦腑鐨勪唬鐮佷腑浣跨敤銆傝嚜鍔ㄧ敓鎴愮殑浠ｇ爜瑕佹眰鍦ㄦ簮涓娇鐢ㄦ樉寮?"#nullable" 鎸囦护銆?[F:\ProjectCode\OrlanFackeMicro\src\FakeMicro.DatabaseAccess\FakeMicro.DatabaseAccess.csproj]
         F:\ProjectCode\OrlanFackeMicro\src\FakeMicro.DatabaseAccess\Repositories\FakeStudentRepository.cs(458,38): warning CS8669: 瀵瑰彲涓?null 鐨勫紩鐢ㄧ被鍨嬬殑鎵规敞鍙簲鍦?"#nullable" 鎵规敞涓婁笅鏂囦腑鐨勪唬鐮佷腑浣跨敤銆傝嚜鍔ㄧ敓鎴愮殑浠ｇ爜瑕佹眰鍦ㄦ簮涓娇鐢ㄦ樉寮?"#nullable" 鎸囦护銆?[F:\ProjectCode\OrlanFackeMicro\src\FakeMicro.DatabaseAccess\FakeMicro.DatabaseAccess.csproj]
         F:\ProjectCode\OrlanFackeMicro\src\FakeMicro.DatabaseAccess\Repositories\MongoFakeNewsRepository.cs(211,35): warning CS8669: 瀵瑰彲涓?null 鐨勫紩鐢ㄧ被鍨嬬殑鎵规敞鍙簲鍦?"#nullable" 鎵规敞涓婁笅鏂囦腑鐨勪唬鐮佷腑浣跨敤銆傝嚜鍔ㄧ敓鎴愮殑浠ｇ爜瑕佹眰鍦ㄦ簮涓娇鐢ㄦ樉寮?"#nullable" 鎸囦护銆?[F:\ProjectCode\OrlanFackeMicro\src\FakeMicro.DatabaseAccess\FakeMicro.DatabaseAccess.csproj]
         F:\ProjectCode\OrlanFackeMicro\src\FakeMicro.DatabaseAccess\Repositories\FakeStudentRepository.cs(508,38): warning CS8669: 瀵瑰彲涓?null 鐨勫紩鐢ㄧ被鍨嬬殑鎵规敞鍙簲鍦?"#nullable" 鎵规敞涓婁笅鏂囦腑鐨勪唬鐮佷腑浣跨敤銆傝嚜鍔ㄧ敓鎴愮殑浠ｇ爜瑕佹眰鍦ㄦ簮涓娇鐢ㄦ樉寮?"#nullable" 鎸囦护銆?[F:\ProjectCode\OrlanFackeMicro\src\FakeMicro.DatabaseAccess\FakeMicro.DatabaseAccess.csproj]
         F:\ProjectCode\OrlanFackeMicro\src\FakeMicro.DatabaseAccess\Repositories\MongoFakeNewsRepository.cs(259,35): warning CS8669: 瀵瑰彲涓?null 鐨勫紩鐢ㄧ被鍨嬬殑鎵规敞鍙簲鍦?"#nullable" 鎵规敞涓婁笅鏂囦腑鐨勪唬鐮佷腑浣跨敤銆傝嚜鍔ㄧ敓鎴愮殑浠ｇ爜瑕佹眰鍦ㄦ簮涓娇鐢ㄦ樉寮?"#nullable" 鎸囦护銆?[F:\ProjectCode\OrlanFackeMicro\src\FakeMicro.DatabaseAccess\FakeMicro.DatabaseAccess.csproj]
         F:\ProjectCode\OrlanFackeMicro\src\FakeMicro.DatabaseAccess\Interfaces\IFakeNewsRepository.cs(32,26): warning CS8669: 瀵瑰彲涓?null 鐨勫紩鐢ㄧ被鍨嬬殑鎵规敞鍙簲鍦?"#nullable" 鎵规敞涓婁笅鏂囦腑鐨勪唬鐮佷腑浣跨敤銆傝嚜鍔ㄧ敓鎴愮殑浠ｇ爜瑕佹眰鍦ㄦ簮涓娇鐢ㄦ樉寮?"#nullable" 鎸囦护銆?[F:\ProjectCode\OrlanFackeMicro\src\FakeMicro.DatabaseAccess\FakeMicro.DatabaseAccess.csproj]
         F:\ProjectCode\OrlanFackeMicro\src\FakeMicro.DatabaseAccess\Interfaces\IFakeStudentRepository.cs(34,29): warning CS8669: 瀵瑰彲涓?null 鐨勫紩鐢ㄧ被鍨嬬殑鎵规敞鍙簲鍦?"#nullable" 鎵规敞涓婁笅鏂囦腑鐨勪唬鐮佷腑浣跨敤銆傝嚜鍔ㄧ敓鎴愮殑浠ｇ爜瑕佹眰鍦ㄦ簮涓娇鐢ㄦ樉寮?"#nullable" 鎸囦护銆?[F:\ProjectCode\OrlanFackeMicro\src\FakeMicro.DatabaseAccess\FakeMicro.DatabaseAccess.csproj]
         F:\ProjectCode\OrlanFackeMicro\src\FakeMicro.DatabaseAccess\Repositories\MongoFakeNewsRepository.cs(307,35): warning CS8669: 瀵瑰彲涓?null 鐨勫紩鐢ㄧ被鍨嬬殑鎵规敞鍙簲鍦?"#nullable" 鎵规敞涓婁笅鏂囦腑鐨勪唬鐮佷腑浣跨敤銆傝嚜鍔ㄧ敓鎴愮殑浠ｇ爜瑕佹眰鍦ㄦ簮涓娇鐢ㄦ樉寮?"#nullable" 鎸囦护銆?[F:\ProjectCode\OrlanFackeMicro\src\FakeMicro.DatabaseAccess\FakeMicro.DatabaseAccess.csproj]
         F:\ProjectCode\OrlanFackeMicro\src\FakeMicro.DatabaseAccess\Interfaces\IFakeStudentRepository.cs(42,25): warning CS8669: 瀵瑰彲涓?null 鐨勫紩鐢ㄧ被鍨嬬殑鎵规敞鍙簲鍦?"#nullable" 鎵规敞涓婁笅鏂囦腑鐨勪唬鐮佷腑浣跨敤銆傝嚜鍔ㄧ敓鎴愮殑浠ｇ爜瑕佹眰鍦ㄦ簮涓娇鐢ㄦ樉寮?"#nullable" 鎸囦护銆?[F:\ProjectCode\OrlanFackeMicro\src\FakeMicro.DatabaseAccess\FakeMicro.DatabaseAccess.csproj]
         F:\ProjectCode\OrlanFackeMicro\src\FakeMicro.DatabaseAccess\Interfaces\IFakeNewsRepository.cs(40,22): warning CS8669: 瀵瑰彲涓?null 鐨勫紩鐢ㄧ被鍨嬬殑鎵规敞鍙簲鍦?"#nullable" 鎵规敞涓婁笅鏂囦腑鐨勪唬鐮佷腑浣跨敤銆傝嚜鍔ㄧ敓鎴愮殑浠ｇ爜瑕佹眰鍦ㄦ簮涓娇鐢ㄦ樉寮?"#nullable" 鎸囦护銆?[F:\ProjectCode\OrlanFackeMicro\src\FakeMicro.DatabaseAccess\FakeMicro.DatabaseAccess.csproj]
         F:\ProjectCode\OrlanFackeMicro\src\FakeMicro.DatabaseAccess\Interfaces\IFakeStudentRepository.cs(50,25): warning CS8669: 瀵瑰彲涓?null 鐨勫紩鐢ㄧ被鍨嬬殑鎵规敞鍙簲鍦?"#nullable" 鎵规敞涓婁笅鏂囦腑鐨勪唬鐮佷腑浣跨敤銆傝嚜鍔ㄧ敓鎴愮殑浠ｇ爜瑕佹眰鍦ㄦ簮涓娇鐢ㄦ樉寮?"#nullable" 鎸囦护銆?[F:\ProjectCode\OrlanFackeMicro\src\FakeMicro.DatabaseAccess\FakeMicro.DatabaseAccess.csproj]
         F:\ProjectCode\OrlanFackeMicro\src\FakeMicro.DatabaseAccess\Repositories\MongoFakeNewsRepository.cs(362,47): warning CS8669: 瀵瑰彲涓?null 鐨勫紩鐢ㄧ被鍨嬬殑鎵规敞鍙簲鍦?"#nullable" 鎵规敞涓婁笅鏂囦腑鐨勪唬鐮佷腑浣跨敤銆傝嚜鍔ㄧ敓鎴愮殑浠ｇ爜瑕佹眰鍦ㄦ簮涓娇鐢ㄦ樉寮?"#nullable" 鎸囦护銆?[F:\ProjectCode\OrlanFackeMicro\src\FakeMicro.DatabaseAccess\FakeMicro.DatabaseAccess.csproj]
         F:\ProjectCode\OrlanFackeMicro\src\FakeMicro.DatabaseAccess\Interfaces\IFakeNewsRepository.cs(48,22): warning CS8669: 瀵瑰彲涓?null 鐨勫紩鐢ㄧ被鍨嬬殑鎵规敞鍙簲鍦?"#nullable" 鎵规敞涓婁笅鏂囦腑鐨勪唬鐮佷腑浣跨敤銆傝嚜鍔ㄧ敓鎴愮殑浠ｇ爜瑕佹眰鍦ㄦ簮涓娇鐢ㄦ樉寮?"#nullable" 鎸囦护銆?[F:\ProjectCode\OrlanFackeMicro\src\FakeMicro.DatabaseAccess\FakeMicro.DatabaseAccess.csproj]
         F:\ProjectCode\OrlanFackeMicro\src\FakeMicro.DatabaseAccess\Repositories\MongoFakeNewsRepository.cs(394,47): warning CS8669: 瀵瑰彲涓?null 鐨勫紩鐢ㄧ被鍨嬬殑鎵规敞鍙簲鍦?"#nullable" 鎵规敞涓婁笅鏂囦腑鐨勪唬鐮佷腑浣跨敤銆傝嚜鍔ㄧ敓鎴愮殑浠ｇ爜瑕佹眰鍦ㄦ簮涓娇鐢ㄦ樉寮?"#nullable" 鎸囦护銆?[F:\ProjectCode\OrlanFackeMicro\src\FakeMicro.DatabaseAccess\FakeMicro.DatabaseAccess.csproj]
         F:\ProjectCode\OrlanFackeMicro\src\FakeMicro.DatabaseAccess\Interfaces\IFakeStudentRepository.cs(73,25): warning CS8669: 瀵瑰彲涓?null 鐨勫紩鐢ㄧ被鍨嬬殑鎵规敞鍙簲鍦?"#nullable" 鎵规敞涓婁笅鏂囦腑鐨勪唬鐮佷腑浣跨敤銆傝嚜鍔ㄧ敓鎴愮殑浠ｇ爜瑕佹眰鍦ㄦ簮涓娇鐢ㄦ樉寮?"#nullable" 鎸囦护銆?[F:\ProjectCode\OrlanFackeMicro\src\FakeMicro.DatabaseAccess\FakeMicro.DatabaseAccess.csproj]
         F:\ProjectCode\OrlanFackeMicro\src\FakeMicro.DatabaseAccess\Interfaces\IFakeStudentRepository.cs(90,25): warning CS8669: 瀵瑰彲涓?null 鐨勫紩鐢ㄧ被鍨嬬殑鎵规敞鍙簲鍦?"#nullable" 鎵规敞涓婁笅鏂囦腑鐨勪唬鐮佷腑浣跨敤銆傝嚜鍔ㄧ敓鎴愮殑浠ｇ爜瑕佹眰鍦ㄦ簮涓娇鐢ㄦ樉寮?"#nullable" 鎸囦护銆?[F:\ProjectCode\OrlanFackeMicro\src\FakeMicro.DatabaseAccess\FakeMicro.DatabaseAccess.csproj]
         F:\ProjectCode\OrlanFackeMicro\src\FakeMicro.DatabaseAccess\Interfaces\IFakeNewsRepository.cs(71,22): warning CS8669: 瀵瑰彲涓?null 鐨勫紩鐢ㄧ被鍨嬬殑鎵规敞鍙簲鍦?"#nullable" 鎵规敞涓婁笅鏂囦腑鐨勪唬鐮佷腑浣跨敤銆傝嚜鍔ㄧ敓鎴愮殑浠ｇ爜瑕佹眰鍦ㄦ簮涓娇鐢ㄦ樉寮?"#nullable" 鎸囦护銆?[F:\ProjectCode\OrlanFackeMicro\src\FakeMicro.DatabaseAccess\FakeMicro.DatabaseAccess.csproj]
         F:\ProjectCode\OrlanFackeMicro\src\FakeMicro.DatabaseAccess\Interfaces\IFakeStudentRepository.cs(107,25): warning CS8669: 瀵瑰彲涓?null 鐨勫紩鐢ㄧ被鍨嬬殑鎵规敞鍙簲鍦?"#nullable" 鎵规敞涓婁笅鏂囦腑鐨勪唬鐮佷腑浣跨敤銆傝嚜鍔ㄧ敓鎴愮殑浠ｇ爜瑕佹眰鍦ㄦ簮涓娇鐢ㄦ樉寮?"#nullable" 鎸囦护銆?[F:\ProjectCode\OrlanFackeMicro\src\FakeMicro.DatabaseAccess\FakeMicro.DatabaseAccess.csproj]
         F:\ProjectCode\OrlanFackeMicro\src\FakeMicro.DatabaseAccess\Interfaces\IFakeNewsRepository.cs(88,22): warning CS8669: 瀵瑰彲涓?null 鐨勫紩鐢ㄧ被鍨嬬殑鎵规敞鍙簲鍦?"#nullable" 鎵规敞涓婁笅鏂囦腑鐨勪唬鐮佷腑浣跨敤銆傝嚜鍔ㄧ敓鎴愮殑浠ｇ爜瑕佹眰鍦ㄦ簮涓娇鐢ㄦ樉寮?"#nullable" 鎸囦护銆?[F:\ProjectCode\OrlanFackeMicro\src\FakeMicro.DatabaseAccess\FakeMicro.DatabaseAccess.csproj]
         F:\ProjectCode\OrlanFackeMicro\src\FakeMicro.DatabaseAccess\Interfaces\IFakeStudentRepository.cs(124,25): warning CS8669: 瀵瑰彲涓?null 鐨勫紩鐢ㄧ被鍨嬬殑鎵规敞鍙簲鍦?"#nullable" 鎵规敞涓婁笅鏂囦腑鐨勪唬鐮佷腑浣跨敤銆傝嚜鍔ㄧ敓鎴愮殑浠ｇ爜瑕佹眰鍦ㄦ簮涓娇鐢ㄦ樉寮?"#nullable" 鎸囦护銆?[F:\ProjectCode\OrlanFackeMicro\src\FakeMicro.DatabaseAccess\FakeMicro.DatabaseAccess.csproj]
         F:\ProjectCode\OrlanFackeMicro\src\FakeMicro.DatabaseAccess\Interfaces\IFakeNewsRepository.cs(105,22): warning CS8669: 瀵瑰彲涓?null 鐨勫紩鐢ㄧ被鍨嬬殑鎵规敞鍙簲鍦?"#nullable" 鎵规敞涓婁笅鏂囦腑鐨勪唬鐮佷腑浣跨敤銆傝嚜鍔ㄧ敓鎴愮殑浠ｇ爜瑕佹眰鍦ㄦ簮涓娇鐢ㄦ樉寮?"#nullable" 鎸囦护銆?[F:\ProjectCode\OrlanFackeMicro\src\FakeMicro.DatabaseAccess\FakeMicro.DatabaseAccess.csproj]
         F:\ProjectCode\OrlanFackeMicro\src\FakeMicro.DatabaseAccess\Interfaces\IFakeStudentRepository.cs(147,50): warning CS8669: 瀵瑰彲涓?null 鐨勫紩鐢ㄧ被鍨嬬殑鎵规敞鍙簲鍦?"#nullable" 鎵规敞涓婁笅鏂囦腑鐨勪唬鐮佷腑浣跨敤銆傝嚜鍔ㄧ敓鎴愮殑浠ｇ爜瑕佹眰鍦ㄦ簮涓娇鐢ㄦ樉寮?"#nullable" 鎸囦护銆?[F:\ProjectCode\OrlanFackeMicro\src\FakeMicro.DatabaseAccess\FakeMicro.DatabaseAccess.csproj]
         F:\ProjectCode\OrlanFackeMicro\src\FakeMicro.DatabaseAccess\Interfaces\IFakeNewsRepository.cs(122,22): warning CS8669: 瀵瑰彲涓?null 鐨勫紩鐢ㄧ被鍨嬬殑鎵规敞鍙簲鍦?"#nullable" 鎵规敞涓婁笅鏂囦腑鐨勪唬鐮佷腑浣跨敤銆傝嚜鍔ㄧ敓鎴愮殑浠ｇ爜瑕佹眰鍦ㄦ簮涓娇鐢ㄦ樉寮?"#nullable" 鎸囦护銆?[F:\ProjectCode\OrlanFackeMicro\src\FakeMicro.DatabaseAccess\FakeMicro.DatabaseAccess.csproj]
         F:\ProjectCode\OrlanFackeMicro\src\FakeMicro.DatabaseAccess\Interfaces\IFakeStudentRepository.cs(160,50): warning CS8669: 瀵瑰彲涓?null 鐨勫紩鐢ㄧ被鍨嬬殑鎵规敞鍙簲鍦?"#nullable" 鎵规敞涓婁笅鏂囦腑鐨勪唬鐮佷腑浣跨敤銆傝嚜鍔ㄧ敓鎴愮殑浠ｇ爜瑕佹眰鍦ㄦ簮涓娇鐢ㄦ樉寮?"#nullable" 鎸囦护銆?[F:\ProjectCode\OrlanFackeMicro\src\FakeMicro.DatabaseAccess\FakeMicro.DatabaseAccess.csproj]
         F:\ProjectCode\OrlanFackeMicro\src\FakeMicro.DatabaseAccess\Interfaces\IFakeNewsRepository.cs(145,47): warning CS8669: 瀵瑰彲涓?null 鐨勫紩鐢ㄧ被鍨嬬殑鎵规敞鍙簲鍦?"#nullable" 鎵规敞涓婁笅鏂囦腑鐨勪唬鐮佷腑浣跨敤銆傝嚜鍔ㄧ敓鎴愮殑浠ｇ爜瑕佹眰鍦ㄦ簮涓娇鐢ㄦ樉寮?"#nullable" 鎸囦护銆?[F:\ProjectCode\OrlanFackeMicro\src\FakeMicro.DatabaseAccess\FakeMicro.DatabaseAccess.csproj]
         F:\ProjectCode\OrlanFackeMicro\src\FakeMicro.DatabaseAccess\Interfaces\IFakeNewsRepository.cs(158,47): warning CS8669: 瀵瑰彲涓?null 鐨勫紩鐢ㄧ被鍨嬬殑鎵规敞鍙簲鍦?"#nullable" 鎵规敞涓婁笅鏂囦腑鐨勪唬鐮佷腑浣跨敤銆傝嚜鍔ㄧ敓鎴愮殑浠ｇ爜瑕佹眰鍦ㄦ簮涓娇鐢ㄦ樉寮?"#nullable" 鎸囦护銆?[F:\ProjectCode\OrlanFackeMicro\src\FakeMicro.DatabaseAccess\FakeMicro.DatabaseAccess.csproj]
         F:\ProjectCode\OrlanFackeMicro\src\FakeMicro.DatabaseAccess\Interfaces\IFakeNewsRepository.cs(144,41): warning CS0109: 鎴愬憳鈥淚FakeNewsRepository.GetPagedAsync(int, int, Expression<Func<FakeNews, object>>?, CancellationToken)鈥濅笉浼氶殣钘忓彲璁块棶鎴愬憳銆備笉闇€瑕佸叧閿瓧 new銆?[F:\ProjectCode\OrlanFackeMicro\src\FakeMicro.DatabaseAccess\FakeMicro.DatabaseAccess.csproj]
         F:\ProjectCode\OrlanFackeMicro\src\FakeMicro.DatabaseAccess\Interfaces\IFakeNewsRepository.cs(156,41): warning CS0109: 鎴愬憳鈥淚FakeNewsRepository.GetPagedByConditionAsync(Expression<Func<FakeNews, bool>>, int, int, Expression<Func<FakeNews, object>>?, CancellationToken)鈥濅笉浼氶殣钘忓彲璁块棶鎴愬憳銆備笉闇€瑕佸叧閿瓧 new銆?[F:\ProjectCode\OrlanFackeMicro\src\FakeMicro.DatabaseAccess\FakeMicro.DatabaseAccess.csproj]
         F:\ProjectCode\OrlanFackeMicro\src\FakeMicro.DatabaseAccess\MongoDBConfig.cs(29,23): warning CS8618: 鍦ㄩ€€鍑烘瀯閫犲嚱鏁版椂锛屼笉鍙负 null 鐨?灞炴€?"ConnectionString" 蹇呴』鍖呭惈闈?null 鍊笺€傝鑰冭檻娣诲姞 "required" 淇グ绗︽垨灏嗚 灞炴€?澹版槑涓哄彲涓?null銆?[F:\ProjectCode\OrlanFackeMicro\src\FakeMicro.DatabaseAccess\FakeMicro.DatabaseAccess.csproj]
         F:\ProjectCode\OrlanFackeMicro\src\FakeMicro.DatabaseAccess\MongoDBConfig.cs(89,20): warning CS8603: 鍙兘杩斿洖 null 寮曠敤銆?[F:\ProjectCode\OrlanFackeMicro\src\FakeMicro.DatabaseAccess\FakeMicro.DatabaseAccess.csproj]
         F:\ProjectCode\OrlanFackeMicro\src\FakeMicro.DatabaseAccess\MongoDBConfig.cs(99,42): warning CS8600: 灏?null 鏂囨湰鎴栧彲鑳界殑 null 鍊艰浆鎹负涓嶅彲涓?null 绫诲瀷銆?[F:\ProjectCode\OrlanFackeMicro\src\FakeMicro.DatabaseAccess\FakeMicro.DatabaseAccess.csproj]
         F:\ProjectCode\OrlanFackeMicro\src\FakeMicro.DatabaseAccess\MongoDBConfig.cs(99,20): warning CS8603: 鍙兘杩斿洖 null 寮曠敤銆?[F:\ProjectCode\OrlanFackeMicro\src\FakeMicro.DatabaseAccess\FakeMicro.DatabaseAccess.csproj]
         F:\ProjectCode\OrlanFackeMicro\src\FakeMicro.DatabaseAccess\PostgreSqlConnectionManager.cs(198,13): warning CS0618: 鈥淣pgsqlConnectionStringBuilder.InternalCommandTimeout鈥濆凡杩囨椂:鈥淭he InternalCommandTimeout parameter is no longer needed and does nothing.鈥?[F:\ProjectCode\OrlanFackeMicro\src\FakeMicro.DatabaseAccess\FakeMicro.DatabaseAccess.csproj]
         F:\ProjectCode\OrlanFackeMicro\src\FakeMicro.DatabaseAccess\Repositories\AuditLogRepository.cs(21,67): warning CS8629: 鍙负 null 鐨勫€肩被鍨嬪彲涓?null銆?[F:\ProjectCode\OrlanFackeMicro\src\FakeMicro.DatabaseAccess\FakeMicro.DatabaseAccess.csproj]
         F:\ProjectCode\OrlanFackeMicro\src\FakeMicro.DatabaseAccess\Repositories\AuditLogRepository.cs(22,65): warning CS8629: 鍙负 null 鐨勫€肩被鍨嬪彲涓?null銆?[F:\ProjectCode\OrlanFackeMicro\src\FakeMicro.DatabaseAccess\FakeMicro.DatabaseAccess.csproj]
         F:\ProjectCode\OrlanFackeMicro\src\FakeMicro.DatabaseAccess\Repositories\AuditLogRepository.cs(23,61): warning CS8629: 鍙负 null 鐨勫€肩被鍨嬪彲涓?null銆?[F:\ProjectCode\OrlanFackeMicro\src\FakeMicro.DatabaseAccess\FakeMicro.DatabaseAccess.csproj]
         F:\ProjectCode\OrlanFackeMicro\src\FakeMicro.DatabaseAccess\DatabaseConnectionManager.cs(161,21): warning CS0618: 鈥淣pgsqlConnectionStringBuilder.TrustServerCertificate鈥濆凡杩囨椂:鈥淭he TrustServerCertificate parameter is no longer needed and does nothing.鈥?[F:\ProjectCode\OrlanFackeMicro\src\FakeMicro.DatabaseAccess\FakeMicro.DatabaseAccess.csproj]
         F:\ProjectCode\OrlanFackeMicro\src\FakeMicro.DatabaseAccess\Repositories\AuditLogRepository.cs(32,67): warning CS8629: 鍙负 null 鐨勫€肩被鍨嬪彲涓?null銆?[F:\ProjectCode\OrlanFackeMicro\src\FakeMicro.DatabaseAccess\FakeMicro.DatabaseAccess.csproj]
         F:\ProjectCode\OrlanFackeMicro\src\FakeMicro.DatabaseAccess\Repositories\AuditLogRepository.cs(33,65): warning CS8629: 鍙负 null 鐨勫€肩被鍨嬪彲涓?null銆?[F:\ProjectCode\OrlanFackeMicro\src\FakeMicro.DatabaseAccess\FakeMicro.DatabaseAccess.csproj]
         F:\ProjectCode\OrlanFackeMicro\src\FakeMicro.DatabaseAccess\SqlSugarConfig.cs(140,23): warning CS8618: 鍦ㄩ€€鍑烘瀯閫犲嚱鏁版椂锛屼笉鍙负 null 鐨?灞炴€?"ConnectionString" 蹇呴』鍖呭惈闈?null 鍊笺€傝鑰冭檻娣诲姞 "required" 淇グ绗︽垨灏嗚 灞炴€?澹版槑涓哄彲涓?null銆?[F:\ProjectCode\OrlanFackeMicro\src\FakeMicro.DatabaseAccess\FakeMicro.DatabaseAccess.csproj]
         F:\ProjectCode\OrlanFackeMicro\src\FakeMicro.DatabaseAccess\MongoRepository.cs(405,23): warning CS8600: 灏?null 鏂囨湰鎴栧彲鑳界殑 null 鍊艰浆鎹负涓嶅彲涓?null 绫诲瀷銆?[F:\ProjectCode\OrlanFackeMicro\src\FakeMicro.DatabaseAccess\FakeMicro.DatabaseAccess.csproj]
         F:\ProjectCode\OrlanFackeMicro\src\FakeMicro.DatabaseAccess\MongoRepository.cs(406,72): warning CS8602: 瑙ｅ紩鐢ㄥ彲鑳藉嚭鐜扮┖寮曠敤銆?[F:\ProjectCode\OrlanFackeMicro\src\FakeMicro.DatabaseAccess\FakeMicro.DatabaseAccess.csproj]
         F:\ProjectCode\OrlanFackeMicro\src\FakeMicro.DatabaseAccess\MongoRepository.cs(445,72): warning CS8602: 瑙ｅ紩鐢ㄥ彲鑳藉嚭鐜扮┖寮曠敤銆?[F:\ProjectCode\OrlanFackeMicro\src\FakeMicro.DatabaseAccess\FakeMicro.DatabaseAccess.csproj]
         F:\ProjectCode\OrlanFackeMicro\src\FakeMicro.DatabaseAccess\MongoRepository.cs(496,27): warning CS8600: 灏?null 鏂囨湰鎴栧彲鑳界殑 null 鍊艰浆鎹负涓嶅彲涓?null 绫诲瀷銆?[F:\ProjectCode\OrlanFackeMicro\src\FakeMicro.DatabaseAccess\FakeMicro.DatabaseAccess.csproj]
         F:\ProjectCode\OrlanFackeMicro\src\FakeMicro.DatabaseAccess\MongoRepository.cs(497,76): warning CS8602: 瑙ｅ紩鐢ㄥ彲鑳藉嚭鐜扮┖寮曠敤銆?[F:\ProjectCode\OrlanFackeMicro\src\FakeMicro.DatabaseAccess\FakeMicro.DatabaseAccess.csproj]
         F:\ProjectCode\OrlanFackeMicro\src\FakeMicro.DatabaseAccess\Transaction\SqlSugarTransactionManager.cs(133,41): warning CS8601: 鍙兘鐨?null 寮曠敤璧嬪€笺€?[F:\ProjectCode\OrlanFackeMicro\src\FakeMicro.DatabaseAccess\FakeMicro.DatabaseAccess.csproj]
         F:\ProjectCode\OrlanFackeMicro\src\FakeMicro.DatabaseAccess\Transaction\SqlSugarTransactionManager.cs(143,17): warning CS8602: 瑙ｅ紩鐢ㄥ彲鑳藉嚭鐜扮┖寮曠敤銆?[F:\ProjectCode\OrlanFackeMicro\src\FakeMicro.DatabaseAccess\FakeMicro.DatabaseAccess.csproj]
         F:\ProjectCode\OrlanFackeMicro\src\FakeMicro.DatabaseAccess\Transaction\SqlSugarTransactionManager.cs(170,21): warning CS8602: 瑙ｅ紩鐢ㄥ彲鑳藉嚭鐜扮┖寮曠敤銆?[F:\ProjectCode\OrlanFackeMicro\src\FakeMicro.DatabaseAccess\FakeMicro.DatabaseAccess.csproj]
         F:\ProjectCode\OrlanFackeMicro\src\FakeMicro.DatabaseAccess\Transaction\SqlSugarTransactionManager.cs(206,45): warning CS8625: 鏃犳硶灏?null 瀛楅潰閲忚浆鎹负闈?null 鐨勫紩鐢ㄧ被鍨嬨€?[F:\ProjectCode\OrlanFackeMicro\src\FakeMicro.DatabaseAccess\FakeMicro.DatabaseAccess.csproj]
         F:\ProjectCode\OrlanFackeMicro\src\FakeMicro.DatabaseAccess\MongoRepository.cs(518,23): warning CS8600: 灏?null 鏂囨湰鎴栧彲鑳界殑 null 鍊艰浆鎹负涓嶅彲涓?null 绫诲瀷銆?[F:\ProjectCode\OrlanFackeMicro\src\FakeMicro.DatabaseAccess\FakeMicro.DatabaseAccess.csproj]
         F:\ProjectCode\OrlanFackeMicro\src\FakeMicro.DatabaseAccess\MongoRepository.cs(519,72): warning CS8602: 瑙ｅ紩鐢ㄥ彲鑳藉嚭鐜扮┖寮曠敤銆?[F:\ProjectCode\OrlanFackeMicro\src\FakeMicro.DatabaseAccess\FakeMicro.DatabaseAccess.csproj]
         F:\ProjectCode\OrlanFackeMicro\src\FakeMicro.DatabaseAccess\MongoRepository.cs(555,27): warning CS8600: 灏?null 鏂囨湰鎴栧彲鑳界殑 null 鍊艰浆鎹负涓嶅彲涓?null 绫诲瀷銆?[F:\ProjectCode\OrlanFackeMicro\src\FakeMicro.DatabaseAccess\FakeMicro.DatabaseAccess.csproj]
         F:\ProjectCode\OrlanFackeMicro\src\FakeMicro.DatabaseAccess\MongoRepository.cs(584,31): warning CS8600: 灏?null 鏂囨湰鎴栧彲鑳界殑 null 鍊艰浆鎹负涓嶅彲涓?null 绫诲瀷銆?[F:\ProjectCode\OrlanFackeMicro\src\FakeMicro.DatabaseAccess\FakeMicro.DatabaseAccess.csproj]
         F:\ProjectCode\OrlanFackeMicro\src\FakeMicro.DatabaseAccess\Repositories\Mongo\MongoQueryBuilder.cs(65,24): warning CS8603: 鍙兘杩斿洖 null 寮曠敤銆?[F:\ProjectCode\OrlanFackeMicro\src\FakeMicro.DatabaseAccess\FakeMicro.DatabaseAccess.csproj]
         F:\ProjectCode\OrlanFackeMicro\src\FakeMicro.DatabaseAccess\Repositories\Mongo\MongoQueryBuilder.cs(96,28): warning CS8603: 鍙兘杩斿洖 null 寮曠敤銆?[F:\ProjectCode\OrlanFackeMicro\src\FakeMicro.DatabaseAccess\FakeMicro.DatabaseAccess.csproj]
         F:\ProjectCode\OrlanFackeMicro\src\FakeMicro.DatabaseAccess\Repositories\Mongo\MongoQueryBuilder.cs(104,28): warning CS8603: 鍙兘杩斿洖 null 寮曠敤銆?[F:\ProjectCode\OrlanFackeMicro\src\FakeMicro.DatabaseAccess\FakeMicro.DatabaseAccess.csproj]
         F:\ProjectCode\OrlanFackeMicro\src\FakeMicro.DatabaseAccess\Repositories\Mongo\MongoQueryBuilder.cs(106,28): warning CS8603: 鍙兘杩斿洖 null 寮曠敤銆?[F:\ProjectCode\OrlanFackeMicro\src\FakeMicro.DatabaseAccess\FakeMicro.DatabaseAccess.csproj]
         F:\ProjectCode\OrlanFackeMicro\src\FakeMicro.DatabaseAccess\Repositories\Mongo\MongoQueryBuilder.cs(116,24): warning CS8603: 鍙兘杩斿洖 null 寮曠敤銆?[F:\ProjectCode\OrlanFackeMicro\src\FakeMicro.DatabaseAccess\FakeMicro.DatabaseAccess.csproj]
         F:\ProjectCode\OrlanFackeMicro\src\FakeMicro.DatabaseAccess\Repositories\Mongo\MongoQueryBuilder.cs(128,28): warning CS8603: 鍙兘杩斿洖 null 寮曠敤銆?[F:\ProjectCode\OrlanFackeMicro\src\FakeMicro.DatabaseAccess\FakeMicro.DatabaseAccess.csproj]
         F:\ProjectCode\OrlanFackeMicro\src\FakeMicro.DatabaseAccess\Repositories\Mongo\MongoQueryBuilder.cs(132,20): warning CS8603: 鍙兘杩斿洖 null 寮曠敤銆?[F:\ProjectCode\OrlanFackeMicro\src\FakeMicro.DatabaseAccess\FakeMicro.DatabaseAccess.csproj]
         F:\ProjectCode\OrlanFackeMicro\src\FakeMicro.DatabaseAccess\MongoRepository.cs(744,49): warning CS8602: 瑙ｅ紩鐢ㄥ彲鑳藉嚭鐜扮┖寮曠敤銆?[F:\ProjectCode\OrlanFackeMicro\src\FakeMicro.DatabaseAccess\FakeMicro.DatabaseAccess.csproj]
         F:\ProjectCode\OrlanFackeMicro\src\FakeMicro.DatabaseAccess\MongoRepository.cs(985,30): warning CS0168: 澹版槑浜嗗彉閲忊€渆x鈥濓紝浣嗕粠鏈娇鐢ㄨ繃 [F:\ProjectCode\OrlanFackeMicro\src\FakeMicro.DatabaseAccess\FakeMicro.DatabaseAccess.csproj]
         F:\ProjectCode\OrlanFackeMicro\src\FakeMicro.DatabaseAccess\MongoRepository.cs(1018,30): warning CS0168: 澹版槑浜嗗彉閲忊€渆x鈥濓紝浣嗕粠鏈娇鐢ㄨ繃 [F:\ProjectCode\OrlanFackeMicro\src\FakeMicro.DatabaseAccess\FakeMicro.DatabaseAccess.csproj]
         F:\ProjectCode\OrlanFackeMicro\src\FakeMicro.DatabaseAccess\MongoRepository.cs(1091,57): warning CS8602: 瑙ｅ紩鐢ㄥ彲鑳藉嚭鐜扮┖寮曠敤銆?[F:\ProjectCode\OrlanFackeMicro\src\FakeMicro.DatabaseAccess\FakeMicro.DatabaseAccess.csproj]
         F:\ProjectCode\OrlanFackeMicro\src\FakeMicro.DatabaseAccess\MongoRepository.cs(1139,49): warning CS8602: 瑙ｅ紩鐢ㄥ彲鑳藉嚭鐜扮┖寮曠敤銆?[F:\ProjectCode\OrlanFackeMicro\src\FakeMicro.DatabaseAccess\FakeMicro.DatabaseAccess.csproj]
         F:\ProjectCode\OrlanFackeMicro\src\FakeMicro.DatabaseAccess\MongoRepository.cs(1408,23): warning CS8600: 灏?null 鏂囨湰鎴栧彲鑳界殑 null 鍊艰浆鎹负涓嶅彲涓?null 绫诲瀷銆?[F:\ProjectCode\OrlanFackeMicro\src\FakeMicro.DatabaseAccess\FakeMicro.DatabaseAccess.csproj]
         F:\ProjectCode\OrlanFackeMicro\src\FakeMicro.DatabaseAccess\MongoRepository.cs(1458,16): warning CS8603: 鍙兘杩斿洖 null 寮曠敤銆?[F:\ProjectCode\OrlanFackeMicro\src\FakeMicro.DatabaseAccess\FakeMicro.DatabaseAccess.csproj]


       鈥淔:\ProjectCode\OrlanFackeMicro\FakeMicro.sln鈥?榛樿鐩爣) (1:2) ->
       鈥淔:\ProjectCode\OrlanFackeMicro\src\FakeMicro.DatabaseAccess\FakeMicro.DatabaseAccess.csproj鈥?榛樿鐩爣) (4:9) ->
       (CoreCompile 鐩爣) -> 
         F:\ProjectCode\OrlanFackeMicro\src\FakeMicro.DatabaseAccess\MongoDbRepositoryCreationStrategy.cs(55,16): error CS0266: 鏃犳硶灏嗙被鍨嬧€淔akeMicro.DatabaseAccess.MongoRepository<TEntity, TKey>鈥濋殣寮忚浆鎹负鈥淔akeMicro.DatabaseAccess.Interfaces.IRepository<TEntity, TKey>鈥濄€傚瓨鍦ㄤ竴涓樉寮忚浆鎹?鏄惁缂哄皯寮哄埗杞崲?) [F:\ProjectCode\OrlanFackeMicro\src\FakeMicro.DatabaseAccess\FakeMicro.DatabaseAccess.csproj]
         F:\ProjectCode\OrlanFackeMicro\src\FakeMicro.DatabaseAccess\MongoRepositoryFactory.cs(141,16): error CS0266: 鏃犳硶灏嗙被鍨嬧€淔akeMicro.DatabaseAccess.Interfaces.IMongoRepository<TEntity, TKey>鈥濋殣寮忚浆鎹负鈥淔akeMicro.DatabaseAccess.Interfaces.IRepository<TEntity, TKey>鈥濄€傚瓨鍦ㄤ竴涓樉寮忚浆鎹?鏄惁缂哄皯寮哄埗杞崲?) [F:\ProjectCode\OrlanFackeMicro\src\FakeMicro.DatabaseAccess\FakeMicro.DatabaseAccess.csproj]
         F:\ProjectCode\OrlanFackeMicro\src\FakeMicro.DatabaseAccess\MongoDBServiceCollectionExtensions.cs(61,35): error CS0246: 鏈兘鎵惧埌绫诲瀷鎴栧懡鍚嶇┖闂村悕鈥淚MongoActRepository<,>鈥?鏄惁缂哄皯 using 鎸囦护鎴栫▼搴忛泦寮曠敤?) [F:\ProjectCode\OrlanFackeMicro\src\FakeMicro.DatabaseAccess\FakeMicro.DatabaseAccess.csproj]
         F:\ProjectCode\OrlanFackeMicro\src\FakeMicro.DatabaseAccess\MongoDBServiceCollectionExtensions.cs(61,67): error CS0246: 鏈兘鎵惧埌绫诲瀷鎴栧懡鍚嶇┖闂村悕鈥淢ongoActRepository<,>鈥?鏄惁缂哄皯 using 鎸囦护鎴栫▼搴忛泦寮曠敤?) [F:\ProjectCode\OrlanFackeMicro\src\FakeMicro.DatabaseAccess\FakeMicro.DatabaseAccess.csproj]
         F:\ProjectCode\OrlanFackeMicro\src\FakeMicro.DatabaseAccess\MongoDBServiceCollectionExtensions.cs(62,28): error CS0246: 鏈兘鎵惧埌绫诲瀷鎴栧懡鍚嶇┖闂村悕鈥淚MongoActRepository鈥?鏄惁缂哄皯 using 鎸囦护鎴栫▼搴忛泦寮曠敤?) [F:\ProjectCode\OrlanFackeMicro\src\FakeMicro.DatabaseAccess\FakeMicro.DatabaseAccess.csproj]
         F:\ProjectCode\OrlanFackeMicro\src\FakeMicro.DatabaseAccess\MongoDBServiceCollectionExtensions.cs(62,49): error CS0246: 鏈兘鎵惧埌绫诲瀷鎴栧懡鍚嶇┖闂村悕鈥淢ongoActRepository鈥?鏄惁缂哄皯 using 鎸囦护鎴栫▼搴忛泦寮曠敤?) [F:\ProjectCode\OrlanFackeMicro\src\FakeMicro.DatabaseAccess\FakeMicro.DatabaseAccess.csproj]
         F:\ProjectCode\OrlanFackeMicro\src\FakeMicro.DatabaseAccess\MongoRepositoryFactory.cs(152,60): error CS1503: 鍙傛暟 1: 鏃犳硶浠庘€淔akeMicro.DatabaseAccess.Interfaces.IMongoRepository<TEntity, TKey>鈥濊浆鎹负鈥淔akeMicro.DatabaseAccess.Interfaces.IRepository<TEntity, TKey>鈥?[F:\ProjectCode\OrlanFackeMicro\src\FakeMicro.DatabaseAccess\FakeMicro.DatabaseAccess.csproj]
         F:\ProjectCode\OrlanFackeMicro\src\FakeMicro.DatabaseAccess\MongoRepositoryFactory.cs(168,16): error CS0266: 鏃犳硶灏嗙被鍨嬧€淔akeMicro.DatabaseAccess.Interfaces.IMongoRepository<TEntity, TKey>鈥濋殣寮忚浆鎹负鈥淔akeMicro.DatabaseAccess.Interfaces.IRepository<TEntity, TKey>鈥濄€傚瓨鍦ㄤ竴涓樉寮忚浆鎹?鏄惁缂哄皯寮哄埗杞崲?) [F:\ProjectCode\OrlanFackeMicro\src\FakeMicro.DatabaseAccess\FakeMicro.DatabaseAccess.csproj]
         F:\ProjectCode\OrlanFackeMicro\src\FakeMicro.DatabaseAccess\MongoRepositoryFactory.cs(184,60): error CS1503: 鍙傛暟 1: 鏃犳硶浠庘€淔akeMicro.DatabaseAccess.Interfaces.IMongoRepository<TEntity, TKey>鈥濊浆鎹负鈥淔akeMicro.DatabaseAccess.Interfaces.IRepository<TEntity, TKey>鈥?[F:\ProjectCode\OrlanFackeMicro\src\FakeMicro.DatabaseAccess\FakeMicro.DatabaseAccess.csproj]
         F:\ProjectCode\OrlanFackeMicro\src\FakeMicro.DatabaseAccess\MongoRepository.cs(188,36): error CS0103: 褰撳墠涓婁笅鏂囦腑涓嶅瓨鍦ㄥ悕绉扳€淿db鈥?[F:\ProjectCode\OrlanFackeMicro\src\FakeMicro.DatabaseAccess\FakeMicro.DatabaseAccess.csproj]
         F:\ProjectCode\OrlanFackeMicro\src\FakeMicro.DatabaseAccess\MongoRepository.cs(192,66): error CS0103: 褰撳墠涓婁笅鏂囦腑涓嶅瓨鍦ㄥ悕绉扳€淿db鈥?[F:\ProjectCode\OrlanFackeMicro\src\FakeMicro.DatabaseAccess\FakeMicro.DatabaseAccess.csproj]
         F:\ProjectCode\OrlanFackeMicro\src\FakeMicro.DatabaseAccess\Repositories\ManagerVersionRepository.cs(24,20): error CS1503: 鍙傛暟 1: 鏃犳硶浠庘€淪qlSugar.ISqlSugarClient鈥濊浆鎹负鈥淢ongoDB.Driver.MongoClient鈥?[F:\ProjectCode\OrlanFackeMicro\src\FakeMicro.DatabaseAccess\FakeMicro.DatabaseAccess.csproj]
         F:\ProjectCode\OrlanFackeMicro\src\FakeMicro.DatabaseAccess\Repositories\MongoFakeNewsRepository.cs(37,20): error CS1503: 鍙傛暟 1: 鏃犳硶浠庘€淪qlSugar.ISqlSugarClient鈥濊浆鎹负鈥淢ongoDB.Driver.MongoClient鈥?[F:\ProjectCode\OrlanFackeMicro\src\FakeMicro.DatabaseAccess\FakeMicro.DatabaseAccess.csproj]

    124 涓鍛?
    13 涓敊璇?

宸茬敤鏃堕棿 00:00:08.10
